Archive member included to satisfy reference by file (symbol)

C:/ST/STM32CubeIDE_1.15.1/STM32CubeIDE/plugins/com.st.stm32cube.ide.mcu.externaltools.gnu-tools-for-stm32.13.3.rel1.win32_1.0.100.202509120712/tools/bin/../lib/gcc/arm-none-eabi/13.3.1/../../../../arm-none-eabi/lib/thumb/v7-m/nofp\libc_nano.a(libc_a-exit.o)
                              C:/ST/STM32CubeIDE_1.15.1/STM32CubeIDE/plugins/com.st.stm32cube.ide.mcu.externaltools.gnu-tools-for-stm32.13.3.rel1.win32_1.0.100.202509120712/tools/bin/../lib/gcc/arm-none-eabi/13.3.1/../../../../arm-none-eabi/lib/thumb/v7-m/nofp/crt0.o (exit)
C:/ST/STM32CubeIDE_1.15.1/STM32CubeIDE/plugins/com.st.stm32cube.ide.mcu.externaltools.gnu-tools-for-stm32.13.3.rel1.win32_1.0.100.202509120712/tools/bin/../lib/gcc/arm-none-eabi/13.3.1/../../../../arm-none-eabi/lib/thumb/v7-m/nofp\libc_nano.a(libc_a-findfp.o)
                              C:/ST/STM32CubeIDE_1.15.1/STM32CubeIDE/plugins/com.st.stm32cube.ide.mcu.externaltools.gnu-tools-for-stm32.13.3.rel1.win32_1.0.100.202509120712/tools/bin/../lib/gcc/arm-none-eabi/13.3.1/../../../../arm-none-eabi/lib/thumb/v7-m/nofp\libc_nano.a(libc_a-exit.o) (__stdio_exit_handler)
C:/ST/STM32CubeIDE_1.15.1/STM32CubeIDE/plugins/com.st.stm32cube.ide.mcu.externaltools.gnu-tools-for-stm32.13.3.rel1.win32_1.0.100.202509120712/tools/bin/../lib/gcc/arm-none-eabi/13.3.1/../../../../arm-none-eabi/lib/thumb/v7-m/nofp\libc_nano.a(libc_a-fwalk.o)
                              C:/ST/STM32CubeIDE_1.15.1/STM32CubeIDE/plugins/com.st.stm32cube.ide.mcu.externaltools.gnu-tools-for-stm32.13.3.rel1.win32_1.0.100.202509120712/tools/bin/../lib/gcc/arm-none-eabi/13.3.1/../../../../arm-none-eabi/lib/thumb/v7-m/nofp\libc_nano.a(libc_a-findfp.o) (_fwalk_sglue)
C:/ST/STM32CubeIDE_1.15.1/STM32CubeIDE/plugins/com.st.stm32cube.ide.mcu.externaltools.gnu-tools-for-stm32.13.3.rel1.win32_1.0.100.202509120712/tools/bin/../lib/gcc/arm-none-eabi/13.3.1/../../../../arm-none-eabi/lib/thumb/v7-m/nofp\libc_nano.a(libc_a-stdio.o)
                              C:/ST/STM32CubeIDE_1.15.1/STM32CubeIDE/plugins/com.st.stm32cube.ide.mcu.externaltools.gnu-tools-for-stm32.13.3.rel1.win32_1.0.100.202509120712/tools/bin/../lib/gcc/arm-none-eabi/13.3.1/../../../../arm-none-eabi/lib/thumb/v7-m/nofp\libc_nano.a(libc_a-findfp.o) (__sread)
C:/ST/STM32CubeIDE_1.15.1/STM32CubeIDE/plugins/com.st.stm32cube.ide.mcu.externaltools.gnu-tools-for-stm32.13.3.rel1.win32_1.0.100.202509120712/tools/bin/../lib/gcc/arm-none-eabi/13.3.1/../../../../arm-none-eabi/lib/thumb/v7-m/nofp\libc_nano.a(libc_a-memset.o)
                              C:/ST/STM32CubeIDE_1.15.1/STM32CubeIDE/plugins/com.st.stm32cube.ide.mcu.externaltools.gnu-tools-for-stm32.13.3.rel1.win32_1.0.100.202509120712/tools/bin/../lib/gcc/arm-none-eabi/13.3.1/../../../../arm-none-eabi/lib/thumb/v7-m/nofp/crt0.o (memset)
C:/ST/STM32CubeIDE_1.15.1/STM32CubeIDE/plugins/com.st.stm32cube.ide.mcu.externaltools.gnu-tools-for-stm32.13.3.rel1.win32_1.0.100.202509120712/tools/bin/../lib/gcc/arm-none-eabi/13.3.1/../../../../arm-none-eabi/lib/thumb/v7-m/nofp\libc_nano.a(libc_a-closer.o)
                              C:/ST/STM32CubeIDE_1.15.1/STM32CubeIDE/plugins/com.st.stm32cube.ide.mcu.externaltools.gnu-tools-for-stm32.13.3.rel1.win32_1.0.100.202509120712/tools/bin/../lib/gcc/arm-none-eabi/13.3.1/../../../../arm-none-eabi/lib/thumb/v7-m/nofp\libc_nano.a(libc_a-stdio.o) (_close_r)
C:/ST/STM32CubeIDE_1.15.1/STM32CubeIDE/plugins/com.st.stm32cube.ide.mcu.externaltools.gnu-tools-for-stm32.13.3.rel1.win32_1.0.100.202509120712/tools/bin/../lib/gcc/arm-none-eabi/13.3.1/../../../../arm-none-eabi/lib/thumb/v7-m/nofp\libc_nano.a(libc_a-reent.o)
                              C:/ST/STM32CubeIDE_1.15.1/STM32CubeIDE/plugins/com.st.stm32cube.ide.mcu.externaltools.gnu-tools-for-stm32.13.3.rel1.win32_1.0.100.202509120712/tools/bin/../lib/gcc/arm-none-eabi/13.3.1/../../../../arm-none-eabi/lib/thumb/v7-m/nofp\libc_nano.a(libc_a-closer.o) (errno)
C:/ST/STM32CubeIDE_1.15.1/STM32CubeIDE/plugins/com.st.stm32cube.ide.mcu.externaltools.gnu-tools-for-stm32.13.3.rel1.win32_1.0.100.202509120712/tools/bin/../lib/gcc/arm-none-eabi/13.3.1/../../../../arm-none-eabi/lib/thumb/v7-m/nofp\libc_nano.a(libc_a-impure.o)
                              C:/ST/STM32CubeIDE_1.15.1/STM32CubeIDE/plugins/com.st.stm32cube.ide.mcu.externaltools.gnu-tools-for-stm32.13.3.rel1.win32_1.0.100.202509120712/tools/bin/../lib/gcc/arm-none-eabi/13.3.1/../../../../arm-none-eabi/lib/thumb/v7-m/nofp\libc_nano.a(libc_a-reent.o) (_impure_ptr)
C:/ST/STM32CubeIDE_1.15.1/STM32CubeIDE/plugins/com.st.stm32cube.ide.mcu.externaltools.gnu-tools-for-stm32.13.3.rel1.win32_1.0.100.202509120712/tools/bin/../lib/gcc/arm-none-eabi/13.3.1/../../../../arm-none-eabi/lib/thumb/v7-m/nofp\libc_nano.a(libc_a-lseekr.o)
[...]
Memory Configuration

Name             Origin             Length             Attributes
RAM              0x20000000         0x00005000         xrw
FLASH            0x08000000         0x00020000         xr
*default*        0x00000000         0xffffffff

Linker script and memory map

LOAD C:/ST/STM32CubeIDE_1.15.1/STM32CubeIDE/plugins/com.st.stm32cube.ide.mcu.externaltools.gnu-tools-for-stm32.13.3.rel1.win32_1.0.100.202509120712/tools/bin/../lib/gcc/arm-none-eabi/13.3.1/thumb/v7-m/nofp/crti.o
LOAD C:/ST/STM32CubeIDE_1.15.1/STM32CubeIDE/plugins/com.st.stm32cube.ide.mcu.externaltools.gnu-tools-for-stm32.13.3.rel1.win32_1.0.100.202509120712/tools/bin/../lib/gcc/arm-none-eabi/13.3.1/thumb/v7-m/nofp/crtbegin.o
LOAD C:/ST/STM32CubeIDE_1.15.1/STM32CubeIDE/plugins/com.st.stm32cube.ide.mcu.externaltools.gnu-tools-for-stm32.13.3.rel1.win32_1.0.100.202509120712/tools/bin/../lib/gcc/arm-none-eabi/13.3.1/../../../../arm-none-eabi/lib/thumb/v7-m/nofp/crt0.o
LOAD ./Core/Src/adc.o
LOAD ./Core/Src/gpio.o
LOAD ./Core/Src/i2c.o
LOAD ./Core/Src/main.o
LOAD ./Core/Src/stm32f1xx_hal_msp.o
LOAD ./Core/Src/stm32f1xx_it.o
LOAD ./Core/Src/syscalls.o
LOAD ./Core/Src/sysmem.o
LOAD ./Core/Src/system_stm32f1xx.o
LOAD ./Core/Src/usart.o
LOAD ./Core/Startup/startup_stm32f103cbtx.o
LOAD ./Drivers/STM32F1xx_HAL_Driver/Src/stm32f1xx_hal.o
LOAD ./Drivers/STM32F1xx_HAL_Driver/Src/stm32f1xx_hal_adc.o
LOAD ./Drivers/STM32F1xx_HAL_Driver/Src/stm32f1xx_hal_adc_ex.o
LOAD ./Drivers/STM32F1xx_HAL_Driver/Src/stm32f1xx_hal_cortex.o
LOAD ./Drivers/STM32F1xx_HAL_Driver/Src/stm32f1xx_hal_dma.o
LOAD ./Drivers/STM32F1xx_HAL_Driver/Src/stm32f1xx_hal_exti.o
LOAD ./Drivers/STM32F1xx_HAL_Driver/Src/stm32f1xx_hal_flash.o
LOAD ./Drivers/STM32F1xx_HAL_Driver/Src/stm32f1xx_hal_flash_ex.o
LOAD ./Drivers/STM32F1xx_HAL_Driver/Src/stm32f1xx_hal_gpio.o
LOAD ./Drivers/STM32F1xx_HAL_Driver/Src/stm32f1xx_hal_gpio_ex.o
LOAD ./Drivers/STM32F1xx_HAL_Driver/Src/stm32f1xx_hal_i2c.o
LOAD ./Drivers/STM32F1xx_HAL_Driver/Src/stm32f1xx_hal_pcd.o
LOAD ./Drivers/STM32F1xx_HAL_Driver/Src/stm32f1xx_hal_pcd_ex.o
LOAD ./Drivers/STM32F1xx_HAL_Driver/Src/stm32f1xx_hal_pwr.o
LOAD ./Drivers/STM32F1xx_HAL_Driver/Src/stm32f1xx_hal_rcc.o
LOAD ./Drivers/STM32F1xx_HAL_Driver/Src/stm32f1xx_hal_rcc_ex.o
LOAD ./Drivers/STM32F1xx_HAL_Driver/Src/stm32f1xx_hal_uart.o
LOAD ./Drivers/STM32F1xx_HAL_Driver/Src/stm32f1xx_ll_usb.o
LOAD ./Drivers/TEP- Session 3 kit 1e/Src/Clavier_4X4.o
LOAD ./Drivers/TEP- Session 3 kit 1e/Src/Display.o
LOAD ./Drivers/TEP- Session 3 kit 1e/Src/PICCom.o
LOAD ./Drivers/TEP- Session 3 kit 1e/Src/app_robot.o
LOAD ./Drivers/TEP- Session 3 kit 1e/Src/balance.o
LOAD ./Drivers/TEP- Session 3 kit 1e/Src/ecran.o
LOAD ./Drivers/TEP- Session 3 kit 1e/Src/moteurs.o
LOAD ./Drivers/TEP- Session 3 kit 1e/Src/pince.o
LOAD ./Middlewares/ST/STM32_USB_Device_Library/Class/CDC/Src/usbd_cdc.o
LOAD ./Middlewares/ST/STM32_USB_Device_Library/Core/Src/usbd_core.o
LOAD ./Middlewares/ST/STM32_USB_Device_Library/Core/Src/usbd_ctlreq.o
LOAD ./Middlewares/ST/STM32_USB_Device_Library/Core/Src/usbd_ioreq.o
LOAD ./USB_DEVICE/App/usb_device.o
LOAD ./USB_DEVICE/App/usbd_cdc_if.o
LOAD ./USB_DEVICE/App/usbd_desc.o
LOAD ./USB_DEVICE/Target/usbd_conf.o
START GROUP
LOAD C:/ST/STM32CubeIDE_1.15.1/STM32CubeIDE/plugins/com.st.stm32cube.ide.mcu.externaltools.gnu-tools-for-stm32.13.3.rel1.win32_1.0.100.202509120712/tools/bin/../lib/gcc/arm-none-eabi/13.3.1/../../../../arm-none-eabi/lib/thumb/v7-m/nofp\libc_nano.a
LOAD C:/ST/STM32CubeIDE_1.15.1/STM32CubeIDE/plugins/com.st.stm32cube.ide.mcu.externaltools.gnu-tools-for-stm32.13.3.rel1.win32_1.0.100.202509120712/tools/bin/../lib/gcc/arm-none-eabi/13.3.1/../../../../arm-none-eabi/lib/thumb/v7-m/nofp\libm.a
END GROUP
START GROUP
LOAD C:/ST/STM32CubeIDE_1.15.1/STM32CubeIDE/plugins/com.st.stm32cube.ide.mcu.externaltools.gnu-tools-for-stm32.13.3.rel1.win32_1.0.100.202509120712/tools/bin/../lib/gcc/arm-none-eabi/13.3.1/thumb/v7-m/nofp\libgcc.a
LOAD C:/ST/STM32CubeIDE_1.15.1/STM32CubeIDE/plugins/com.st.stm32cube.ide.mcu.externaltools.gnu-tools-for-stm32.13.3.rel1.win32_1.0.100.202509120712/tools/bin/../lib/gcc/arm-none-eabi/13.3.1/../../../../arm-none-eabi/lib/thumb/v7-m/nofp\libc_nano.a
END GROUP
START GROUP
LOAD C:/ST/STM32CubeIDE_1.15.1/STM32CubeIDE/plugins/com.st.stm32cube.ide.mcu.externaltools.gnu-tools-for-stm32.13.3.rel1.win32_1.0.100.202509120712/tools/bin/../lib/gcc/arm-none-eabi/13.3.1/thumb/v7-m/nofp\libgcc.a
LOAD C:/ST/STM32CubeIDE_1.15.1/STM32CubeIDE/plugins/com.st.stm32cube.ide.mcu.externaltools.gnu-tools-for-stm32.13.3.rel1.win32_1.0.100.202509120712/tools/bin/../lib/gcc/arm-none-eabi/13.3.1/../../../../arm-none-eabi/lib/thumb/v7-m/nofp\libc_nano.a
LOAD C:/ST/STM32CubeIDE_1.15.1/STM32CubeIDE/plugins/com.st.stm32cube.ide.mcu.externaltools.gnu-tools-for-stm32.13.3.rel1.win32_1.0.100.202509120712/tools/bin/../lib/gcc/arm-none-eabi/13.3.1/../../../../arm-none-eabi/lib/thumb/v7-m/nofp\libnosys.a
END GROUP
START GROUP
LOAD C:/ST/STM32CubeIDE_1.15.1/STM32CubeIDE/plugins/com.st.stm32cube.ide.mcu.externaltools.gnu-tools-for-stm32.13.3.rel1.win32_1.0.100.202509120712/tools/bin/../lib/gcc/arm-none-eabi/13.3.1/thumb/v7-m/nofp\libgcc.a
LOAD C:/ST/STM32CubeIDE_1.15.1/STM32CubeIDE/plugins/com.st.stm32cube.ide.mcu.externaltools.gnu-tools-for-stm32.13.3.rel1.win32_1.0.100.202509120712/tools/bin/../lib/gcc/arm-none-eabi/13.3.1/../../../../arm-none-eabi/lib/thumb/v7-m/nofp\libc_nano.a
LOAD C:/ST/STM32CubeIDE_1.15.1/STM32CubeIDE/plugins/com.st.stm32cube.ide.mcu.externaltools.gnu-tools-for-stm32.13.3.rel1.win32_1.0.100.202509120712/tools/bin/../lib/gcc/arm-none-eabi/13.3.1/../../../../arm-none-eabi/lib/thumb/v7-m/nofp\libnosys.a
END GROUP
LOAD C:/ST/STM32CubeIDE_1.15.1/STM32CubeIDE/plugins/com.st.stm32cube.ide.mcu.externaltools.gnu-tools-for-stm32.13.3.rel1.win32_1.0.100.202509120712/tools/bin/../lib/gcc/arm-none-eabi/13.3.1/thumb/v7-m/nofp/crtend.o
LOAD C:/ST/STM32CubeIDE_1.15.1/STM32CubeIDE/plugins/com.st.stm32cube.ide.mcu.externaltools.gnu-tools-for-stm32.13.3.rel1.win32_1.0.100.202509120712/tools/bin/../lib/gcc/arm-none-eabi/13.3.1/thumb/v7-m/nofp/crtn.o
                0x20005000                        _estack = (ORIGIN (RAM) + LENGTH (RAM))
                0x00000200                        _Min_Heap_Size = 0x200
                0x00000400                        _Min_Stack_Size = 0x400

.isr_vector     0x08000000      0x10c
                0x08000000                        . = ALIGN (0x4)
 *(.isr_vector)
 .isr_vector    0x08000000      0x10c ./Core/Startup/startup_stm32f103cbtx.o
                0x08000000                g_pfnVectors
                0x0800010c                        . = ALIGN (0x4)

.text           0x0800010c     0x8cb4
                0x0800010c                        . = ALIGN (0x4)
 *(.text)
 .text          0x0800010c       0x40 C:/ST/STM32CubeIDE_1.15.1/STM32CubeIDE/plugins/com.st.stm32cube.ide.mcu.externaltools.gnu-tools-for-stm32.13.3.rel1.win32_1.0.100.202509120712/tools/bin/../lib/gcc/arm-none-eabi/13.3.1/thumb/v7-m/nofp/crtbegin.o
 *(.text*)
 .text.ADC_Read
                0x0800014c       0x40 ./Core/Src/adc.o
                0x0800014c                ADC_Read
 .text.ADC_ReadVoltage
                0x0800018c       0x34 ./Core/Src/adc.o
                0x0800018c                ADC_ReadVoltage
 .text.DisplayVoltage
                0x080001c0       0x30 ./Core/Src/adc.o
                0x080001c0                DisplayVoltage
 .text.MX_ADC1_Init
                0x080001f0       0x7c ./Core/Src/adc.o
                0x080001f0                MX_ADC1_Init
 .text.HAL_ADC_MspInit
                0x0800026c       0x78 ./Core/Src/adc.o
                0x0800026c                HAL_ADC_MspInit
 .text.MX_GPIO_Init
                0x080002e4      0x13c ./Core/Src/gpio.o
                0x080002e4                MX_GPIO_Init
 .text.MX_I2C1_Init
                0x08000420       0x5c ./Core/Src/i2c.o
                0x08000420                MX_I2C1_Init
 .text.HAL_I2C_MspInit
                0x0800047c       0x7c ./Core/Src/i2c.o
                0x0800047c                HAL_I2C_MspInit
 .text.main     0x080004f8       0xb0 ./Core/Src/main.o
                0x080004f8                main
 .text.SystemClock_Config
                0x080005a8       0xbc ./Core/Src/main.o
                0x080005a8                SystemClock_Config
 .text.Error_Handler
                0x08000664        0xc ./Core/Src/main.o
                0x08000664                Error_Handler
 .text.HAL_MspInit
                0x08000670       0x64 ./Core/Src/stm32f1xx_hal_msp.o
                0x08000670                HAL_MspInit
 .text.NMI_Handler
                0x080006d4        0x8 ./Core/Src/stm32f1xx_it.o
                0x080006d4                NMI_Handler
 .text.HardFault_Handler
                0x080006dc        0x8 ./Core/Src/stm32f1xx_it.o
                0x080006dc                HardFault_Handler
 .text.MemManage_Handler
                0x080006e4        0x8 ./Core/Src/stm32f1xx_it.o
                0x080006e4                MemManage_Handler
 .text.BusFault_Handler
                0x080006ec        0x8 ./Core/Src/stm32f1xx_it.o
                0x080006ec                BusFault_Handler
 .text.UsageFault_Handler
                0x080006f4        0x8 ./Core/Src/stm32f1xx_it.o
                0x080006f4                UsageFault_Handler
 .text.SVC_Handler
                0x080006fc        0xc ./Core/Src/stm32f1xx_it.o
                0x080006fc                SVC_Handler
 .text.DebugMon_Handler
                0x08000708        0xc ./Core/Src/stm32f1xx_it.o
                0x08000708                DebugMon_Handler
 .text.PendSV_Handler
                0x08000714        0xc ./Core/Src/stm32f1xx_it.o
                0x08000714                PendSV_Handler
 .text.SysTick_Handler
                0x08000720        0xc ./Core/Src/stm32f1xx_it.o
                0x08000720                SysTick_Handler
 .text.USB_LP_CAN1_RX0_IRQHandler
                0x0800072c       0x14 ./Core/Src/stm32f1xx_it.o
                0x0800072c                USB_LP_CAN1_RX0_IRQHandler
 .text.SystemInit
                0x08000740        0xc ./Core/Src/system_stm32f1xx.o
                0x08000740                SystemInit
 .text.MX_USART1_UART_Init
                0x0800074c       0x54 ./Core/Src/usart.o
                0x0800074c                MX_USART1_UART_Init
 .text.HAL_UART_MspInit
                0x080007a0       0x98 ./Core/Src/usart.o
                0x080007a0                HAL_UART_MspInit
 .text.Reset_Handler
                0x08000838       0x48 ./Core/Startup/startup_stm32f103cbtx.o
                0x08000838                Reset_Handler
 .text.Default_Handler
                0x08000880        0x2 ./Core/Startup/startup_stm32f103cbtx.o
                0x08000880                RTC_Alarm_IRQHandler
                0x08000880                EXTI2_IRQHandler
                0x08000880                TIM1_CC_IRQHandler
                0x08000880                PVD_IRQHandler
                0x08000880                EXTI3_IRQHandler
                0x08000880                EXTI0_IRQHandler
                0x08000880                I2C2_EV_IRQHandler
                0x08000880                ADC1_2_IRQHandler
                0x08000880                SPI1_IRQHandler
                0x08000880                TAMPER_IRQHandler
                0x08000880                DMA1_Channel4_IRQHandler
                0x08000880                USART3_IRQHandler
                0x08000880                RTC_IRQHandler
                0x08000880                DMA1_Channel7_IRQHandler
                0x08000880                CAN1_RX1_IRQHandler
                0x08000880                TIM4_IRQHandler
                0x08000880                I2C1_EV_IRQHandler
                0x08000880                DMA1_Channel6_IRQHandler
                0x08000880                TIM3_IRQHandler
                0x08000880                RCC_IRQHandler
                0x08000880                TIM1_TRG_COM_IRQHandler
                0x08000880                DMA1_Channel1_IRQHandler
                0x08000880                Default_Handler
                0x08000880                EXTI15_10_IRQHandler
                0x08000880                EXTI9_5_IRQHandler
                0x08000880                SPI2_IRQHandler
                0x08000880                DMA1_Channel5_IRQHandler
                0x08000880                EXTI4_IRQHandler
                0x08000880                USB_HP_CAN1_TX_IRQHandler
                0x08000880                DMA1_Channel3_IRQHandler
                0x08000880                TIM1_UP_IRQHandler
                0x08000880                WWDG_IRQHandler
                0x08000880                TIM2_IRQHandler
                0x08000880                TIM1_BRK_IRQHandler
                0x08000880                EXTI1_IRQHandler
                0x08000880                USART2_IRQHandler
                0x08000880                I2C2_ER_IRQHandler
                0x08000880                DMA1_Channel2_IRQHandler
                0x08000880                CAN1_SCE_IRQHandler
                0x08000880                FLASH_IRQHandler
                0x08000880                USART1_IRQHandler
                0x08000880                I2C1_ER_IRQHandler
                0x08000880                USBWakeUp_IRQHandler
 *fill*         0x08000882        0x2 
 .text.HAL_Init
                0x08000884       0x2c ./Drivers/STM32F1xx_HAL_Driver/Src/stm32f1xx_hal.o
                0x08000884                HAL_Init
 .text.HAL_InitTick
                0x080008b0       0x60 ./Drivers/STM32F1xx_HAL_Driver/Src/stm32f1xx_hal.o
                0x080008b0                HAL_InitTick
 .text.HAL_IncTick
                0x08000910       0x24 ./Drivers/STM32F1xx_HAL_Driver/Src/stm32f1xx_hal.o
                0x08000910                HAL_IncTick
 .text.HAL_GetTick
                0x08000934       0x14 ./Drivers/STM32F1xx_HAL_Driver/Src/stm32f1xx_hal.o
                0x08000934                HAL_GetTick
 .text.HAL_Delay
                0x08000948       0x48 ./Drivers/STM32F1xx_HAL_Driver/Src/stm32f1xx_hal.o
                0x08000948                HAL_Delay
 .text.HAL_ADC_Init
                0x08000990      0x1b0 ./Drivers/STM32F1xx_HAL_Driver/Src/stm32f1xx_hal_adc.o
                0x08000990                HAL_ADC_Init
 .text.HAL_ADC_Start
                0x08000b40      0x15c ./Drivers/STM32F1xx_HAL_Driver/Src/stm32f1xx_hal_adc.o
                0x08000b40                HAL_ADC_Start
 .text.HAL_ADC_Stop
                0x08000c9c       0x58 ./Drivers/STM32F1xx_HAL_Driver/Src/stm32f1xx_hal_adc.o
                0x08000c9c                HAL_ADC_Stop
 .text.HAL_ADC_PollForConversion
                0x08000cf4      0x20c ./Drivers/STM32F1xx_HAL_Driver/Src/stm32f1xx_hal_adc.o
                0x08000cf4                HAL_ADC_PollForConversion
 .text.HAL_ADC_GetValue
                0x08000f00       0x18 ./Drivers/STM32F1xx_HAL_Driver/Src/stm32f1xx_hal_adc.o
                0x08000f00                HAL_ADC_GetValue
 .text.HAL_ADC_ConfigChannel
                0x08000f18      0x1f0 ./Drivers/STM32F1xx_HAL_Driver/Src/stm32f1xx_hal_adc.o
                0x08000f18                HAL_ADC_ConfigChannel
 .text.ADC_Enable
                0x08001108       0xb4 ./Drivers/STM32F1xx_HAL_Driver/Src/stm32f1xx_hal_adc.o
                0x08001108                ADC_Enable
 .text.ADC_ConversionStop_Disable
                0x080011bc       0x82 ./Drivers/STM32F1xx_HAL_Driver/Src/stm32f1xx_hal_adc.o
                0x080011bc                ADC_ConversionStop_Disable
 *fill*         0x0800123e        0x2 
 .text.__NVIC_SetPriorityGrouping
                0x08001240       0x48 ./Drivers/STM32F1xx_HAL_Driver/Src/stm32f1xx_hal_cortex.o
 .text.__NVIC_GetPriorityGrouping
                0x08001288       0x1c ./Drivers/STM32F1xx_HAL_Driver/Src/stm32f1xx_hal_cortex.o
 .text.__NVIC_EnableIRQ
                0x080012a4       0x38 ./Drivers/STM32F1xx_HAL_Driver/Src/stm32f1xx_hal_cortex.o
 .text.__NVIC_SetPriority
                0x080012dc       0x54 ./Drivers/STM32F1xx_HAL_Driver/Src/stm32f1xx_hal_cortex.o
 .text.NVIC_EncodePriority
                0x08001330       0x64 ./Drivers/STM32F1xx_HAL_Driver/Src/stm32f1xx_hal_cortex.o
 .text.SysTick_Config
                0x08001394       0x44 ./Drivers/STM32F1xx_HAL_Driver/Src/stm32f1xx_hal_cortex.o
 .text.HAL_NVIC_SetPriorityGrouping
                0x080013d8       0x16 ./Drivers/STM32F1xx_HAL_Driver/Src/stm32f1xx_hal_cortex.o
                0x080013d8                HAL_NVIC_SetPriorityGrouping
 .text.HAL_NVIC_SetPriority
                0x080013ee       0x38 ./Drivers/STM32F1xx_HAL_Driver/Src/stm32f1xx_hal_cortex.o
                0x080013ee                HAL_NVIC_SetPriority
 .text.HAL_NVIC_EnableIRQ
                0x08001426       0x1c ./Drivers/STM32F1xx_HAL_Driver/Src/stm32f1xx_hal_cortex.o
                0x08001426                HAL_NVIC_EnableIRQ
 .text.HAL_SYSTICK_Config
                0x08001442       0x18 ./Drivers/STM32F1xx_HAL_Driver/Src/stm32f1xx_hal_cortex.o
                0x08001442                HAL_SYSTICK_Config
 *fill*         0x0800145a        0x2 
 .text.HAL_GPIO_Init
                0x0800145c      0x308 ./Drivers/STM32F1xx_HAL_Driver/Src/stm32f1xx_hal_gpio.o
                0x0800145c                HAL_GPIO_Init
 .text.HAL_GPIO_WritePin
                0x08001764       0x30 ./Drivers/STM32F1xx_HAL_Driver/Src/stm32f1xx_hal_gpio.o
                0x08001764                HAL_GPIO_WritePin
 .text.HAL_I2C_Init
                0x08001794      0x288 ./Drivers/STM32F1xx_HAL_Driver/Src/stm32f1xx_hal_i2c.o
                0x08001794                HAL_I2C_Init
 .text.HAL_PCD_Init
                0x08001a1c      0x1ec ./Drivers/STM32F1xx_HAL_Driver/Src/stm32f1xx_hal_pcd.o
                0x08001a1c                HAL_PCD_Init
 .text.HAL_PCD_Start
                0x08001c08       0x4c ./Drivers/STM32F1xx_HAL_Driver/Src/stm32f1xx_hal_pcd.o
                0x08001c08                HAL_PCD_Start
 .text.HAL_PCD_IRQHandler
                0x08001c54      0x260 ./Drivers/STM32F1xx_HAL_Driver/Src/stm32f1xx_hal_pcd.o
                0x08001c54                HAL_PCD_IRQHandler
 .text.HAL_PCD_SetAddress
                0x08001eb4       0x48 ./Drivers/STM32F1xx_HAL_Driver/Src/stm32f1xx_hal_pcd.o
                0x08001eb4                HAL_PCD_SetAddress
 .text.HAL_PCD_EP_Open
                0x08001efc       0xba ./Drivers/STM32F1xx_HAL_Driver/Src/stm32f1xx_hal_pcd.o
                0x08001efc                HAL_PCD_EP_Open
 .text.HAL_PCD_EP_Close
                0x08001fb6       0x90 ./Drivers/STM32F1xx_HAL_Driver/Src/stm32f1xx_hal_pcd.o
                0x08001fb6                HAL_PCD_EP_Close
 .text.HAL_PCD_EP_Receive
                0x08002046       0x62 ./Drivers/STM32F1xx_HAL_Driver/Src/stm32f1xx_hal_pcd.o
                0x08002046                HAL_PCD_EP_Receive
 .text.HAL_PCD_EP_GetRxCount
                0x080020a8       0x2e ./Drivers/STM32F1xx_HAL_Driver/Src/stm32f1xx_hal_pcd.o
                0x080020a8                HAL_PCD_EP_GetRxCount
 .text.HAL_PCD_EP_Transmit
                0x080020d6       0x6e ./Drivers/STM32F1xx_HAL_Driver/Src/stm32f1xx_hal_pcd.o
                0x080020d6                HAL_PCD_EP_Transmit
 .text.HAL_PCD_EP_SetStall
                0x08002144       0xc0 ./Drivers/STM32F1xx_HAL_Driver/Src/stm32f1xx_hal_pcd.o
                0x08002144                HAL_PCD_EP_SetStall
 .text.HAL_PCD_EP_ClrStall
                0x08002204       0xa8 ./Drivers/STM32F1xx_HAL_Driver/Src/stm32f1xx_hal_pcd.o
                0x08002204                HAL_PCD_EP_ClrStall
 .text.PCD_EP_ISR_Handler
                0x080022ac      0x79e ./Drivers/STM32F1xx_HAL_Driver/Src/stm32f1xx_hal_pcd.o
 .text.HAL_PCD_EP_DB_Receive
                0x08002a4a      0x21a ./Drivers/STM32F1xx_HAL_Driver/Src/stm32f1xx_hal_pcd.o
 .text.HAL_PCD_EP_DB_Transmit
                0x08002c64      0x7f4 ./Drivers/STM32F1xx_HAL_Driver/Src/stm32f1xx_hal_pcd.o
 .text.HAL_PCDEx_PMAConfig
                0x08003458       0x84 ./Drivers/STM32F1xx_HAL_Driver/Src/stm32f1xx_hal_pcd_ex.o
                0x08003458                HAL_PCDEx_PMAConfig
 .text.HAL_RCC_OscConfig
                0x080034dc      0x504 ./Drivers/STM32F1xx_HAL_Driver/Src/stm32f1xx_hal_rcc.o
                0x080034dc                HAL_RCC_OscConfig
 .text.HAL_RCC_ClockConfig
                0x080039e0      0x1d4 ./Drivers/STM32F1xx_HAL_Driver/Src/stm32f1xx_hal_rcc.o
                0x080039e0                HAL_RCC_ClockConfig
 .text.HAL_RCC_GetSysClockFreq
                0x08003bb4       0xa8 ./Drivers/STM32F1xx_HAL_Driver/Src/stm32f1xx_hal_rcc.o
                0x08003bb4                HAL_RCC_GetSysClockFreq
 .text.HAL_RCC_GetHCLKFreq
                0x08003c5c       0x14 ./Drivers/STM32F1xx_HAL_Driver/Src/stm32f1xx_hal_rcc.o
                0x08003c5c                HAL_RCC_GetHCLKFreq
 .text.HAL_RCC_GetPCLK1Freq
                0x08003c70       0x28 ./Drivers/STM32F1xx_HAL_Driver/Src/stm32f1xx_hal_rcc.o
                0x08003c70                HAL_RCC_GetPCLK1Freq
 .text.HAL_RCC_GetPCLK2Freq
                0x08003c98       0x28 ./Drivers/STM32F1xx_HAL_Driver/Src/stm32f1xx_hal_rcc.o
                0x08003c98                HAL_RCC_GetPCLK2Freq
 .text.RCC_Delay
                0x08003cc0       0x3c ./Drivers/STM32F1xx_HAL_Driver/Src/stm32f1xx_hal_rcc.o
 .text.HAL_RCCEx_PeriphCLKConfig
                0x08003cfc      0x16c ./Drivers/STM32F1xx_HAL_Driver/Src/stm32f1xx_hal_rcc_ex.o
                0x08003cfc                HAL_RCCEx_PeriphCLKConfig
 .text.HAL_RCCEx_GetPeriphCLKFreq
                0x08003e68      0x16c ./Drivers/STM32F1xx_HAL_Driver/Src/stm32f1xx_hal_rcc_ex.o
                0x08003e68                HAL_RCCEx_GetPeriphCLKFreq
 .text.HAL_UART_Init
                0x08003fd4       0xa0 ./Drivers/STM32F1xx_HAL_Driver/Src/stm32f1xx_hal_uart.o
                0x08003fd4                HAL_UART_Init
 .text.UART_SetConfig
                0x08004074      0x11c ./Drivers/STM32F1xx_HAL_Driver/Src/stm32f1xx_hal_uart.o
 .text.USB_CoreInit
                0x08004190       0x1a ./Drivers/STM32F1xx_HAL_Driver/Src/stm32f1xx_ll_usb.o
                0x08004190                USB_CoreInit
 .text.USB_EnableGlobalInt
                0x080041aa       0x2c ./Drivers/STM32F1xx_HAL_Driver/Src/stm32f1xx_ll_usb.o
                0x080041aa                USB_EnableGlobalInt
 .text.USB_DisableGlobalInt
                0x080041d6       0x34 ./Drivers/STM32F1xx_HAL_Driver/Src/stm32f1xx_ll_usb.o
                0x080041d6                USB_DisableGlobalInt
 .text.USB_SetCurrentMode
                0x0800420a       0x18 ./Drivers/STM32F1xx_HAL_Driver/Src/stm32f1xx_ll_usb.o
                0x0800420a                USB_SetCurrentMode
 .text.USB_DevInit
                0x08004222       0x3a ./Drivers/STM32F1xx_HAL_Driver/Src/stm32f1xx_ll_usb.o
                0x08004222                USB_DevInit
 .text.USB_ActivateEndpoint
                0x0800425c      0x780 ./Drivers/STM32F1xx_HAL_Driver/Src/stm32f1xx_ll_usb.o
                0x0800425c                USB_ActivateEndpoint
 .text.USB_DeactivateEndpoint
                0x080049dc      0x3d8 ./Drivers/STM32F1xx_HAL_Driver/Src/stm32f1xx_ll_usb.o
                0x080049dc                USB_DeactivateEndpoint
 .text.USB_EPStartXfer
                0x08004db4     0x1762 ./Drivers/STM32F1xx_HAL_Driver/Src/stm32f1xx_ll_usb.o
                0x08004db4                USB_EPStartXfer
 .text.USB_EPSetStall
                0x08006516       0xa0 ./Drivers/STM32F1xx_HAL_Driver/Src/stm32f1xx_ll_usb.o
                0x08006516                USB_EPSetStall
 .text.USB_EPClearStall
                0x080065b6      0x15a ./Drivers/STM32F1xx_HAL_Driver/Src/stm32f1xx_ll_usb.o
                0x080065b6                USB_EPClearStall
 .text.USB_SetDevAddress
                0x08006710       0x26 ./Drivers/STM32F1xx_HAL_Driver/Src/stm32f1xx_ll_usb.o
                0x08006710                USB_SetDevAddress
 .text.USB_DevConnect
                0x08006736       0x14 ./Drivers/STM32F1xx_HAL_Driver/Src/stm32f1xx_ll_usb.o
                0x08006736                USB_DevConnect
 .text.USB_DevDisconnect
                0x0800674a       0x14 ./Drivers/STM32F1xx_HAL_Driver/Src/stm32f1xx_ll_usb.o
                0x0800674a                USB_DevDisconnect
 .text.USB_ReadInterrupts
                0x0800675e       0x1e ./Drivers/STM32F1xx_HAL_Driver/Src/stm32f1xx_ll_usb.o
                0x0800675e                USB_ReadInterrupts
 .text.USB_EP0_OutStart
                0x0800677c       0x16 ./Drivers/STM32F1xx_HAL_Driver/Src/stm32f1xx_ll_usb.o
                0x0800677c                USB_EP0_OutStart
 .text.USB_WritePMA
                0x08006792       0x8c ./Drivers/STM32F1xx_HAL_Driver/Src/stm32f1xx_ll_usb.o
                0x08006792                USB_WritePMA
 .text.USB_ReadPMA
                0x0800681e       0x9e ./Drivers/STM32F1xx_HAL_Driver/Src/stm32f1xx_ll_usb.o
                0x0800681e                USB_ReadPMA
 .text.LCD_PrintDec_1Dig
                0x080068bc       0x32 ./Drivers/TEP- Session 3 kit 1e/Src/Display.o
                0x080068bc                LCD_PrintDec_1Dig
 *fill*         0x080068ee        0x2 
 .text.LCD_PrintDec
                0x080068f0       0x5c ./Drivers/TEP- Session 3 kit 1e/Src/Display.o
                0x080068f0                LCD_PrintDec
 .text.LCD_PrintHex
                0x0800694c       0x5a ./Drivers/TEP- Session 3 kit 1e/Src/Display.o
                0x0800694c                LCD_PrintHex
 *fill*         0x080069a6        0x2 
 .text.LCD_PrintBloc
                0x080069a8       0x58 ./Drivers/TEP- Session 3 kit 1e/Src/Display.o
                0x080069a8                LCD_PrintBloc
 .text.LCD_UpdateDisplay
                0x08006a00      0x194 ./Drivers/TEP- Session 3 kit 1e/Src/Display.o
                0x08006a00                LCD_UpdateDisplay
 .text.LCD_Init
                0x08006b94       0x8c ./Drivers/TEP- Session 3 kit 1e/Src/ecran.o
                0x08006b94                LCD_Init
 .text.LCD_Mode
                0x08006c20       0x38 ./Drivers/TEP- Session 3 kit 1e/Src/ecran.o
                0x08006c20                LCD_Mode
 .text.LCD_write4bits
                0x08006c58       0x8c ./Drivers/TEP- Session 3 kit 1e/Src/ecran.o
                0x08006c58                LCD_write4bits
 .text.LCD_command
                0x08006ce4       0x2e ./Drivers/TEP- Session 3 kit 1e/Src/ecran.o
                0x08006ce4                LCD_command
 .text.LCD_Clear
                0x08006d12       0x22 ./Drivers/TEP- Session 3 kit 1e/Src/ecran.o
                0x08006d12                LCD_Clear
 .text.LCD_Char
                0x08006d34       0x34 ./Drivers/TEP- Session 3 kit 1e/Src/ecran.o
                0x08006d34                LCD_Char
 .text.LCD_String
                0x08006d68       0x3e ./Drivers/TEP- Session 3 kit 1e/Src/ecran.o
                0x08006d68                LCD_String
 .text.LCD_CustomChar
                0x08006da6       0x48 ./Drivers/TEP- Session 3 kit 1e/Src/ecran.o
                0x08006da6                LCD_CustomChar
 .text.USBD_CDC_Init
                0x08006dee       0xf4 ./Middlewares/ST/STM32_USB_Device_Library/Class/CDC/Src/usbd_cdc.o
 .text.USBD_CDC_DeInit
                0x08006ee2       0x6e ./Middlewares/ST/STM32_USB_Device_Library/Class/CDC/Src/usbd_cdc.o
 .text.USBD_CDC_Setup
                0x08006f50      0x146 ./Middlewares/ST/STM32_USB_Device_Library/Class/CDC/Src/usbd_cdc.o
 .text.USBD_CDC_DataIn
                0x08007096       0xa6 ./Middlewares/ST/STM32_USB_Device_Library/Class/CDC/Src/usbd_cdc.o
 .text.USBD_CDC_DataOut
                0x0800713c       0x56 ./Middlewares/ST/STM32_USB_Device_Library/Class/CDC/Src/usbd_cdc.o
 .text.USBD_CDC_EP0_RxReady
                0x08007192       0x4e ./Middlewares/ST/STM32_USB_Device_Library/Class/CDC/Src/usbd_cdc.o
 .text.USBD_CDC_GetFSCfgDesc
                0x080071e0       0x20 ./Middlewares/ST/STM32_USB_Device_Library/Class/CDC/Src/usbd_cdc.o
 .text.USBD_CDC_GetHSCfgDesc
                0x08007200       0x20 ./Middlewares/ST/STM32_USB_Device_Library/Class/CDC/Src/usbd_cdc.o
 .text.USBD_CDC_GetOtherSpeedCfgDesc
                0x08007220       0x20 ./Middlewares/ST/STM32_USB_Device_Library/Class/CDC/Src/usbd_cdc.o
 .text.USBD_CDC_GetDeviceQualifierDescriptor
                0x08007240       0x20 ./Middlewares/ST/STM32_USB_Device_Library/Class/CDC/Src/usbd_cdc.o
                0x08007240                USBD_CDC_GetDeviceQualifierDescriptor
 .text.USBD_CDC_RegisterInterface
                0x08007260       0x2c ./Middlewares/ST/STM32_USB_Device_Library/Class/CDC/Src/usbd_cdc.o
                0x08007260                USBD_CDC_RegisterInterface
 .text.USBD_CDC_SetTxBuffer
                0x0800728c       0x32 ./Middlewares/ST/STM32_USB_Device_Library/Class/CDC/Src/usbd_cdc.o
                0x0800728c                USBD_CDC_SetTxBuffer
 .text.USBD_CDC_SetRxBuffer
                0x080072be       0x26 ./Middlewares/ST/STM32_USB_Device_Library/Class/CDC/Src/usbd_cdc.o
                0x080072be                USBD_CDC_SetRxBuffer
 .text.USBD_CDC_ReceivePacket
                0x080072e4       0x54 ./Middlewares/ST/STM32_USB_Device_Library/Class/CDC/Src/usbd_cdc.o
                0x080072e4                USBD_CDC_ReceivePacket
 .text.USBD_Init
                0x08007338       0x56 ./Middlewares/ST/STM32_USB_Device_Library/Core/Src/usbd_core.o
                0x08007338                USBD_Init
 .text.USBD_RegisterClass
                0x0800738e       0x32 ./Middlewares/ST/STM32_USB_Device_Library/Core/Src/usbd_core.o
                0x0800738e                USBD_RegisterClass
 .text.USBD_Start
                0x080073c0       0x18 ./Middlewares/ST/STM32_USB_Device_Library/Core/Src/usbd_core.o
                0x080073c0                USBD_Start
 .text.USBD_RunTestMode
                0x080073d8       0x14 ./Middlewares/ST/STM32_USB_Device_Library/Core/Src/usbd_core.o
                0x080073d8                USBD_RunTestMode
 .text.USBD_SetClassConfig
                0x080073ec       0x3e ./Middlewares/ST/STM32_USB_Device_Library/Core/Src/usbd_core.o
                0x080073ec                USBD_SetClassConfig
 .text.USBD_ClrClassConfig
                0x0800742a       0x26 ./Middlewares/ST/STM32_USB_Device_Library/Core/Src/usbd_core.o
                0x0800742a                USBD_ClrClassConfig
 .text.USBD_LL_SetupStage
                0x08007450       0x9a ./Middlewares/ST/STM32_USB_Device_Library/Core/Src/usbd_core.o
                0x08007450                USBD_LL_SetupStage
 .text.USBD_LL_DataOutStage
                0x080074ea       0xe2 ./Middlewares/ST/STM32_USB_Device_Library/Core/Src/usbd_core.o
                0x080074ea                USBD_LL_DataOutStage
 .text.USBD_LL_DataInStage
                0x080075cc      0x14a ./Middlewares/ST/STM32_USB_Device_Library/Core/Src/usbd_core.o
                0x080075cc                USBD_LL_DataInStage
 .text.USBD_LL_Reset
                0x08007716       0x82 ./Middlewares/ST/STM32_USB_Device_Library/Core/Src/usbd_core.o
                0x08007716                USBD_LL_Reset
 .text.USBD_LL_SetSpeed
                0x08007798       0x1e ./Middlewares/ST/STM32_USB_Device_Library/Core/Src/usbd_core.o
                0x08007798                USBD_LL_SetSpeed
 .text.USBD_LL_Suspend
                0x080077b6       0x28 ./Middlewares/ST/STM32_USB_Device_Library/Core/Src/usbd_core.o
                0x080077b6                USBD_LL_Suspend
 .text.USBD_LL_Resume
                0x080077de       0x2a ./Middlewares/ST/STM32_USB_Device_Library/Core/Src/usbd_core.o
                0x080077de                USBD_LL_Resume
 .text.USBD_LL_SOF
                0x08007808       0x34 ./Middlewares/ST/STM32_USB_Device_Library/Core/Src/usbd_core.o
                0x08007808                USBD_LL_SOF
 .text.USBD_StdDevReq
                0x0800783c       0xd4 ./Middlewares/ST/STM32_USB_Device_Library/Core/Src/usbd_ctlreq.o
                0x0800783c                USBD_StdDevReq
 .text.USBD_StdItfReq
                0x08007910       0x90 ./Middlewares/ST/STM32_USB_Device_Library/Core/Src/usbd_ctlreq.o
                0x08007910                USBD_StdItfReq
 .text.USBD_StdEPReq
                0x080079a0      0x2c6 ./Middlewares/ST/STM32_USB_Device_Library/Core/Src/usbd_ctlreq.o
                0x080079a0                USBD_StdEPReq
 *fill*         0x08007c66        0x2 
 .text.USBD_GetDescriptor
                0x08007c68      0x2d0 ./Middlewares/ST/STM32_USB_Device_Library/Core/Src/usbd_ctlreq.o
 .text.USBD_SetAddress
                0x08007f38       0x86 ./Middlewares/ST/STM32_USB_Device_Library/Core/Src/usbd_ctlreq.o
 *fill*         0x08007fbe        0x2 
 .text.USBD_SetConfig
                0x08007fc0      0x11c ./Middlewares/ST/STM32_USB_Device_Library/Core/Src/usbd_ctlreq.o
 .text.USBD_GetConfig
                0x080080dc       0x6a ./Middlewares/ST/STM32_USB_Device_Library/Core/Src/usbd_ctlreq.o
 .text.USBD_GetStatus
                0x08008146       0x66 ./Middlewares/ST/STM32_USB_Device_Library/Core/Src/usbd_ctlreq.o
 .text.USBD_SetFeature
                0x080081ac       0x28 ./Middlewares/ST/STM32_USB_Device_Library/Core/Src/usbd_ctlreq.o
 .text.USBD_ClrFeature
                0x080081d4       0x42 ./Middlewares/ST/STM32_USB_Device_Library/Core/Src/usbd_ctlreq.o
 .text.USBD_ParseSetupRequest
                0x08008216       0x72 ./Middlewares/ST/STM32_USB_Device_Library/Core/Src/usbd_ctlreq.o
                0x08008216                USBD_ParseSetupRequest
 .text.USBD_CtlError
                0x08008288       0x22 ./Middlewares/ST/STM32_USB_Device_Library/Core/Src/usbd_ctlreq.o
                0x08008288                USBD_CtlError
 .text.USBD_GetString
                0x080082aa       0x84 ./Middlewares/ST/STM32_USB_Device_Library/Core/Src/usbd_ctlreq.o
                0x080082aa                USBD_GetString
 .text.USBD_GetLen
                0x0800832e       0x2e ./Middlewares/ST/STM32_USB_Device_Library/Core/Src/usbd_ctlreq.o
 .text.USBD_CtlSendData
                0x0800835c       0x38 ./Middlewares/ST/STM32_USB_Device_Library/Core/Src/usbd_ioreq.o
                0x0800835c                USBD_CtlSendData
 .text.USBD_CtlContinueSendData
                0x08008394       0x24 ./Middlewares/ST/STM32_USB_Device_Library/Core/Src/usbd_ioreq.o
                0x08008394                USBD_CtlContinueSendData
 .text.USBD_CtlPrepareRx
                0x080083b8       0x3c ./Middlewares/ST/STM32_USB_Device_Library/Core/Src/usbd_ioreq.o
                0x080083b8                USBD_CtlPrepareRx
 .text.USBD_CtlContinueRx
                0x080083f4       0x24 ./Middlewares/ST/STM32_USB_Device_Library/Core/Src/usbd_ioreq.o
                0x080083f4                USBD_CtlContinueRx
 .text.USBD_CtlSendStatus
                0x08008418       0x26 ./Middlewares/ST/STM32_USB_Device_Library/Core/Src/usbd_ioreq.o
                0x08008418                USBD_CtlSendStatus
 .text.USBD_CtlReceiveStatus
                0x0800843e       0x26 ./Middlewares/ST/STM32_USB_Device_Library/Core/Src/usbd_ioreq.o
                0x0800843e                USBD_CtlReceiveStatus
 .text.MX_USB_DEVICE_Init
                0x08008464       0x60 ./USB_DEVICE/App/usb_device.o
                0x08008464                MX_USB_DEVICE_Init
 .text.CDC_Init_FS
                0x080084c4       0x28 ./USB_DEVICE/App/usbd_cdc_if.o
 .text.CDC_DeInit_FS
                0x080084ec        0xe ./USB_DEVICE/App/usbd_cdc_if.o
 *fill*         0x080084fa        0x2 
 .text.CDC_Control_FS
                0x080084fc       0xbc ./USB_DEVICE/App/usbd_cdc_if.o
 .text.CDC_Receive_FS
                0x080085b8       0x28 ./USB_DEVICE/App/usbd_cdc_if.o
 .text.USBD_FS_DeviceDescriptor
                0x080085e0       0x24 ./USB_DEVICE/App/usbd_desc.o
                0x080085e0                USBD_FS_DeviceDescriptor
 .text.USBD_FS_LangIDStrDescriptor
                0x08008604       0x24 ./USB_DEVICE/App/usbd_desc.o
                0x08008604                USBD_FS_LangIDStrDescriptor
 .text.USBD_FS_ProductStrDescriptor
                0x08008628       0x3c ./USB_DEVICE/App/usbd_desc.o
                0x08008628                USBD_FS_ProductStrDescriptor
 .text.USBD_FS_ManufacturerStrDescriptor
                0x08008664       0x28 ./USB_DEVICE/App/usbd_desc.o
                0x08008664                USBD_FS_ManufacturerStrDescriptor
 .text.USBD_FS_SerialStrDescriptor
                0x0800868c       0x24 ./USB_DEVICE/App/usbd_desc.o
                0x0800868c                USBD_FS_SerialStrDescriptor
 .text.USBD_FS_ConfigStrDescriptor
                0x080086b0       0x3c ./USB_DEVICE/App/usbd_desc.o
                0x080086b0                USBD_FS_ConfigStrDescriptor
 .text.USBD_FS_InterfaceStrDescriptor
                0x080086ec       0x3c ./USB_DEVICE/App/usbd_desc.o
                0x080086ec                USBD_FS_InterfaceStrDescriptor
 .text.Get_SerialNum
                0x08008728       0x58 ./USB_DEVICE/App/usbd_desc.o
 .text.IntToUnicode
                0x08008780       0x7c ./USB_DEVICE/App/usbd_desc.o
 .text.HAL_PCD_MspInit
                0x080087fc       0x4c ./USB_DEVICE/Target/usbd_conf.o
                0x080087fc                HAL_PCD_MspInit
 .text.HAL_PCD_SetupStageCallback
                0x08008848       0x24 ./USB_DEVICE/Target/usbd_conf.o
                0x08008848                HAL_PCD_SetupStageCallback
 .text.HAL_PCD_DataOutStageCallback
                0x0800886c       0x36 ./USB_DEVICE/Target/usbd_conf.o
                0x0800886c                HAL_PCD_DataOutStageCallback
 .text.HAL_PCD_DataInStageCallback
                0x080088a2       0x34 ./USB_DEVICE/Target/usbd_conf.o
                0x080088a2                HAL_PCD_DataInStageCallback
 .text.HAL_PCD_SOFCallback
                0x080088d6       0x1c ./USB_DEVICE/Target/usbd_conf.o
                0x080088d6                HAL_PCD_SOFCallback
 .text.HAL_PCD_ResetCallback
                0x080088f2       0x3c ./USB_DEVICE/Target/usbd_conf.o
                0x080088f2                HAL_PCD_ResetCallback
 *fill*         0x0800892e        0x2 
 .text.HAL_PCD_SuspendCallback
                0x08008930       0x34 ./USB_DEVICE/Target/usbd_conf.o
                0x08008930                HAL_PCD_SuspendCallback
 .text.HAL_PCD_ResumeCallback
                0x08008964       0x1c ./USB_DEVICE/Target/usbd_conf.o
                0x08008964                HAL_PCD_ResumeCallback
 .text.USBD_LL_Init
                0x08008980       0xb4 ./USB_DEVICE/Target/usbd_conf.o
                0x08008980                USBD_LL_Init
 .text.USBD_LL_Start
                0x08008a34       0x36 ./USB_DEVICE/Target/usbd_conf.o
                0x08008a34                USBD_LL_Start
 .text.USBD_LL_OpenEP
                0x08008a6a       0x4c ./USB_DEVICE/Target/usbd_conf.o
                0x08008a6a                USBD_LL_OpenEP
 .text.USBD_LL_CloseEP
                0x08008ab6       0x3e ./USB_DEVICE/Target/usbd_conf.o
                0x08008ab6                USBD_LL_CloseEP
 .text.USBD_LL_StallEP
                0x08008af4       0x3e ./USB_DEVICE/Target/usbd_conf.o
                0x08008af4                USBD_LL_StallEP
 .text.USBD_LL_ClearStallEP
                0x08008b32       0x3e ./USB_DEVICE/Target/usbd_conf.o
                0x08008b32                USBD_LL_ClearStallEP
 .text.USBD_LL_IsStallEP
                0x08008b70       0x56 ./USB_DEVICE/Target/usbd_conf.o
                0x08008b70                USBD_LL_IsStallEP
 .text.USBD_LL_SetUSBAddress
                0x08008bc6       0x3e ./USB_DEVICE/Target/usbd_conf.o
                0x08008bc6                USBD_LL_SetUSBAddress
 .text.USBD_LL_Transmit
                0x08008c04       0x46 ./USB_DEVICE/Target/usbd_conf.o
                0x08008c04                USBD_LL_Transmit
 .text.USBD_LL_PrepareReceive
                0x08008c4a       0x46 ./USB_DEVICE/Target/usbd_conf.o
                0x08008c4a                USBD_LL_PrepareReceive
 .text.USBD_LL_GetRxDataSize
                0x08008c90       0x26 ./USB_DEVICE/Target/usbd_conf.o
                0x08008c90                USBD_LL_GetRxDataSize
 *fill*         0x08008cb6        0x2 
 .text.USBD_static_malloc
                0x08008cb8       0x18 ./USB_DEVICE/Target/usbd_conf.o
                0x08008cb8                USBD_static_malloc
 .text.USBD_static_free
                0x08008cd0       0x12 ./USB_DEVICE/Target/usbd_conf.o
                0x08008cd0                USBD_static_free
 .text.HAL_PCDEx_SetConnectionState
                0x08008ce2       0x16 ./USB_DEVICE/Target/usbd_conf.o
                0x08008ce2                HAL_PCDEx_SetConnectionState
 .text.USBD_Get_USB_Status
                0x08008cf8       0x58 ./USB_DEVICE/Target/usbd_conf.o
 .text.memset   0x08008d50       0x10 C:/ST/STM32CubeIDE_1.15.1/STM32CubeIDE/plugins/com.st.stm32cube.ide.mcu.externaltools.gnu-tools-for-stm32.13.3.rel1.win32_1.0.100.202509120712/tools/bin/../lib/gcc/arm-none-eabi/13.3.1/../../../../arm-none-eabi/lib/thumb/v7-m/nofp\libc_nano.a(libc_a-memset.o)
                0x08008d50                memset
 .text.__libc_init_array
                0x08008d60       0x48 C:/ST/STM32CubeIDE_1.15.1/STM32CubeIDE/plugins/com.st.stm32cube.ide.mcu.externaltools.gnu-tools-for-stm32.13.3.rel1.win32_1.0.100.202509120712/tools/bin/../lib/gcc/arm-none-eabi/13.3.1/../../../../arm-none-eabi/lib/thumb/v7-m/nofp\libc_nano.a(libc_a-init.o)
                0x08008d60                __libc_init_array
 *(.glue_7)
 .glue_7        0x08008da8        0x0 linker stubs
 *(.glue_7t)
 .glue_7t       0x08008da8        0x0 linker stubs
 *(.eh_frame)
 .eh_frame      0x08008da8        0x0 C:/ST/STM32CubeIDE_1.15.1/STM32CubeIDE/plugins/com.st.stm32cube.ide.mcu.externaltools.gnu-tools-for-stm32.13.3.rel1.win32_1.0.100.202509120712/tools/bin/../lib/gcc/arm-none-eabi/13.3.1/thumb/v7-m/nofp/crtbegin.o
 *(.init)
 .init          0x08008da8        0x4 C:/ST/STM32CubeIDE_1.15.1/STM32CubeIDE/plugins/com.st.stm32cube.ide.mcu.externaltools.gnu-tools-for-stm32.13.3.rel1.win32_1.0.100.202509120712/tools/bin/../lib/gcc/arm-none-eabi/13.3.1/thumb/v7-m/nofp/crti.o
                0x08008da8                _init
 .init          0x08008dac        0x8 C:/ST/STM32CubeIDE_1.15.1/STM32CubeIDE/plugins/com.st.stm32cube.ide.mcu.externaltools.gnu-tools-for-stm32.13.3.rel1.win32_1.0.100.202509120712/tools/bin/../lib/gcc/arm-none-eabi/13.3.1/thumb/v7-m/nofp/crtn.o
 *(.fini)
 .fini          0x08008db4        0x4 C:/ST/STM32CubeIDE_1.15.1/STM32CubeIDE/plugins/com.st.stm32cube.ide.mcu.externaltools.gnu-tools-for-stm32.13.3.rel1.win32_1.0.100.202509120712/tools/bin/../lib/gcc/arm-none-eabi/13.3.1/thumb/v7-m/nofp/crti.o
                0x08008db4                _fini
 .fini          0x08008db8        0x8 C:/ST/STM32CubeIDE_1.15.1/STM32CubeIDE/plugins/com.st.stm32cube.ide.mcu.externaltools.gnu-tools-for-stm32.13.3.rel1.win32_1.0.100.202509120712/tools/bin/../lib/gcc/arm-none-eabi/13.3.1/thumb/v7-m/nofp/crtn.o
                0x08008dc0                        . = ALIGN (0x4)
                0x08008dc0                        _etext = .

.vfp11_veneer   0x08008dc0        0x0
 .vfp11_veneer  0x08008dc0        0x0 linker stubs

.v4_bx          0x08008dc0        0x0
 .v4_bx         0x08008dc0        0x0 linker stubs

.iplt           0x08008dc0        0x0
 .iplt          0x08008dc0        0x0 C:/ST/STM32CubeIDE_1.15.1/STM32CubeIDE/plugins/com.st.stm32cube.ide.mcu.externaltools.gnu-tools-for-stm32.13.3.rel1.win32_1.0.100.202509120712/tools/bin/../lib/gcc/arm-none-eabi/13.3.1/thumb/v7-m/nofp/crtbegin.o

.rodata         0x08008dc0       0xec
                0x08008dc0                        . = ALIGN (0x4)
 *(.rodata)
 .rodata        0x08008dc0       0x5a ./Drivers/TEP- Session 3 kit 1e/Src/Display.o
 *fill*         0x08008e1a        0x2 
 .rodata        0x08008e1c        0x8 ./Drivers/TEP- Session 3 kit 1e/Src/ecran.o
 .rodata        0x08008e24       0x46 ./USB_DEVICE/App/usbd_desc.o
 *(.rodata*)
 *fill*         0x08008e6a        0x2 
 .rodata.AHBPrescTable
                0x08008e6c       0x10 ./Core/Src/system_stm32f1xx.o
                0x08008e6c                AHBPrescTable
 .rodata.APBPrescTable
                0x08008e7c        0x8 ./Core/Src/system_stm32f1xx.o
                0x08008e7c                APBPrescTable
 .rodata.aPLLMULFactorTable.1
                0x08008e84       0x10 ./Drivers/STM32F1xx_HAL_Driver/Src/stm32f1xx_hal_rcc.o
 .rodata.aPredivFactorTable.0
                0x08008e94        0x2 ./Drivers/STM32F1xx_HAL_Driver/Src/stm32f1xx_hal_rcc.o
 *fill*         0x08008e96        0x2 
 .rodata.aPLLMULFactorTable.1
                0x08008e98       0x10 ./Drivers/STM32F1xx_HAL_Driver/Src/stm32f1xx_hal_rcc_ex.o
 .rodata.aPredivFactorTable.0
                0x08008ea8        0x2 ./Drivers/STM32F1xx_HAL_Driver/Src/stm32f1xx_hal_rcc_ex.o
                0x08008eac                        . = ALIGN (0x4)
 *fill*         0x08008eaa        0x2 

.ARM.extab      0x08008eac        0x0
                0x08008eac                        . = ALIGN (0x4)
 *(.ARM.extab* .gnu.linkonce.armextab.*)
                0x08008eac                        . = ALIGN (0x4)

.ARM            0x08008eac        0x0
                0x08008eac                        . = ALIGN (0x4)
                0x08008eac                        __exidx_start = .
 *(.ARM.exidx*)
                0x08008eac                        __exidx_end = .
                0x08008eac                        . = ALIGN (0x4)

.preinit_array  0x08008eac        0x0
                0x08008eac                        . = ALIGN (0x4)
                0x08008eac                        PROVIDE (__preinit_array_start = .)
 *(.preinit_array*)
                0x08008eac                        PROVIDE (__preinit_array_end = .)
                0x08008eac                        . = ALIGN (0x4)

.init_array     0x08008eac        0x4
                0x08008eac                        . = ALIGN (0x4)
                0x08008eac                        PROVIDE (__init_array_start = .)
 *(SORT_BY_NAME(.init_array.*))
 *(.init_array*)
 .init_array    0x08008eac        0x4 C:/ST/STM32CubeIDE_1.15.1/STM32CubeIDE/plugins/com.st.stm32cube.ide.mcu.externaltools.gnu-tools-for-stm32.13.3.rel1.win32_1.0.100.202509120712/tools/bin/../lib/gcc/arm-none-eabi/13.3.1/thumb/v7-m/nofp/crtbegin.o
                0x08008eb0                        PROVIDE (__init_array_end = .)
                0x08008eb0                        . = ALIGN (0x4)

.fini_array     0x08008eb0        0x4
                0x08008eb0                        . = ALIGN (0x4)
                [!provide]                        PROVIDE (__fini_array_start = .)
 *(SORT_BY_NAME(.fini_array.*))
 *(.fini_array*)
 .fini_array    0x08008eb0        0x4 C:/ST/STM32CubeIDE_1.15.1/STM32CubeIDE/plugins/com.st.stm32cube.ide.mcu.externaltools.gnu-tools-for-stm32.13.3.rel1.win32_1.0.100.202509120712/tools/bin/../lib/gcc/arm-none-eabi/13.3.1/thumb/v7-m/nofp/crtbegin.o
                [!provide]                        PROVIDE (__fini_array_end = .)
                0x08008eb4                        . = ALIGN (0x4)
                0x08008eb4                        _sidata = LOADADDR (.data)

.rel.dyn        0x08008eb4        0x0
 .rel.iplt      0x08008eb4        0x0 C:/ST/STM32CubeIDE_1.15.1/STM32CubeIDE/plugins/com.st.stm32cube.ide.mcu.externaltools.gnu-tools-for-stm32.13.3.rel1.win32_1.0.100.202509120712/tools/bin/../lib/gcc/arm-none-eabi/13.3.1/thumb/v7-m/nofp/crtbegin.o

.data           0x20000000      0x17c load address 0x08008eb4
                0x20000000                        . = ALIGN (0x4)
                0x20000000                        _sdata = .
 *(.data)
 *(.data*)
 .data.SystemCoreClock
                0x20000000        0x4 ./Core/Src/system_stm32f1xx.o
                0x20000000                SystemCoreClock
 .data.uwTickPrio
                0x20000004        0x4 ./Drivers/STM32F1xx_HAL_Driver/Src/stm32f1xx_hal.o
                0x20000004                uwTickPrio
 .data.uwTickFreq
                0x20000008        0x1 ./Drivers/STM32F1xx_HAL_Driver/Src/stm32f1xx_hal.o
                0x20000008                uwTickFreq
 *fill*         0x20000009        0x3 
 .data.USBD_CDC_DeviceQualifierDesc
                0x2000000c        0xa ./Middlewares/ST/STM32_USB_Device_Library/Class/CDC/Src/usbd_cdc.o
 *fill*         0x20000016        0x2 
 .data.USBD_CDC
                0x20000018       0x38 ./Middlewares/ST/STM32_USB_Device_Library/Class/CDC/Src/usbd_cdc.o
                0x20000018                USBD_CDC
 .data.USBD_CDC_CfgHSDesc
                0x20000050       0x43 ./Middlewares/ST/STM32_USB_Device_Library/Class/CDC/Src/usbd_cdc.o
                0x20000050                USBD_CDC_CfgHSDesc
 *fill*         0x20000093        0x1 
 .data.USBD_CDC_CfgFSDesc
                0x20000094       0x43 ./Middlewares/ST/STM32_USB_Device_Library/Class/CDC/Src/usbd_cdc.o
                0x20000094                USBD_CDC_CfgFSDesc
 *fill*         0x200000d7        0x1 
 .data.USBD_CDC_OtherSpeedCfgDesc
                0x200000d8       0x43 ./Middlewares/ST/STM32_USB_Device_Library/Class/CDC/Src/usbd_cdc.o
                0x200000d8                USBD_CDC_OtherSpeedCfgDesc
 *fill*         0x2000011b        0x1 
 .data.USBD_Interface_fops_FS
                0x2000011c       0x10 ./USB_DEVICE/App/usbd_cdc_if.o
                0x2000011c                USBD_Interface_fops_FS
 .data.FS_Desc  0x2000012c       0x1c ./USB_DEVICE/App/usbd_desc.o
                0x2000012c                FS_Desc
 .data.USBD_FS_DeviceDesc
                0x20000148       0x12 ./USB_DEVICE/App/usbd_desc.o
                0x20000148                USBD_FS_DeviceDesc
 *fill*         0x2000015a        0x2 
 .data.USBD_LangIDDesc
                0x2000015c        0x4 ./USB_DEVICE/App/usbd_desc.o
                0x2000015c                USBD_LangIDDesc
 .data.USBD_StringSerial
                0x20000160       0x1a ./USB_DEVICE/App/usbd_desc.o
                0x20000160                USBD_StringSerial
 *(.RamFunc)
 *(.RamFunc*)
                0x2000017c                        . = ALIGN (0x4)
 *fill*         0x2000017a        0x2 
                0x2000017c                        _edata = .

.igot.plt       0x2000017c        0x0 load address 0x08009030
 .igot.plt      0x2000017c        0x0 C:/ST/STM32CubeIDE_1.15.1/STM32CubeIDE/plugins/com.st.stm32cube.ide.mcu.externaltools.gnu-tools-for-stm32.13.3.rel1.win32_1.0.100.202509120712/tools/bin/../lib/gcc/arm-none-eabi/13.3.1/thumb/v7-m/nofp/crtbegin.o
                0x2000017c                        . = ALIGN (0x4)

.bss            0x2000017c     0x12ac load address 0x08009030
                0x2000017c                        _sbss = .
                0x2000017c                        __bss_start__ = _sbss
 *(.bss)
 .bss           0x2000017c       0x1c C:/ST/STM32CubeIDE_1.15.1/STM32CubeIDE/plugins/com.st.stm32cube.ide.mcu.externaltools.gnu-tools-for-stm32.13.3.rel1.win32_1.0.100.202509120712/tools/bin/../lib/gcc/arm-none-eabi/13.3.1/thumb/v7-m/nofp/crtbegin.o
 *(.bss*)
 .bss.hadc1     0x20000198       0x30 ./Core/Src/adc.o
                0x20000198                hadc1
 .bss.hi2c1     0x200001c8       0x54 ./Core/Src/i2c.o
                0x200001c8                hi2c1
 .bss.huart1    0x2000021c       0x48 ./Core/Src/usart.o
                0x2000021c                huart1
 .bss.uwTick    0x20000264        0x4 ./Drivers/STM32F1xx_HAL_Driver/Src/stm32f1xx_hal.o
                0x20000264                uwTick
 .bss.cfgidx.0  0x20000268        0x1 ./Middlewares/ST/STM32_USB_Device_Library/Core/Src/usbd_ctlreq.o
 *fill*         0x20000269        0x3 
 .bss.hUsbDeviceFS
                0x2000026c      0x2c4 ./USB_DEVICE/App/usb_device.o
                0x2000026c                hUsbDeviceFS
 .bss.UserRxBufferFS
                0x20000530      0x400 ./USB_DEVICE/App/usbd_cdc_if.o
                0x20000530                UserRxBufferFS
 .bss.UserTxBufferFS
                0x20000930      0x400 ./USB_DEVICE/App/usbd_cdc_if.o
                0x20000930                UserTxBufferFS
 .bss.USBD_StrDesc
                0x20000d30      0x200 ./USB_DEVICE/App/usbd_desc.o
                0x20000d30                USBD_StrDesc
 .bss.hpcd_USB_FS
                0x20000f30      0x2d8 ./USB_DEVICE/Target/usbd_conf.o
                0x20000f30                hpcd_USB_FS
 .bss.mem.0     0x20001208      0x220 ./USB_DEVICE/Target/usbd_conf.o
 *(COMMON)
                0x20001428                        . = ALIGN (0x4)
                0x20001428                        _ebss = .
                0x20001428                        __bss_end__ = _ebss

._user_heap_stack
                0x20001428      0x600 load address 0x08009030
                0x20001428                        . = ALIGN (0x8)
                [!provide]                        PROVIDE (end = .)
                0x20001428                        PROVIDE (_end = .)
                0x20001628                        . = (. + _Min_Heap_Size)
 *fill*         0x20001428      0x200 
                0x20001a28                        . = (. + _Min_Stack_Size)
 *fill*         0x20001628      0x400 
                0x20001a28                        . = ALIGN (0x8)

/DISCARD/
 libc.a(*)
 libm.a(*)
 libgcc.a(*)

.ARM.attributes
                0x00000000       0x29
 *(.ARM.attributes)
 .ARM.attributes
                0x00000000       0x1d C:/ST/STM32CubeIDE_1.15.1/STM32CubeIDE/plugins/com.st.stm32cube.ide.mcu.externaltools.gnu-tools-for-stm32.13.3.rel1.win32_1.0.100.202509120712/tools/bin/../lib/gcc/arm-none-eabi/13.3.1/thumb/v7-m/nofp/crti.o
 .ARM.attributes
                0x0000001d       0x2d C:/ST/STM32CubeIDE_1.15.1/STM32CubeIDE/plugins/com.st.stm32cube.ide.mcu.externaltools.gnu-tools-for-stm32.13.3.rel1.win32_1.0.100.202509120712/tools/bin/../lib/gcc/arm-none-eabi/13.3.1/thumb/v7-m/nofp/crtbegin.o
 .ARM.attributes
                0x0000004a       0x2d ./Core/Src/adc.o
 .ARM.attributes
                0x00000077       0x2d ./Core/Src/gpio.o
 .ARM.attributes
                0x000000a4       0x2d ./Core/Src/i2c.o
 .ARM.attributes
                0x000000d1       0x2d ./Core/Src/main.o
 .ARM.attributes
                0x000000fe       0x2d ./Core/Src/stm32f1xx_hal_msp.o
 .ARM.attributes
                0x0000012b       0x2d ./Core/Src/stm32f1xx_it.o
 .ARM.attributes
                0x00000158       0x2d ./Core/Src/system_stm32f1xx.o
 .ARM.attributes
                0x00000185       0x2d ./Core/Src/usart.o
 .ARM.attributes
                0x000001b2       0x21 ./Core/Startup/startup_stm32f103cbtx.o
 .ARM.attributes
                0x000001d3       0x2d ./Drivers/STM32F1xx_HAL_Driver/Src/stm32f1xx_hal.o
 .ARM.attributes
                0x00000200       0x2d ./Drivers/STM32F1xx_HAL_Driver/Src/stm32f1xx_hal_adc.o
 .ARM.attributes
                0x0000022d       0x2d ./Drivers/STM32F1xx_HAL_Driver/Src/stm32f1xx_hal_cortex.o
 .ARM.attributes
                0x0000025a       0x2d ./Drivers/STM32F1xx_HAL_Driver/Src/stm32f1xx_hal_gpio.o
 .ARM.attributes
                0x00000287       0x2d ./Drivers/STM32F1xx_HAL_Driver/Src/stm32f1xx_hal_i2c.o
 .ARM.attributes
                0x000002b4       0x2d ./Drivers/STM32F1xx_HAL_Driver/Src/stm32f1xx_hal_pcd.o
 .ARM.attributes
                0x000002e1       0x2d ./Drivers/STM32F1xx_HAL_Driver/Src/stm32f1xx_hal_pcd_ex.o
 .ARM.attributes
                0x0000030e       0x2d ./Drivers/STM32F1xx_HAL_Driver/Src/stm32f1xx_hal_rcc.o
 .ARM.attributes
                0x0000033b       0x2d ./Drivers/STM32F1xx_HAL_Driver/Src/stm32f1xx_hal_rcc_ex.o
 .ARM.attributes
                0x00000368       0x2d ./Drivers/STM32F1xx_HAL_Driver/Src/stm32f1xx_hal_uart.o
 .ARM.attributes
                0x00000395       0x2d ./Drivers/STM32F1xx_HAL_Driver/Src/stm32f1xx_ll_usb.o
 .ARM.attributes
                0x000003c2       0x2d ./Drivers/TEP- Session 3 kit 1e/Src/Display.o
 .ARM.attributes
                0x000003ef       0x2d ./Drivers/TEP- Session 3 kit 1e/Src/ecran.o
 .ARM.attributes
                0x0000041c       0x2d ./Middlewares/ST/STM32_USB_Device_Library/Class/CDC/Src/usbd_cdc.o
 .ARM.attributes
                0x00000449       0x2d ./Middlewares/ST/STM32_USB_Device_Library/Core/Src/usbd_core.o
 .ARM.attributes
                0x00000476       0x2d ./Middlewares/ST/STM32_USB_Device_Library/Core/Src/usbd_ctlreq.o
 .ARM.attributes
                0x000004a3       0x2d ./Middlewares/ST/STM32_USB_Device_Library/Core/Src/usbd_ioreq.o
 .ARM.attributes
                0x000004d0       0x2d ./USB_DEVICE/App/usb_device.o
 .ARM.attributes
                0x000004fd       0x2d ./USB_DEVICE/App/usbd_cdc_if.o
 .ARM.attributes
                0x0000052a       0x2d ./USB_DEVICE/App/usbd_desc.o
 .ARM.attributes
                0x00000557       0x2d ./USB_DEVICE/Target/usbd_conf.o
 .ARM.attributes
                0x00000584       0x2d C:/ST/STM32CubeIDE_1.15.1/STM32CubeIDE/plugins/com.st.stm32cube.ide.mcu.externaltools.gnu-tools-for-stm32.13.3.rel1.win32_1.0.100.202509120712/tools/bin/../lib/gcc/arm-none-eabi/13.3.1/../../../../arm-none-eabi/lib/thumb/v7-m/nofp\libc_nano.a(libc_a-memset.o)
 .ARM.attributes
                0x000005b1       0x2d C:/ST/STM32CubeIDE_1.15.1/STM32CubeIDE/plugins/com.st.stm32cube.ide.mcu.externaltools.gnu-tools-for-stm32.13.3.rel1.win32_1.0.100.202509120712/tools/bin/../lib/gcc/arm-none-eabi/13.3.1/../../../../arm-none-eabi/lib/thumb/v7-m/nofp\libc_nano.a(libc_a-init.o)
 .ARM.attributes
                0x000005de       0x1d C:/ST/STM32CubeIDE_1.15.1/STM32CubeIDE/plugins/com.st.stm32cube.ide.mcu.externaltools.gnu-tools-for-stm32.13.3.rel1.win32_1.0.100.202509120712/tools/bin/../lib/gcc/arm-none-eabi/13.3.1/thumb/v7-m/nofp/crtn.o
OUTPUT(Projet_session_3_bras_robot.elf elf32-littlearm)
LOAD linker stubs
LOAD C:/ST/STM32CubeIDE_1.15.1/STM32CubeIDE/plugins/com.st.stm32cube.ide.mcu.externaltools.gnu-tools-for-stm32.13.3.rel1.win32_1.0.100.202509120712/tools/bin/../lib/gcc/arm-none-eabi/13.3.1/../../../../arm-none-eabi/lib/thumb/v7-m/nofp\libc.a
LOAD C:/ST/STM32CubeIDE_1.15.1/STM32CubeIDE/plugins/com.st.stm32cube.ide.mcu.externaltools.gnu-tools-for-stm32.13.3.rel1.win32_1.0.100.202509120712/tools/bin/../lib/gcc/arm-none-eabi/13.3.1/../../../../arm-none-eabi/lib/thumb/v7-m/nofp\libm.a
LOAD C:/ST/STM32CubeIDE_1.15.1/STM32CubeIDE/plugins/com.st.stm32cube.ide.mcu.externaltools.gnu-tools-for-stm32.13.3.rel1.win32_1.0.100.202509120712/tools/bin/../lib/gcc/arm-none-eabi/13.3.1/thumb/v7-m/nofp\libgcc.a

.debug_info     0x00000000    0x13e3d
 .debug_info    0x00000000      0x8e7 ./Core/Src/adc.o
 .debug_info    0x000008e7      0x2d3 ./Core/Src/gpio.o
 .debug_info    0x00000bba      0x89b ./Core/Src/i2c.o
 .debug_info    0x00001455      0x4dd ./Core/Src/main.o
 .debug_info    0x00001932      0x1f1 ./Core/Src/stm32f1xx_hal_msp.o
 .debug_info    0x00001b23      0x602 ./Core/Src/stm32f1xx_it.o
 .debug_info    0x00002125      0x222 ./Core/Src/system_stm32f1xx.o
 .debug_info    0x00002347      0x798 ./Core/Src/usart.o
 .debug_info    0x00002adf       0x30 ./Core/Startup/startup_stm32f103cbtx.o
 .debug_info    0x00002b0f      0x704 ./Drivers/STM32F1xx_HAL_Driver/Src/stm32f1xx_hal.o
 .debug_info    0x00003213      0xc50 ./Drivers/STM32F1xx_HAL_Driver/Src/stm32f1xx_hal_adc.o
 .debug_info    0x00003e63      0xa87 ./Drivers/STM32F1xx_HAL_Driver/Src/stm32f1xx_hal_cortex.o
 .debug_info    0x000048ea      0x5ab ./Drivers/STM32F1xx_HAL_Driver/Src/stm32f1xx_hal_gpio.o
 .debug_info    0x00004e95     0x2524 ./Drivers/STM32F1xx_HAL_Driver/Src/stm32f1xx_hal_i2c.o
 .debug_info    0x000073b9     0x16dc ./Drivers/STM32F1xx_HAL_Driver/Src/stm32f1xx_hal_pcd.o
 .debug_info    0x00008a95      0x6c3 ./Drivers/STM32F1xx_HAL_Driver/Src/stm32f1xx_hal_pcd_ex.o
 .debug_info    0x00009158      0x7d5 ./Drivers/STM32F1xx_HAL_Driver/Src/stm32f1xx_hal_rcc.o
 .debug_info    0x0000992d      0x3c0 ./Drivers/STM32F1xx_HAL_Driver/Src/stm32f1xx_hal_rcc_ex.o
 .debug_info    0x00009ced     0x2eed ./Drivers/STM32F1xx_HAL_Driver/Src/stm32f1xx_hal_uart.o
 .debug_info    0x0000cbda     0x17ae ./Drivers/STM32F1xx_HAL_Driver/Src/stm32f1xx_ll_usb.o
 .debug_info    0x0000e388      0x2a4 ./Drivers/TEP- Session 3 kit 1e/Src/Display.o
 .debug_info    0x0000e62c      0x2e9 ./Drivers/TEP- Session 3 kit 1e/Src/ecran.o
 .debug_info    0x0000e915     0x1043 ./Middlewares/ST/STM32_USB_Device_Library/Class/CDC/Src/usbd_cdc.o
 .debug_info    0x0000f958      0xa52 ./Middlewares/ST/STM32_USB_Device_Library/Core/Src/usbd_core.o
 .debug_info    0x000103aa      0x91c ./Middlewares/ST/STM32_USB_Device_Library/Core/Src/usbd_ctlreq.o
 .debug_info    0x00010cc6      0x6a0 ./Middlewares/ST/STM32_USB_Device_Library/Core/Src/usbd_ioreq.o
 .debug_info    0x00011366      0x63d ./USB_DEVICE/App/usb_device.o
 .debug_info    0x000119a3      0x7ec ./USB_DEVICE/App/usbd_cdc_if.o
 .debug_info    0x0001218f      0x44a ./USB_DEVICE/App/usbd_desc.o
 .debug_info    0x000125d9     0x1864 ./USB_DEVICE/Target/usbd_conf.o

.debug_abbrev   0x00000000     0x3ab3
 .debug_abbrev  0x00000000      0x22f ./Core/Src/adc.o
 .debug_abbrev  0x0000022f      0x13f ./Core/Src/gpio.o
 .debug_abbrev  0x0000036e      0x1fd ./Core/Src/i2c.o
 .debug_abbrev  0x0000056b      0x218 ./Core/Src/main.o
 .debug_abbrev  0x00000783       0xdb ./Core/Src/stm32f1xx_hal_msp.o
 .debug_abbrev  0x0000085e      0x192 ./Core/Src/stm32f1xx_it.o
 .debug_abbrev  0x000009f0      0x13f ./Core/Src/system_stm32f1xx.o
 .debug_abbrev  0x00000b2f      0x1e6 ./Core/Src/usart.o
 .debug_abbrev  0x00000d15       0x24 ./Core/Startup/startup_stm32f103cbtx.o
 .debug_abbrev  0x00000d39      0x201 ./Drivers/STM32F1xx_HAL_Driver/Src/stm32f1xx_hal.o
 .debug_abbrev  0x00000f3a      0x225 ./Drivers/STM32F1xx_HAL_Driver/Src/stm32f1xx_hal_adc.o
 .debug_abbrev  0x0000115f      0x2f8 ./Drivers/STM32F1xx_HAL_Driver/Src/stm32f1xx_hal_cortex.o
 .debug_abbrev  0x00001457      0x1ca ./Drivers/STM32F1xx_HAL_Driver/Src/stm32f1xx_hal_gpio.o
 .debug_abbrev  0x00001621      0x2a3 ./Drivers/STM32F1xx_HAL_Driver/Src/stm32f1xx_hal_i2c.o
 .debug_abbrev  0x000018c4      0x2d6 ./Drivers/STM32F1xx_HAL_Driver/Src/stm32f1xx_hal_pcd.o
 .debug_abbrev  0x00001b9a      0x189 ./Drivers/STM32F1xx_HAL_Driver/Src/stm32f1xx_hal_pcd_ex.o
 .debug_abbrev  0x00001d23      0x2b3 ./Drivers/STM32F1xx_HAL_Driver/Src/stm32f1xx_hal_rcc.o
 .debug_abbrev  0x00001fd6      0x188 ./Drivers/STM32F1xx_HAL_Driver/Src/stm32f1xx_hal_rcc_ex.o
 .debug_abbrev  0x0000215e      0x2f8 ./Drivers/STM32F1xx_HAL_Driver/Src/stm32f1xx_hal_uart.o
 .debug_abbrev  0x00002456      0x1de ./Drivers/STM32F1xx_HAL_Driver/Src/stm32f1xx_ll_usb.o
 .debug_abbrev  0x00002634       0xf2 ./Drivers/TEP- Session 3 kit 1e/Src/Display.o
 .debug_abbrev  0x00002726      0x174 ./Drivers/TEP- Session 3 kit 1e/Src/ecran.o
 .debug_abbrev  0x0000289a      0x2d3 ./Middlewares/ST/STM32_USB_Device_Library/Class/CDC/Src/usbd_cdc.o
 .debug_abbrev  0x00002b6d      0x24a ./Middlewares/ST/STM32_USB_Device_Library/Core/Src/usbd_core.o
 .debug_abbrev  0x00002db7      0x26b ./Middlewares/ST/STM32_USB_Device_Library/Core/Src/usbd_ctlreq.o
 .debug_abbrev  0x00003022      0x192 ./Middlewares/ST/STM32_USB_Device_Library/Core/Src/usbd_ioreq.o
 .debug_abbrev  0x000031b4      0x18d ./USB_DEVICE/App/usb_device.o
 .debug_abbrev  0x00003341      0x25d ./USB_DEVICE/App/usbd_cdc_if.o
 .debug_abbrev  0x0000359e      0x1ff ./USB_DEVICE/App/usbd_desc.o
 .debug_abbrev  0x0000379d      0x316 ./USB_DEVICE/Target/usbd_conf.o

.debug_aranges  0x00000000     0x1178
 .debug_aranges
                0x00000000       0x48 ./Core/Src/adc.o
 .debug_aranges
                0x00000048       0x20 ./Core/Src/gpio.o
 .debug_aranges
                0x00000068       0x40 ./Core/Src/i2c.o
 .debug_aranges
                0x000000a8       0x30 ./Core/Src/main.o
 .debug_aranges
                0x000000d8       0x20 ./Core/Src/stm32f1xx_hal_msp.o
 .debug_aranges
                0x000000f8       0x68 ./Core/Src/stm32f1xx_it.o
 .debug_aranges
                0x00000160       0x28 ./Core/Src/system_stm32f1xx.o
 .debug_aranges
                0x00000188       0x30 ./Core/Src/usart.o
 .debug_aranges
                0x000001b8       0x28 ./Core/Startup/startup_stm32f103cbtx.o
 .debug_aranges
                0x000001e0       0xe0 ./Drivers/STM32F1xx_HAL_Driver/Src/stm32f1xx_hal.o
 .debug_aranges
                0x000002c0       0xf0 ./Drivers/STM32F1xx_HAL_Driver/Src/stm32f1xx_hal_adc.o
 .debug_aranges
                0x000003b0      0x100 ./Drivers/STM32F1xx_HAL_Driver/Src/stm32f1xx_hal_cortex.o
 .debug_aranges
                0x000004b0       0x58 ./Drivers/STM32F1xx_HAL_Driver/Src/stm32f1xx_hal_gpio.o
 .debug_aranges
                0x00000508      0x2a8 ./Drivers/STM32F1xx_HAL_Driver/Src/stm32f1xx_hal_i2c.o
 .debug_aranges
                0x000007b0      0x140 ./Drivers/STM32F1xx_HAL_Driver/Src/stm32f1xx_hal_pcd.o
 .debug_aranges
                0x000008f0       0x38 ./Drivers/STM32F1xx_HAL_Driver/Src/stm32f1xx_hal_pcd_ex.o
 .debug_aranges
                0x00000928       0x90 ./Drivers/STM32F1xx_HAL_Driver/Src/stm32f1xx_hal_rcc.o
 .debug_aranges
                0x000009b8       0x30 ./Drivers/STM32F1xx_HAL_Driver/Src/stm32f1xx_hal_rcc_ex.o
 .debug_aranges
                0x000009e8      0x208 ./Drivers/STM32F1xx_HAL_Driver/Src/stm32f1xx_hal_uart.o
 .debug_aranges
                0x00000bf0       0xf8 ./Drivers/STM32F1xx_HAL_Driver/Src/stm32f1xx_ll_usb.o
 .debug_aranges
                0x00000ce8       0x40 ./Drivers/TEP- Session 3 kit 1e/Src/Display.o
 .debug_aranges
                0x00000d28       0x58 ./Drivers/TEP- Session 3 kit 1e/Src/ecran.o
 .debug_aranges
                0x00000d80       0x90 ./Middlewares/ST/STM32_USB_Device_Library/Class/CDC/Src/usbd_cdc.o
 .debug_aranges
                0x00000e10       0xb8 ./Middlewares/ST/STM32_USB_Device_Library/Core/Src/usbd_core.o
 .debug_aranges
                0x00000ec8       0x88 ./Middlewares/ST/STM32_USB_Device_Library/Core/Src/usbd_ctlreq.o
 .debug_aranges
                0x00000f50       0x50 ./Middlewares/ST/STM32_USB_Device_Library/Core/Src/usbd_ioreq.o
 .debug_aranges
                0x00000fa0       0x20 ./USB_DEVICE/App/usb_device.o
 .debug_aranges
                0x00000fc0       0x40 ./USB_DEVICE/App/usbd_cdc_if.o
 .debug_aranges
                0x00001000       0x60 ./USB_DEVICE/App/usbd_desc.o
 .debug_aranges
                0x00001060      0x118 ./USB_DEVICE/Target/usbd_conf.o

.debug_rnglists
                0x00000000      0xd42
 .debug_rnglists
                0x00000000       0x31 ./Core/Src/adc.o
 .debug_rnglists
                0x00000031       0x14 ./Core/Src/gpio.o
 .debug_rnglists
                0x00000045       0x2b ./Core/Src/i2c.o
 .debug_rnglists
                0x00000070       0x21 ./Core/Src/main.o
 .debug_rnglists
                0x00000091       0x13 ./Core/Src/stm32f1xx_hal_msp.o
 .debug_rnglists
                0x000000a4       0x49 ./Core/Src/stm32f1xx_it.o
 .debug_rnglists
                0x000000ed       0x1a ./Core/Src/system_stm32f1xx.o
 .debug_rnglists
                0x00000107       0x20 ./Core/Src/usart.o
 .debug_rnglists
                0x00000127       0x19 ./Core/Startup/startup_stm32f103cbtx.o
 .debug_rnglists
                0x00000140       0xa3 ./Drivers/STM32F1xx_HAL_Driver/Src/stm32f1xx_hal.o
 .debug_rnglists
                0x000001e3       0xbc ./Drivers/STM32F1xx_HAL_Driver/Src/stm32f1xx_hal_adc.o
 .debug_rnglists
                0x0000029f       0xbb ./Drivers/STM32F1xx_HAL_Driver/Src/stm32f1xx_hal_cortex.o
 .debug_rnglists
                0x0000035a       0x3f ./Drivers/STM32F1xx_HAL_Driver/Src/stm32f1xx_hal_gpio.o
 .debug_rnglists
                0x00000399      0x23c ./Drivers/STM32F1xx_HAL_Driver/Src/stm32f1xx_hal_i2c.o
 .debug_rnglists
                0x000005d5       0xf4 ./Drivers/STM32F1xx_HAL_Driver/Src/stm32f1xx_hal_pcd.o
 .debug_rnglists
                0x000006c9       0x26 ./Drivers/STM32F1xx_HAL_Driver/Src/stm32f1xx_hal_pcd_ex.o
 .debug_rnglists
                0x000006ef       0x6c ./Drivers/STM32F1xx_HAL_Driver/Src/stm32f1xx_hal_rcc.o
 .debug_rnglists
                0x0000075b       0x21 ./Drivers/STM32F1xx_HAL_Driver/Src/stm32f1xx_hal_rcc_ex.o
 .debug_rnglists
                0x0000077c      0x1bc ./Drivers/STM32F1xx_HAL_Driver/Src/stm32f1xx_hal_uart.o
 .debug_rnglists
                0x00000938       0xbd ./Drivers/STM32F1xx_HAL_Driver/Src/stm32f1xx_ll_usb.o
 .debug_rnglists
                0x000009f5       0x2c ./Drivers/TEP- Session 3 kit 1e/Src/Display.o
 .debug_rnglists
                0x00000a21       0x3f ./Drivers/TEP- Session 3 kit 1e/Src/ecran.o
 .debug_rnglists
                0x00000a60       0x6a ./Middlewares/ST/STM32_USB_Device_Library/Class/CDC/Src/usbd_cdc.o
 .debug_rnglists
                0x00000aca       0x89 ./Middlewares/ST/STM32_USB_Device_Library/Core/Src/usbd_core.o
 .debug_rnglists
                0x00000b53       0x68 ./Middlewares/ST/STM32_USB_Device_Library/Core/Src/usbd_ctlreq.o
 .debug_rnglists
                0x00000bbb       0x37 ./Middlewares/ST/STM32_USB_Device_Library/Core/Src/usbd_ioreq.o
 .debug_rnglists
                0x00000bf2       0x13 ./USB_DEVICE/App/usb_device.o
 .debug_rnglists
                0x00000c05       0x2c ./USB_DEVICE/App/usbd_cdc_if.o
 .debug_rnglists
                0x00000c31       0x43 ./USB_DEVICE/App/usbd_desc.o
 .debug_rnglists
                0x00000c74       0xce ./USB_DEVICE/Target/usbd_conf.o

.debug_macro    0x00000000    0x1b2f6
 .debug_macro   0x00000000      0x1e9 ./Core/Src/adc.o
 .debug_macro   0x000001e9      0xacc ./Core/Src/adc.o
 .debug_macro   0x00000cb5      0x227 ./Core/Src/adc.o
 .debug_macro   0x00000edc       0x2e ./Core/Src/adc.o
 .debug_macro   0x00000f0a       0x22 ./Core/Src/adc.o
 .debug_macro   0x00000f2c       0x22 ./Core/Src/adc.o
 .debug_macro   0x00000f4e       0x8e ./Core/Src/adc.o
 .debug_macro   0x00000fdc       0x51 ./Core/Src/adc.o
 .debug_macro   0x0000102d      0x103 ./Core/Src/adc.o
 .debug_macro   0x00001130       0x6a ./Core/Src/adc.o
 .debug_macro   0x0000119a      0x1df ./Core/Src/adc.o
 .debug_macro   0x00001379       0x1c ./Core/Src/adc.o
 .debug_macro   0x00001395       0x22 ./Core/Src/adc.o
 .debug_macro   0x000013b7       0xbd ./Core/Src/adc.o
 .debug_macro   0x00001474      0xd23 ./Core/Src/adc.o
 .debug_macro   0x00002197     0xe09e ./Core/Src/adc.o
 .debug_macro   0x00010235       0x6d ./Core/Src/adc.o
 .debug_macro   0x000102a2     0x34a2 ./Core/Src/adc.o
 .debug_macro   0x00013744      0x190 ./Core/Src/adc.o
 .debug_macro   0x000138d4       0x5c ./Core/Src/adc.o
 .debug_macro   0x00013930      0x5bc ./Core/Src/adc.o
 .debug_macro   0x00013eec      0x289 ./Core/Src/adc.o
 .debug_macro   0x00014175      0x1cb ./Core/Src/adc.o
 .debug_macro   0x00014340      0x114 ./Core/Src/adc.o
 .debug_macro   0x00014454      0x1b2 ./Core/Src/adc.o
 .debug_macro   0x00014606       0x27 ./Core/Src/adc.o
 .debug_macro   0x0001462d      0x136 ./Core/Src/adc.o
 .debug_macro   0x00014763      0x1bc ./Core/Src/adc.o
 .debug_macro   0x0001491f       0x34 ./Core/Src/adc.o
 .debug_macro   0x00014953       0x3c ./Core/Src/adc.o
 .debug_macro   0x0001498f       0x57 ./Core/Src/adc.o
 .debug_macro   0x000149e6      0x46a ./Core/Src/adc.o
 .debug_macro   0x00014e50      0x1b5 ./Core/Src/adc.o
 .debug_macro   0x00015005       0x87 ./Core/Src/adc.o
 .debug_macro   0x0001508c      0x240 ./Core/Src/adc.o
 .debug_macro   0x000152cc      0x287 ./Core/Src/adc.o
 .debug_macro   0x00015553      0x140 ./Core/Src/adc.o
 .debug_macro   0x00015693      0x28e ./Core/Src/adc.o
 .debug_macro   0x00015921       0xb7 ./Core/Src/adc.o
 .debug_macro   0x000159d8      0x242 ./Core/Src/adc.o
 .debug_macro   0x00015c1a       0x83 ./Core/Src/adc.o
 .debug_macro   0x00015c9d      0x10c ./Core/Src/adc.o
 .debug_macro   0x00015da9      0x1e9 ./Core/Src/gpio.o
 .debug_macro   0x00015f92      0x1e9 ./Core/Src/i2c.o
 .debug_macro   0x0001617b      0x38c ./Core/Src/main.o
 .debug_macro   0x00016507       0x61 ./Core/Src/main.o
 .debug_macro   0x00016568       0x24 ./Core/Src/main.o
 .debug_macro   0x0001658c       0x43 ./Core/Src/main.o
 .debug_macro   0x000165cf       0x34 ./Core/Src/main.o
 .debug_macro   0x00016603       0x16 ./Core/Src/main.o
 .debug_macro   0x00016619       0x3c ./Core/Src/main.o
 .debug_macro   0x00016655      0x370 ./Core/Src/main.o
 .debug_macro   0x000169c5       0x10 ./Core/Src/main.o
 .debug_macro   0x000169d5       0x16 ./Core/Src/main.o
 .debug_macro   0x000169eb       0x4a ./Core/Src/main.o
 .debug_macro   0x00016a35       0x34 ./Core/Src/main.o
 .debug_macro   0x00016a69       0x10 ./Core/Src/main.o
 .debug_macro   0x00016a79       0x58 ./Core/Src/main.o
 .debug_macro   0x00016ad1       0x8e ./Core/Src/main.o
 .debug_macro   0x00016b5f       0x1c ./Core/Src/main.o
 .debug_macro   0x00016b7b      0x185 ./Core/Src/main.o
 .debug_macro   0x00016d00       0x16 ./Core/Src/main.o
 .debug_macro   0x00016d16       0x16 ./Core/Src/main.o
 .debug_macro   0x00016d2c      0x146 ./Core/Src/main.o
 .debug_macro   0x00016e72       0x16 ./Core/Src/main.o
 .debug_macro   0x00016e88       0x16 ./Core/Src/main.o
 .debug_macro   0x00016e9e       0x29 ./Core/Src/main.o
 .debug_macro   0x00016ec7       0x16 ./Core/Src/main.o
 .debug_macro   0x00016edd       0x20 ./Core/Src/main.o
 .debug_macro   0x00016efd       0x5f ./Core/Src/main.o
 .debug_macro   0x00016f5c      0x1c8 ./Core/Src/main.o
 .debug_macro   0x00017124       0x10 ./Core/Src/main.o
 .debug_macro   0x00017134      0x1df ./Core/Src/stm32f1xx_hal_msp.o
 .debug_macro   0x00017313      0x1e9 ./Core/Src/stm32f1xx_it.o
 .debug_macro   0x000174fc      0x1d0 ./Core/Src/system_stm32f1xx.o
 .debug_macro   0x000176cc      0x1e9 ./Core/Src/usart.o
 .debug_macro   0x000178b5      0x1f4 ./Drivers/STM32F1xx_HAL_Driver/Src/stm32f1xx_hal.o
 .debug_macro   0x00017aa9      0x1ed ./Drivers/STM32F1xx_HAL_Driver/Src/stm32f1xx_hal_adc.o
 .debug_macro   0x00017c96      0x1d0 ./Drivers/STM32F1xx_HAL_Driver/Src/stm32f1xx_hal_cortex.o
 .debug_macro   0x00017e66      0x23b ./Drivers/STM32F1xx_HAL_Driver/Src/stm32f1xx_hal_gpio.o
 .debug_macro   0x000180a1      0x21e ./Drivers/STM32F1xx_HAL_Driver/Src/stm32f1xx_hal_i2c.o
 .debug_macro   0x000182bf      0x1dc ./Drivers/STM32F1xx_HAL_Driver/Src/stm32f1xx_hal_pcd.o
 .debug_macro   0x0001849b      0x1d0 ./Drivers/STM32F1xx_HAL_Driver/Src/stm32f1xx_hal_pcd_ex.o
 .debug_macro   0x0001866b      0x1e2 ./Drivers/STM32F1xx_HAL_Driver/Src/stm32f1xx_hal_rcc.o
 .debug_macro   0x0001884d      0x1d0 ./Drivers/STM32F1xx_HAL_Driver/Src/stm32f1xx_hal_rcc_ex.o
 .debug_macro   0x00018a1d      0x1d1 ./Drivers/STM32F1xx_HAL_Driver/Src/stm32f1xx_hal_uart.o
 .debug_macro   0x00018bee      0x1d0 ./Drivers/STM32F1xx_HAL_Driver/Src/stm32f1xx_ll_usb.o
 .debug_macro   0x00018dbe      0x1ef ./Drivers/TEP- Session 3 kit 1e/Src/Display.o
 .debug_macro   0x00018fad      0x1e8 ./Drivers/TEP- Session 3 kit 1e/Src/ecran.o
 .debug_macro   0x00019195      0x36e ./Middlewares/ST/STM32_USB_Device_Library/Class/CDC/Src/usbd_cdc.o
 .debug_macro   0x00019503       0x9e ./Middlewares/ST/STM32_USB_Device_Library/Class/CDC/Src/usbd_cdc.o
 .debug_macro   0x000195a1      0x112 ./Middlewares/ST/STM32_USB_Device_Library/Class/CDC/Src/usbd_cdc.o
 .debug_macro   0x000196b3       0x56 ./Middlewares/ST/STM32_USB_Device_Library/Class/CDC/Src/usbd_cdc.o
 .debug_macro   0x00019709       0x8f ./Middlewares/ST/STM32_USB_Device_Library/Class/CDC/Src/usbd_cdc.o
 .debug_macro   0x00019798      0x355 ./Middlewares/ST/STM32_USB_Device_Library/Core/Src/usbd_core.o
 .debug_macro   0x00019aed      0x1ce ./Middlewares/ST/STM32_USB_Device_Library/Core/Src/usbd_core.o
 .debug_macro   0x00019cbb      0x35f ./Middlewares/ST/STM32_USB_Device_Library/Core/Src/usbd_ctlreq.o
 .debug_macro   0x0001a01a      0x35b ./Middlewares/ST/STM32_USB_Device_Library/Core/Src/usbd_ioreq.o
 .debug_macro   0x0001a375      0x38e ./USB_DEVICE/App/usb_device.o
 .debug_macro   0x0001a703      0x112 ./USB_DEVICE/App/usb_device.o
 .debug_macro   0x0001a815       0x22 ./USB_DEVICE/App/usb_device.o
 .debug_macro   0x0001a837       0x16 ./USB_DEVICE/App/usb_device.o
 .debug_macro   0x0001a84d      0x379 ./USB_DEVICE/App/usbd_cdc_if.o
 .debug_macro   0x0001abc6       0x10 ./USB_DEVICE/App/usbd_cdc_if.o
 .debug_macro   0x0001abd6      0x392 ./USB_DEVICE/App/usbd_desc.o
 .debug_macro   0x0001af68       0x1c ./USB_DEVICE/App/usbd_desc.o
 .debug_macro   0x0001af84      0x372 ./USB_DEVICE/Target/usbd_conf.o

.debug_line     0x00000000    0x1904b
 .debug_line    0x00000000      0x85d ./Core/Src/adc.o
 .debug_line    0x0000085d      0x7a2 ./Core/Src/gpio.o
 .debug_line    0x00000fff      0x805 ./Core/Src/i2c.o
 .debug_line    0x00001804      0xb29 ./Core/Src/main.o
 .debug_line    0x0000232d      0x763 ./Core/Src/stm32f1xx_hal_msp.o
 .debug_line    0x00002a90      0x829 ./Core/Src/stm32f1xx_it.o
 .debug_line    0x000032b9      0x7e1 ./Core/Src/system_stm32f1xx.o
 .debug_line    0x00003a9a      0x7d6 ./Core/Src/usart.o
 .debug_line    0x00004270       0x78 ./Core/Startup/startup_stm32f103cbtx.o
 .debug_line    0x000042e8      0xa12 ./Drivers/STM32F1xx_HAL_Driver/Src/stm32f1xx_hal.o
 .debug_line    0x00004cfa     0x1037 ./Drivers/STM32F1xx_HAL_Driver/Src/stm32f1xx_hal_adc.o
 .debug_line    0x00005d31      0xbdc ./Drivers/STM32F1xx_HAL_Driver/Src/stm32f1xx_hal_cortex.o
 .debug_line    0x0000690d      0xa6f ./Drivers/STM32F1xx_HAL_Driver/Src/stm32f1xx_hal_gpio.o
 .debug_line    0x0000737c     0x3c0f ./Drivers/STM32F1xx_HAL_Driver/Src/stm32f1xx_hal_i2c.o
 .debug_line    0x0000af8b     0x1397 ./Drivers/STM32F1xx_HAL_Driver/Src/stm32f1xx_hal_pcd.o
 .debug_line    0x0000c322      0x7dc ./Drivers/STM32F1xx_HAL_Driver/Src/stm32f1xx_hal_pcd_ex.o
 .debug_line    0x0000cafe      0xecb ./Drivers/STM32F1xx_HAL_Driver/Src/stm32f1xx_hal_rcc.o
 .debug_line    0x0000d9c9      0x97c ./Drivers/STM32F1xx_HAL_Driver/Src/stm32f1xx_hal_rcc_ex.o
 .debug_line    0x0000e345     0x252e ./Drivers/STM32F1xx_HAL_Driver/Src/stm32f1xx_hal_uart.o
 .debug_line    0x00010873     0x1182 ./Drivers/STM32F1xx_HAL_Driver/Src/stm32f1xx_ll_usb.o
 .debug_line    0x000119f5      0x99a ./Drivers/TEP- Session 3 kit 1e/Src/Display.o
 .debug_line    0x0001238f      0x92c ./Drivers/TEP- Session 3 kit 1e/Src/ecran.o
 .debug_line    0x00012cbb      0xd6d ./Middlewares/ST/STM32_USB_Device_Library/Class/CDC/Src/usbd_cdc.o
 .debug_line    0x00013a28      0xdc2 ./Middlewares/ST/STM32_USB_Device_Library/Core/Src/usbd_core.o
 .debug_line    0x000147ea     0x100c ./Middlewares/ST/STM32_USB_Device_Library/Core/Src/usbd_ctlreq.o
 .debug_line    0x000157f6      0xa78 ./Middlewares/ST/STM32_USB_Device_Library/Core/Src/usbd_ioreq.o
 .debug_line    0x0001626e      0xa48 ./USB_DEVICE/App/usb_device.o
 .debug_line    0x00016cb6      0xa80 ./USB_DEVICE/App/usbd_cdc_if.o
 .debug_line    0x00017736      0xaf1 ./USB_DEVICE/App/usbd_desc.o
 .debug_line    0x00018227      0xe24 ./USB_DEVICE/Target/usbd_conf.o

.debug_str      0x00000000    0x8e9ea
 .debug_str     0x00000000    0x8e9ea ./Core/Src/adc.o
                              0x85fe9 (size before relaxing)
 .debug_str     0x0008e9ea        0x0 ./Core/Src/gpio.o
                              0x85b8d (size before relaxing)
 .debug_str     0x0008e9ea        0x0 ./Core/Src/i2c.o
                              0x8609b (size before relaxing)
 .debug_str     0x0008e9ea        0x0 ./Core/Src/main.o
                              0x8a125 (size before relaxing)
 .debug_str     0x0008e9ea        0x0 ./Core/Src/stm32f1xx_hal_msp.o
                              0x85b15 (size before relaxing)
 .debug_str     0x0008e9ea        0x0 ./Core/Src/stm32f1xx_it.o
                              0x85ef4 (size before relaxing)
 .debug_str     0x0008e9ea        0x0 ./Core/Src/system_stm32f1xx.o
                              0x85767 (size before relaxing)
 .debug_str     0x0008e9ea        0x0 ./Core/Src/usart.o
                              0x85fd5 (size before relaxing)
 .debug_str     0x0008e9ea        0x0 ./Core/Startup/startup_stm32f103cbtx.o
                                 0xbe (size before relaxing)
 .debug_str     0x0008e9ea        0x0 ./Drivers/STM32F1xx_HAL_Driver/Src/stm32f1xx_hal.o
                              0x85e9a (size before relaxing)
 .debug_str     0x0008e9ea        0x0 ./Drivers/STM32F1xx_HAL_Driver/Src/stm32f1xx_hal_adc.o
                              0x85e4b (size before relaxing)
 .debug_str     0x0008e9ea        0x0 ./Drivers/STM32F1xx_HAL_Driver/Src/stm32f1xx_hal_cortex.o
                              0x85de6 (size before relaxing)
 .debug_str     0x0008e9ea        0x0 ./Drivers/STM32F1xx_HAL_Driver/Src/stm32f1xx_hal_gpio.o
                              0x85aed (size before relaxing)
 .debug_str     0x0008e9ea        0x0 ./Drivers/STM32F1xx_HAL_Driver/Src/stm32f1xx_hal_i2c.o
                              0x8682e (size before relaxing)
 .debug_str     0x0008e9ea        0x0 ./Drivers/STM32F1xx_HAL_Driver/Src/stm32f1xx_hal_pcd.o
                              0x86084 (size before relaxing)
 .debug_str     0x0008e9ea        0x0 ./Drivers/STM32F1xx_HAL_Driver/Src/stm32f1xx_hal_pcd_ex.o
                              0x85be6 (size before relaxing)
 .debug_str     0x0008e9ea        0x0 ./Drivers/STM32F1xx_HAL_Driver/Src/stm32f1xx_hal_rcc.o
                              0x85b96 (size before relaxing)
 .debug_str     0x0008e9ea        0x0 ./Drivers/STM32F1xx_HAL_Driver/Src/stm32f1xx_hal_rcc_ex.o
                              0x858e6 (size before relaxing)
 .debug_str     0x0008e9ea        0x0 ./Drivers/STM32F1xx_HAL_Driver/Src/stm32f1xx_hal_uart.o
                              0x86207 (size before relaxing)
 .debug_str     0x0008e9ea        0x0 ./Drivers/STM32F1xx_HAL_Driver/Src/stm32f1xx_ll_usb.o
                              0x85c38 (size before relaxing)
 .debug_str     0x0008e9ea        0x0 ./Drivers/TEP- Session 3 kit 1e/Src/Display.o
                              0x85bf4 (size before relaxing)
 .debug_str     0x0008e9ea        0x0 ./Drivers/TEP- Session 3 kit 1e/Src/ecran.o
                              0x85be5 (size before relaxing)
 .debug_str     0x0008e9ea        0x0 ./Middlewares/ST/STM32_USB_Device_Library/Class/CDC/Src/usbd_cdc.o
                              0x8aaac (size before relaxing)
 .debug_str     0x0008e9ea        0x0 ./Middlewares/ST/STM32_USB_Device_Library/Core/Src/usbd_core.o
                              0x8a3dc (size before relaxing)
 .debug_str     0x0008e9ea        0x0 ./Middlewares/ST/STM32_USB_Device_Library/Core/Src/usbd_ctlreq.o
                              0x8a2f6 (size before relaxing)
 .debug_str     0x0008e9ea        0x0 ./Middlewares/ST/STM32_USB_Device_Library/Core/Src/usbd_ioreq.o
                              0x8a223 (size before relaxing)
 .debug_str     0x0008e9ea        0x0 ./USB_DEVICE/App/usb_device.o
                              0x8a5ae (size before relaxing)
 .debug_str     0x0008e9ea        0x0 ./USB_DEVICE/App/usbd_cdc_if.o
                              0x8a5d4 (size before relaxing)
 .debug_str     0x0008e9ea        0x0 ./USB_DEVICE/App/usbd_desc.o
                              0x8a15f (size before relaxing)
 .debug_str     0x0008e9ea        0x0 ./USB_DEVICE/Target/usbd_conf.o
                              0x8b039 (size before relaxing)

.comment        0x00000000       0x43
 .comment       0x00000000       0x43 ./Core/Src/adc.o
                                 0x44 (size before relaxing)
 .comment       0x00000043        0x0 ./Core/Src/gpio.o
                                 0x44 (size before relaxing)
 .comment       0x00000043        0x0 ./Core/Src/i2c.o
                                 0x44 (size before relaxing)
 .comment       0x00000043        0x0 ./Core/Src/main.o
                                 0x44 (size before relaxing)
 .comment       0x00000043        0x0 ./Core/Src/stm32f1xx_hal_msp.o
                                 0x44 (size before relaxing)
 .comment       0x00000043        0x0 ./Core/Src/stm32f1xx_it.o
                                 0x44 (size before relaxing)
 .comment       0x00000043        0x0 ./Core/Src/system_stm32f1xx.o
                                 0x44 (size before relaxing)
 .comment       0x00000043        0x0 ./Core/Src/usart.o
                                 0x44 (size before relaxing)
 .comment       0x00000043        0x0 ./Drivers/STM32F1xx_HAL_Driver/Src/stm32f1xx_hal.o
                                 0x44 (size before relaxing)
 .comment       0x00000043        0x0 ./Drivers/STM32F1xx_HAL_Driver/Src/stm32f1xx_hal_adc.o
                                 0x44 (size before relaxing)
 .comment       0x00000043        0x0 ./Drivers/STM32F1xx_HAL_Driver/Src/stm32f1xx_hal_cortex.o
                                 0x44 (size before relaxing)
 .comment       0x00000043        0x0 ./Drivers/STM32F1xx_HAL_Driver/Src/stm32f1xx_hal_gpio.o
                                 0x44 (size before relaxing)
 .comment       0x00000043        0x0 ./Drivers/STM32F1xx_HAL_Driver/Src/stm32f1xx_hal_i2c.o
                                 0x44 (size before relaxing)
 .comment       0x00000043        0x0 ./Drivers/STM32F1xx_HAL_Driver/Src/stm32f1xx_hal_pcd.o
                                 0x44 (size before relaxing)
 .comment       0x00000043        0x0 ./Drivers/STM32F1xx_HAL_Driver/Src/stm32f1xx_hal_pcd_ex.o
                                 0x44 (size before relaxing)
 .comment       0x00000043        0x0 ./Drivers/STM32F1xx_HAL_Driver/Src/stm32f1xx_hal_rcc.o
                                 0x44 (size before relaxing)
 .comment       0x00000043        0x0 ./Drivers/STM32F1xx_HAL_Driver/Src/stm32f1xx_hal_rcc_ex.o
                                 0x44 (size before relaxing)
 .comment       0x00000043        0x0 ./Drivers/STM32F1xx_HAL_Driver/Src/stm32f1xx_hal_uart.o
                                 0x44 (size before relaxing)
 .comment       0x00000043        0x0 ./Drivers/STM32F1xx_HAL_Driver/Src/stm32f1xx_ll_usb.o
                                 0x44 (size before relaxing)
 .comment       0x00000043        0x0 ./Drivers/TEP- Session 3 kit 1e/Src/Display.o
                                 0x44 (size before relaxing)
 .comment       0x00000043        0x0 ./Drivers/TEP- Session 3 kit 1e/Src/ecran.o
                                 0x44 (size before relaxing)
 .comment       0x00000043        0x0 ./Middlewares/ST/STM32_USB_Device_Library/Class/CDC/Src/usbd_cdc.o
                                 0x44 (size before relaxing)
 .comment       0x00000043        0x0 ./Middlewares/ST/STM32_USB_Device_Library/Core/Src/usbd_core.o
                                 0x44 (size before relaxing)
 .comment       0x00000043        0x0 ./Middlewares/ST/STM32_USB_Device_Library/Core/Src/usbd_ctlreq.o
                                 0x44 (size before relaxing)
 .comment       0x00000043        0x0 ./Middlewares/ST/STM32_USB_Device_Library/Core/Src/usbd_ioreq.o
                                 0x44 (size before relaxing)
 .comment       0x00000043        0x0 ./USB_DEVICE/App/usb_device.o
                                 0x44 (size before relaxing)
 .comment       0x00000043        0x0 ./USB_DEVICE/App/usbd_cdc_if.o
                                 0x44 (size before relaxing)
 .comment       0x00000043        0x0 ./USB_DEVICE/App/usbd_desc.o
                                 0x44 (size before relaxing)
 .comment       0x00000043        0x0 ./USB_DEVICE/Target/usbd_conf.o
                                 0x44 (size before relaxing)

.debug_frame    0x00000000     0x45c8
 .debug_frame   0x00000000       0xec ./Core/Src/adc.o
 .debug_frame   0x000000ec       0x34 ./Core/Src/gpio.o
 .debug_frame   0x00000120       0xbc ./Core/Src/i2c.o
 .debug_frame   0x000001dc       0x6c ./Core/Src/main.o
 .debug_frame   0x00000248       0x38 ./Core/Src/stm32f1xx_hal_msp.o
 .debug_frame   0x00000280      0x120 ./Core/Src/stm32f1xx_it.o
 .debug_frame   0x000003a0       0x58 ./Core/Src/system_stm32f1xx.o
 .debug_frame   0x000003f8       0x74 ./Core/Src/usart.o
 .debug_frame   0x0000046c      0x334 ./Drivers/STM32F1xx_HAL_Driver/Src/stm32f1xx_hal.o
 .debug_frame   0x000007a0      0x40c ./Drivers/STM32F1xx_HAL_Driver/Src/stm32f1xx_hal_adc.o
 .debug_frame   0x00000bac      0x428 ./Drivers/STM32F1xx_HAL_Driver/Src/stm32f1xx_hal_cortex.o
 .debug_frame   0x00000fd4      0x14c ./Drivers/STM32F1xx_HAL_Driver/Src/stm32f1xx_hal_gpio.o
 .debug_frame   0x00001120      0xc84 ./Drivers/STM32F1xx_HAL_Driver/Src/stm32f1xx_hal_i2c.o
 .debug_frame   0x00001da4      0x594 ./Drivers/STM32F1xx_HAL_Driver/Src/stm32f1xx_hal_pcd.o
 .debug_frame   0x00002338       0xb0 ./Drivers/STM32F1xx_HAL_Driver/Src/stm32f1xx_hal_pcd_ex.o
 .debug_frame   0x000023e8      0x218 ./Drivers/STM32F1xx_HAL_Driver/Src/stm32f1xx_hal_rcc.o
 .debug_frame   0x00002600       0x80 ./Drivers/STM32F1xx_HAL_Driver/Src/stm32f1xx_hal_rcc_ex.o
 .debug_frame   0x00002680      0x944 ./Drivers/STM32F1xx_HAL_Driver/Src/stm32f1xx_hal_uart.o
 .debug_frame   0x00002fc4      0x470 ./Drivers/STM32F1xx_HAL_Driver/Src/stm32f1xx_ll_usb.o
 .debug_frame   0x00003434       0xc8 ./Drivers/TEP- Session 3 kit 1e/Src/Display.o
 .debug_frame   0x000034fc      0x128 ./Drivers/TEP- Session 3 kit 1e/Src/ecran.o
 .debug_frame   0x00003624      0x248 ./Middlewares/ST/STM32_USB_Device_Library/Class/CDC/Src/usbd_cdc.o
 .debug_frame   0x0000386c      0x300 ./Middlewares/ST/STM32_USB_Device_Library/Core/Src/usbd_core.o
 .debug_frame   0x00003b6c      0x218 ./Middlewares/ST/STM32_USB_Device_Library/Core/Src/usbd_ctlreq.o
 .debug_frame   0x00003d84      0x10c ./Middlewares/ST/STM32_USB_Device_Library/Core/Src/usbd_ioreq.o
 .debug_frame   0x00003e90       0x2c ./USB_DEVICE/App/usb_device.o
 .debug_frame   0x00003ebc       0xbc ./USB_DEVICE/App/usbd_cdc_if.o
 .debug_frame   0x00003f78      0x160 ./USB_DEVICE/App/usbd_desc.o
 .debug_frame   0x000040d8      0x4a4 ./USB_DEVICE/Target/usbd_conf.o
 .debug_frame   0x0000457c       0x20 C:/ST/STM32CubeIDE_1.15.1/STM32CubeIDE/plugins/com.st.stm32cube.ide.mcu.externaltools.gnu-tools-for-stm32.13.3.rel1.win32_1.0.100.202509120712/tools/bin/../lib/gcc/arm-none-eabi/13.3.1/../../../../arm-none-eabi/lib/thumb/v7-m/nofp\libc_nano.a(libc_a-memset.o)
 .debug_frame   0x0000459c       0x2c C:/ST/STM32CubeIDE_1.15.1/STM32CubeIDE/plugins/com.st.stm32cube.ide.mcu.externaltools.gnu-tools-for-stm32.13.3.rel1.win32_1.0.100.202509120712/tools/bin/../lib/gcc/arm-none-eabi/13.3.1/../../../../arm-none-eabi/lib/thumb/v7-m/nofp\libc_nano.a(libc_a-init.o)

.debug_line_str
                0x00000000       0xa2
 .debug_line_str
                0x00000000       0xa2 ./Core/Startup/startup_stm32f103cbtx.o
