Archive member included to satisfy reference by file (symbol)

/opt/st/stm32cubeide_1.19.0/plugins/com.st.stm32cube.ide.mcu.externaltools.gnu-tools-for-stm32.13.3.rel1.linux64_1.0.100.202509120712/tools/bin/../lib/gcc/arm-none-eabi/13.3.1/../../../../arm-none-eabi/lib/thumb/v7-m/nofp/libc_nano.a(libc_a-exit.o)
                              /opt/st/stm32cubeide_1.19.0/plugins/com.st.stm32cube.ide.mcu.externaltools.gnu-tools-for-stm32.13.3.rel1.linux64_1.0.100.202509120712/tools/bin/../lib/gcc/arm-none-eabi/13.3.1/../../../../arm-none-eabi/lib/thumb/v7-m/nofp/crt0.o (exit)
/opt/st/stm32cubeide_1.19.0/plugins/com.st.stm32cube.ide.mcu.externaltools.gnu-tools-for-stm32.13.3.rel1.linux64_1.0.100.202509120712/tools/bin/../lib/gcc/arm-none-eabi/13.3.1/../../../../arm-none-eabi/lib/thumb/v7-m/nofp/libc_nano.a(libc_a-findfp.o)
                              /opt/st/stm32cubeide_1.19.0/plugins/com.st.stm32cube.ide.mcu.externaltools.gnu-tools-for-stm32.13.3.rel1.linux64_1.0.100.202509120712/tools/bin/../lib/gcc/arm-none-eabi/13.3.1/../../../../arm-none-eabi/lib/thumb/v7-m/nofp/libc_nano.a(libc_a-exit.o) (__stdio_exit_handler)
/opt/st/stm32cubeide_1.19.0/plugins/com.st.stm32cube.ide.mcu.externaltools.gnu-tools-for-stm32.13.3.rel1.linux64_1.0.100.202509120712/tools/bin/../lib/gcc/arm-none-eabi/13.3.1/../../../../arm-none-eabi/lib/thumb/v7-m/nofp/libc_nano.a(libc_a-fwalk.o)
                              /opt/st/stm32cubeide_1.19.0/plugins/com.st.stm32cube.ide.mcu.externaltools.gnu-tools-for-stm32.13.3.rel1.linux64_1.0.100.202509120712/tools/bin/../lib/gcc/arm-none-eabi/13.3.1/../../../../arm-none-eabi/lib/thumb/v7-m/nofp/libc_nano.a(libc_a-findfp.o) (_fwalk_sglue)
/opt/st/stm32cubeide_1.19.0/plugins/com.st.stm32cube.ide.mcu.externaltools.gnu-tools-for-stm32.13.3.rel1.linux64_1.0.100.202509120712/tools/bin/../lib/gcc/arm-none-eabi/13.3.1/../../../../arm-none-eabi/lib/thumb/v7-m/nofp/libc_nano.a(libc_a-stdio.o)
                              /opt/st/stm32cubeide_1.19.0/plugins/com.st.stm32cube.ide.mcu.externaltools.gnu-tools-for-stm32.13.3.rel1.linux64_1.0.100.202509120712/tools/bin/../lib/gcc/arm-none-eabi/13.3.1/../../../../arm-none-eabi/lib/thumb/v7-m/nofp/libc_nano.a(libc_a-findfp.o) (__sread)
/opt/st/stm32cubeide_1.19.0/plugins/com.st.stm32cube.ide.mcu.externaltools.gnu-tools-for-stm32.13.3.rel1.linux64_1.0.100.202509120712/tools/bin/../lib/gcc/arm-none-eabi/13.3.1/../../../../arm-none-eabi/lib/thumb/v7-m/nofp/libc_nano.a(libc_a-memset.o)
                              /opt/st/stm32cubeide_1.19.0/plugins/com.st.stm32cube.ide.mcu.externaltools.gnu-tools-for-stm32.13.3.rel1.linux64_1.0.100.202509120712/tools/bin/../lib/gcc/arm-none-eabi/13.3.1/../../../../arm-none-eabi/lib/thumb/v7-m/nofp/crt0.o (memset)
/opt/st/stm32cubeide_1.19.0/plugins/com.st.stm32cube.ide.mcu.externaltools.gnu-tools-for-stm32.13.3.rel1.linux64_1.0.100.202509120712/tools/bin/../lib/gcc/arm-none-eabi/13.3.1/../../../../arm-none-eabi/lib/thumb/v7-m/nofp/libc_nano.a(libc_a-closer.o)
                              /opt/st/stm32cubeide_1.19.0/plugins/com.st.stm32cube.ide.mcu.externaltools.gnu-tools-for-stm32.13.3.rel1.linux64_1.0.100.202509120712/tools/bin/../lib/gcc/arm-none-eabi/13.3.1/../../../../arm-none-eabi/lib/thumb/v7-m/nofp/libc_nano.a(libc_a-stdio.o) (_close_r)
/opt/st/stm32cubeide_1.19.0/plugins/com.st.stm32cube.ide.mcu.externaltools.gnu-tools-for-stm32.13.3.rel1.linux64_1.0.100.202509120712/tools/bin/../lib/gcc/arm-none-eabi/13.3.1/../../../../arm-none-eabi/lib/thumb/v7-m/nofp/libc_nano.a(libc_a-reent.o)
                              /opt/st/stm32cubeide_1.19.0/plugins/com.st.stm32cube.ide.mcu.externaltools.gnu-tools-for-stm32.13.3.rel1.linux64_1.0.100.202509120712/tools/bin/../lib/gcc/arm-none-eabi/13.3.1/../../../../arm-none-eabi/lib/thumb/v7-m/nofp/libc_nano.a(libc_a-closer.o) (errno)
/opt/st/stm32cubeide_1.19.0/plugins/com.st.stm32cube.ide.mcu.externaltools.gnu-tools-for-stm32.13.3.rel1.linux64_1.0.100.202509120712/tools/bin/../lib/gcc/arm-none-eabi/13.3.1/../../../../arm-none-eabi/lib/thumb/v7-m/nofp/libc_nano.a(libc_a-impure.o)
                              /opt/st/stm32cubeide_1.19.0/plugins/com.st.stm32cube.ide.mcu.externaltools.gnu-tools-for-stm32.13.3.rel1.linux64_1.0.100.202509120712/tools/bin/../lib/gcc/arm-none-eabi/13.3.1/../../../../arm-none-eabi/lib/thumb/v7-m/nofp/libc_nano.a(libc_a-reent.o) (_impure_ptr)
/opt/st/stm32cubeide_1.19.0/plugins/com.st.stm32cube.ide.mcu.externaltools.gnu-tools-for-stm32.13.3.rel1.linux64_1.0.100.202509120712/tools/bin/../lib/gcc/arm-none-eabi/13.3.1/../../../../arm-none-eabi/lib/thumb/v7-m/nofp/libc_nano.a(libc_a-lseekr.o)
                              /opt/st/stm32cubeide_1.19.0/plugins/com.st.stm32cube.ide.mcu.externaltools.gnu-tools-for-stm32.13.3.rel1.linux64_1.0.100.202509120712/tools/bin/../lib/gcc/arm-none-eabi/13.3.1/../../../../arm-none-eabi/lib/thumb/v7-m/nofp/libc_nano.a(libc_a-stdio.o) (_lseek_r)
[...]
Memory Configuration

Name             Origin             Length             Attributes
RAM              0x20000000         0x00005000         xrw
FLASH            0x08000000         0x00020000         xr
*default*        0x00000000         0xffffffff

Linker script and memory map

LOAD /opt/st/stm32cubeide_1.19.0/plugins/com.st.stm32cube.ide.mcu.externaltools.gnu-tools-for-stm32.13.3.rel1.linux64_1.0.100.202509120712/tools/bin/../lib/gcc/arm-none-eabi/13.3.1/thumb/v7-m/nofp/crti.o
LOAD /opt/st/stm32cubeide_1.19.0/plugins/com.st.stm32cube.ide.mcu.externaltools.gnu-tools-for-stm32.13.3.rel1.linux64_1.0.100.202509120712/tools/bin/../lib/gcc/arm-none-eabi/13.3.1/thumb/v7-m/nofp/crtbegin.o
LOAD /opt/st/stm32cubeide_1.19.0/plugins/com.st.stm32cube.ide.mcu.externaltools.gnu-tools-for-stm32.13.3.rel1.linux64_1.0.100.202509120712/tools/bin/../lib/gcc/arm-none-eabi/13.3.1/../../../../arm-none-eabi/lib/thumb/v7-m/nofp/crt0.o
LOAD ./Core/Src/adc.o
LOAD ./Core/Src/gpio.o
LOAD ./Core/Src/i2c.o
LOAD ./Core/Src/main.o
LOAD ./Core/Src/stm32f1xx_hal_msp.o
LOAD ./Core/Src/stm32f1xx_it.o
LOAD ./Core/Src/syscalls.o
LOAD ./Core/Src/sysmem.o
LOAD ./Core/Src/system_stm32f1xx.o
LOAD ./Core/Src/usart.o
LOAD ./Core/Startup/startup_stm32f103cbtx.o
LOAD ./Drivers/STM32F1xx_HAL_Driver/Src/stm32f1xx_hal.o
LOAD ./Drivers/STM32F1xx_HAL_Driver/Src/stm32f1xx_hal_adc.o
LOAD ./Drivers/STM32F1xx_HAL_Driver/Src/stm32f1xx_hal_adc_ex.o
LOAD ./Drivers/STM32F1xx_HAL_Driver/Src/stm32f1xx_hal_cortex.o
LOAD ./Drivers/STM32F1xx_HAL_Driver/Src/stm32f1xx_hal_dma.o
LOAD ./Drivers/STM32F1xx_HAL_Driver/Src/stm32f1xx_hal_exti.o
LOAD ./Drivers/STM32F1xx_HAL_Driver/Src/stm32f1xx_hal_flash.o
LOAD ./Drivers/STM32F1xx_HAL_Driver/Src/stm32f1xx_hal_flash_ex.o
LOAD ./Drivers/STM32F1xx_HAL_Driver/Src/stm32f1xx_hal_gpio.o
LOAD ./Drivers/STM32F1xx_HAL_Driver/Src/stm32f1xx_hal_gpio_ex.o
LOAD ./Drivers/STM32F1xx_HAL_Driver/Src/stm32f1xx_hal_i2c.o
LOAD ./Drivers/STM32F1xx_HAL_Driver/Src/stm32f1xx_hal_pcd.o
LOAD ./Drivers/STM32F1xx_HAL_Driver/Src/stm32f1xx_hal_pcd_ex.o
LOAD ./Drivers/STM32F1xx_HAL_Driver/Src/stm32f1xx_hal_pwr.o
LOAD ./Drivers/STM32F1xx_HAL_Driver/Src/stm32f1xx_hal_rcc.o
LOAD ./Drivers/STM32F1xx_HAL_Driver/Src/stm32f1xx_hal_rcc_ex.o
LOAD ./Drivers/STM32F1xx_HAL_Driver/Src/stm32f1xx_hal_uart.o
LOAD ./Drivers/STM32F1xx_HAL_Driver/Src/stm32f1xx_ll_usb.o
LOAD ./Drivers/TEP- Session 3 kit 1e/Src/Clavier_4X4.o
LOAD ./Drivers/TEP- Session 3 kit 1e/Src/PICCom.o
LOAD ./Drivers/TEP- Session 3 kit 1e/Src/app_robot.o
LOAD ./Drivers/TEP- Session 3 kit 1e/Src/balance.o
LOAD ./Drivers/TEP- Session 3 kit 1e/Src/ecran.o
LOAD ./Drivers/TEP- Session 3 kit 1e/Src/moteurs.o
LOAD ./Drivers/TEP- Session 3 kit 1e/Src/pince.o
LOAD ./Middlewares/ST/STM32_USB_Device_Library/Class/CDC/Src/usbd_cdc.o
LOAD ./Middlewares/ST/STM32_USB_Device_Library/Core/Src/usbd_core.o
LOAD ./Middlewares/ST/STM32_USB_Device_Library/Core/Src/usbd_ctlreq.o
LOAD ./Middlewares/ST/STM32_USB_Device_Library/Core/Src/usbd_ioreq.o
LOAD ./USB_DEVICE/App/usb_device.o
LOAD ./USB_DEVICE/App/usbd_cdc_if.o
LOAD ./USB_DEVICE/App/usbd_desc.o
LOAD ./USB_DEVICE/Target/usbd_conf.o
START GROUP
LOAD /opt/st/stm32cubeide_1.19.0/plugins/com.st.stm32cube.ide.mcu.externaltools.gnu-tools-for-stm32.13.3.rel1.linux64_1.0.100.202509120712/tools/bin/../lib/gcc/arm-none-eabi/13.3.1/../../../../arm-none-eabi/lib/thumb/v7-m/nofp/libc_nano.a
LOAD /opt/st/stm32cubeide_1.19.0/plugins/com.st.stm32cube.ide.mcu.externaltools.gnu-tools-for-stm32.13.3.rel1.linux64_1.0.100.202509120712/tools/bin/../lib/gcc/arm-none-eabi/13.3.1/../../../../arm-none-eabi/lib/thumb/v7-m/nofp/libm.a
END GROUP
START GROUP
LOAD /opt/st/stm32cubeide_1.19.0/plugins/com.st.stm32cube.ide.mcu.externaltools.gnu-tools-for-stm32.13.3.rel1.linux64_1.0.100.202509120712/tools/bin/../lib/gcc/arm-none-eabi/13.3.1/thumb/v7-m/nofp/libgcc.a
LOAD /opt/st/stm32cubeide_1.19.0/plugins/com.st.stm32cube.ide.mcu.externaltools.gnu-tools-for-stm32.13.3.rel1.linux64_1.0.100.202509120712/tools/bin/../lib/gcc/arm-none-eabi/13.3.1/../../../../arm-none-eabi/lib/thumb/v7-m/nofp/libc_nano.a
END GROUP
START GROUP
LOAD /opt/st/stm32cubeide_1.19.0/plugins/com.st.stm32cube.ide.mcu.externaltools.gnu-tools-for-stm32.13.3.rel1.linux64_1.0.100.202509120712/tools/bin/../lib/gcc/arm-none-eabi/13.3.1/thumb/v7-m/nofp/libgcc.a
LOAD /opt/st/stm32cubeide_1.19.0/plugins/com.st.stm32cube.ide.mcu.externaltools.gnu-tools-for-stm32.13.3.rel1.linux64_1.0.100.202509120712/tools/bin/../lib/gcc/arm-none-eabi/13.3.1/../../../../arm-none-eabi/lib/thumb/v7-m/nofp/libc_nano.a
LOAD /opt/st/stm32cubeide_1.19.0/plugins/com.st.stm32cube.ide.mcu.externaltools.gnu-tools-for-stm32.13.3.rel1.linux64_1.0.100.202509120712/tools/bin/../lib/gcc/arm-none-eabi/13.3.1/../../../../arm-none-eabi/lib/thumb/v7-m/nofp/libnosys.a
END GROUP
START GROUP
LOAD /opt/st/stm32cubeide_1.19.0/plugins/com.st.stm32cube.ide.mcu.externaltools.gnu-tools-for-stm32.13.3.rel1.linux64_1.0.100.202509120712/tools/bin/../lib/gcc/arm-none-eabi/13.3.1/thumb/v7-m/nofp/libgcc.a
LOAD /opt/st/stm32cubeide_1.19.0/plugins/com.st.stm32cube.ide.mcu.externaltools.gnu-tools-for-stm32.13.3.rel1.linux64_1.0.100.202509120712/tools/bin/../lib/gcc/arm-none-eabi/13.3.1/../../../../arm-none-eabi/lib/thumb/v7-m/nofp/libc_nano.a
LOAD /opt/st/stm32cubeide_1.19.0/plugins/com.st.stm32cube.ide.mcu.externaltools.gnu-tools-for-stm32.13.3.rel1.linux64_1.0.100.202509120712/tools/bin/../lib/gcc/arm-none-eabi/13.3.1/../../../../arm-none-eabi/lib/thumb/v7-m/nofp/libnosys.a
END GROUP
LOAD /opt/st/stm32cubeide_1.19.0/plugins/com.st.stm32cube.ide.mcu.externaltools.gnu-tools-for-stm32.13.3.rel1.linux64_1.0.100.202509120712/tools/bin/../lib/gcc/arm-none-eabi/13.3.1/thumb/v7-m/nofp/crtend.o
LOAD /opt/st/stm32cubeide_1.19.0/plugins/com.st.stm32cube.ide.mcu.externaltools.gnu-tools-for-stm32.13.3.rel1.linux64_1.0.100.202509120712/tools/bin/../lib/gcc/arm-none-eabi/13.3.1/thumb/v7-m/nofp/crtn.o
                0x20005000                        _estack = (ORIGIN (RAM) + LENGTH (RAM))
                0x00000200                        _Min_Heap_Size = 0x200
                0x00000400                        _Min_Stack_Size = 0x400

.isr_vector     0x08000000      0x10c
                0x08000000                        . = ALIGN (0x4)
 *(.isr_vector)
 .isr_vector    0x08000000      0x10c ./Core/Startup/startup_stm32f103cbtx.o
                0x08000000                g_pfnVectors
                0x0800010c                        . = ALIGN (0x4)

.text           0x0800010c     0x91d0
                0x0800010c                        . = ALIGN (0x4)
 *(.text)
 .text          0x0800010c       0x40 /opt/st/stm32cubeide_1.19.0/plugins/com.st.stm32cube.ide.mcu.externaltools.gnu-tools-for-stm32.13.3.rel1.linux64_1.0.100.202509120712/tools/bin/../lib/gcc/arm-none-eabi/13.3.1/thumb/v7-m/nofp/crtbegin.o
 *(.text*)
 .text.MX_ADC1_Init
                0x0800014c       0x7c ./Core/Src/adc.o
                0x0800014c                MX_ADC1_Init
 .text.HAL_ADC_MspInit
                0x080001c8       0x78 ./Core/Src/adc.o
                0x080001c8                HAL_ADC_MspInit
 .text.MX_GPIO_Init
                0x08000240      0x13c ./Core/Src/gpio.o
                0x08000240                MX_GPIO_Init
 .text.MX_I2C1_Init
                0x0800037c       0x5c ./Core/Src/i2c.o
                0x0800037c                MX_I2C1_Init
 .text.HAL_I2C_MspInit
                0x080003d8       0x7c ./Core/Src/i2c.o
                0x080003d8                HAL_I2C_MspInit
 .text.main     0x08000454       0x6c ./Core/Src/main.o
                0x08000454                main
 .text.SystemClock_Config
                0x080004c0       0xbc ./Core/Src/main.o
                0x080004c0                SystemClock_Config
 .text.HAL_UART_RxCpltCallback
                0x0800057c       0x16 ./Core/Src/main.o
                0x0800057c                HAL_UART_RxCpltCallback
 .text.Error_Handler
                0x08000592        0xc ./Core/Src/main.o
                0x08000592                Error_Handler
 *fill*         0x0800059e        0x2 
 .text.HAL_MspInit
                0x080005a0       0x64 ./Core/Src/stm32f1xx_hal_msp.o
                0x080005a0                HAL_MspInit
 .text.NMI_Handler
                0x08000604        0x8 ./Core/Src/stm32f1xx_it.o
                0x08000604                NMI_Handler
 .text.HardFault_Handler
                0x0800060c        0x8 ./Core/Src/stm32f1xx_it.o
                0x0800060c                HardFault_Handler
 .text.MemManage_Handler
                0x08000614        0x8 ./Core/Src/stm32f1xx_it.o
                0x08000614                MemManage_Handler
 .text.BusFault_Handler
                0x0800061c        0x8 ./Core/Src/stm32f1xx_it.o
                0x0800061c                BusFault_Handler
 .text.UsageFault_Handler
                0x08000624        0x8 ./Core/Src/stm32f1xx_it.o
                0x08000624                UsageFault_Handler
 .text.SVC_Handler
                0x0800062c        0xc ./Core/Src/stm32f1xx_it.o
                0x0800062c                SVC_Handler
 .text.DebugMon_Handler
                0x08000638        0xc ./Core/Src/stm32f1xx_it.o
                0x08000638                DebugMon_Handler
 .text.PendSV_Handler
                0x08000644        0xc ./Core/Src/stm32f1xx_it.o
                0x08000644                PendSV_Handler
 .text.SysTick_Handler
                0x08000650        0xc ./Core/Src/stm32f1xx_it.o
                0x08000650                SysTick_Handler
 .text.USB_LP_CAN1_RX0_IRQHandler
                0x0800065c       0x14 ./Core/Src/stm32f1xx_it.o
                0x0800065c                USB_LP_CAN1_RX0_IRQHandler
 .text.USART1_IRQHandler
                0x08000670       0x14 ./Core/Src/stm32f1xx_it.o
                0x08000670                USART1_IRQHandler
 .text.SystemInit
                0x08000684        0xc ./Core/Src/system_stm32f1xx.o
                0x08000684                SystemInit
 .text.MX_USART1_UART_Init
                0x08000690       0x64 ./Core/Src/usart.o
                0x08000690                MX_USART1_UART_Init
 .text.HAL_UART_MspInit
                0x080006f4       0x98 ./Core/Src/usart.o
                0x080006f4                HAL_UART_MspInit
 .text.Reset_Handler
                0x0800078c       0x48 ./Core/Startup/startup_stm32f103cbtx.o
                0x0800078c                Reset_Handler
 .text.Default_Handler
                0x080007d4        0x2 ./Core/Startup/startup_stm32f103cbtx.o
                0x080007d4                RTC_Alarm_IRQHandler
                0x080007d4                EXTI2_IRQHandler
                0x080007d4                TIM1_CC_IRQHandler
                0x080007d4                PVD_IRQHandler
                0x080007d4                EXTI3_IRQHandler
                0x080007d4                EXTI0_IRQHandler
                0x080007d4                I2C2_EV_IRQHandler
                0x080007d4                ADC1_2_IRQHandler
                0x080007d4                SPI1_IRQHandler
                0x080007d4                TAMPER_IRQHandler
                0x080007d4                DMA1_Channel4_IRQHandler
                0x080007d4                USART3_IRQHandler
                0x080007d4                RTC_IRQHandler
                0x080007d4                DMA1_Channel7_IRQHandler
                0x080007d4                CAN1_RX1_IRQHandler
                0x080007d4                TIM4_IRQHandler
                0x080007d4                I2C1_EV_IRQHandler
                0x080007d4                DMA1_Channel6_IRQHandler
                0x080007d4                TIM3_IRQHandler
                0x080007d4                RCC_IRQHandler
                0x080007d4                TIM1_TRG_COM_IRQHandler
                0x080007d4                DMA1_Channel1_IRQHandler
                0x080007d4                Default_Handler
                0x080007d4                EXTI15_10_IRQHandler
                0x080007d4                EXTI9_5_IRQHandler
                0x080007d4                SPI2_IRQHandler
                0x080007d4                DMA1_Channel5_IRQHandler
                0x080007d4                EXTI4_IRQHandler
                0x080007d4                USB_HP_CAN1_TX_IRQHandler
                0x080007d4                DMA1_Channel3_IRQHandler
                0x080007d4                TIM1_UP_IRQHandler
                0x080007d4                WWDG_IRQHandler
                0x080007d4                TIM2_IRQHandler
                0x080007d4                TIM1_BRK_IRQHandler
                0x080007d4                EXTI1_IRQHandler
                0x080007d4                USART2_IRQHandler
                0x080007d4                I2C2_ER_IRQHandler
                0x080007d4                DMA1_Channel2_IRQHandler
                0x080007d4                CAN1_SCE_IRQHandler
                0x080007d4                FLASH_IRQHandler
                0x080007d4                I2C1_ER_IRQHandler
                0x080007d4                USBWakeUp_IRQHandler
 *fill*         0x080007d6        0x2 
 .text.HAL_Init
                0x080007d8       0x2c ./Drivers/STM32F1xx_HAL_Driver/Src/stm32f1xx_hal.o
                0x080007d8                HAL_Init
 .text.HAL_InitTick
                0x08000804       0x60 ./Drivers/STM32F1xx_HAL_Driver/Src/stm32f1xx_hal.o
                0x08000804                HAL_InitTick
 .text.HAL_IncTick
                0x08000864       0x24 ./Drivers/STM32F1xx_HAL_Driver/Src/stm32f1xx_hal.o
                0x08000864                HAL_IncTick
 .text.HAL_GetTick
                0x08000888       0x14 ./Drivers/STM32F1xx_HAL_Driver/Src/stm32f1xx_hal.o
                0x08000888                HAL_GetTick
 .text.HAL_Delay
                0x0800089c       0x48 ./Drivers/STM32F1xx_HAL_Driver/Src/stm32f1xx_hal.o
                0x0800089c                HAL_Delay
 .text.HAL_ADC_Init
                0x080008e4      0x1b0 ./Drivers/STM32F1xx_HAL_Driver/Src/stm32f1xx_hal_adc.o
                0x080008e4                HAL_ADC_Init
 .text.HAL_ADC_ConfigChannel
                0x08000a94      0x1f0 ./Drivers/STM32F1xx_HAL_Driver/Src/stm32f1xx_hal_adc.o
                0x08000a94                HAL_ADC_ConfigChannel
 .text.ADC_ConversionStop_Disable
                0x08000c84       0x82 ./Drivers/STM32F1xx_HAL_Driver/Src/stm32f1xx_hal_adc.o
                0x08000c84                ADC_ConversionStop_Disable
 *fill*         0x08000d06        0x2 
 .text.__NVIC_SetPriorityGrouping
                0x08000d08       0x48 ./Drivers/STM32F1xx_HAL_Driver/Src/stm32f1xx_hal_cortex.o
 .text.__NVIC_GetPriorityGrouping
                0x08000d50       0x1c ./Drivers/STM32F1xx_HAL_Driver/Src/stm32f1xx_hal_cortex.o
 .text.__NVIC_EnableIRQ
                0x08000d6c       0x38 ./Drivers/STM32F1xx_HAL_Driver/Src/stm32f1xx_hal_cortex.o
 .text.__NVIC_SetPriority
                0x08000da4       0x54 ./Drivers/STM32F1xx_HAL_Driver/Src/stm32f1xx_hal_cortex.o
 .text.NVIC_EncodePriority
                0x08000df8       0x64 ./Drivers/STM32F1xx_HAL_Driver/Src/stm32f1xx_hal_cortex.o
 .text.SysTick_Config
                0x08000e5c       0x44 ./Drivers/STM32F1xx_HAL_Driver/Src/stm32f1xx_hal_cortex.o
 .text.HAL_NVIC_SetPriorityGrouping
                0x08000ea0       0x16 ./Drivers/STM32F1xx_HAL_Driver/Src/stm32f1xx_hal_cortex.o
                0x08000ea0                HAL_NVIC_SetPriorityGrouping
 .text.HAL_NVIC_SetPriority
                0x08000eb6       0x38 ./Drivers/STM32F1xx_HAL_Driver/Src/stm32f1xx_hal_cortex.o
                0x08000eb6                HAL_NVIC_SetPriority
 .text.HAL_NVIC_EnableIRQ
                0x08000eee       0x1c ./Drivers/STM32F1xx_HAL_Driver/Src/stm32f1xx_hal_cortex.o
                0x08000eee                HAL_NVIC_EnableIRQ
 .text.HAL_SYSTICK_Config
                0x08000f0a       0x18 ./Drivers/STM32F1xx_HAL_Driver/Src/stm32f1xx_hal_cortex.o
                0x08000f0a                HAL_SYSTICK_Config
 .text.HAL_DMA_Abort
                0x08000f22       0x76 ./Drivers/STM32F1xx_HAL_Driver/Src/stm32f1xx_hal_dma.o
                0x08000f22                HAL_DMA_Abort
 .text.HAL_DMA_Abort_IT
                0x08000f98       0xf0 ./Drivers/STM32F1xx_HAL_Driver/Src/stm32f1xx_hal_dma.o
                0x08000f98                HAL_DMA_Abort_IT
 .text.HAL_GPIO_Init
                0x08001088      0x308 ./Drivers/STM32F1xx_HAL_Driver/Src/stm32f1xx_hal_gpio.o
                0x08001088                HAL_GPIO_Init
 .text.HAL_GPIO_WritePin
                0x08001390       0x30 ./Drivers/STM32F1xx_HAL_Driver/Src/stm32f1xx_hal_gpio.o
                0x08001390                HAL_GPIO_WritePin
 .text.HAL_I2C_Init
                0x080013c0      0x288 ./Drivers/STM32F1xx_HAL_Driver/Src/stm32f1xx_hal_i2c.o
                0x080013c0                HAL_I2C_Init
 .text.HAL_PCD_Init
                0x08001648      0x1ec ./Drivers/STM32F1xx_HAL_Driver/Src/stm32f1xx_hal_pcd.o
                0x08001648                HAL_PCD_Init
 .text.HAL_PCD_Start
                0x08001834       0x4c ./Drivers/STM32F1xx_HAL_Driver/Src/stm32f1xx_hal_pcd.o
                0x08001834                HAL_PCD_Start
 .text.HAL_PCD_IRQHandler
                0x08001880      0x260 ./Drivers/STM32F1xx_HAL_Driver/Src/stm32f1xx_hal_pcd.o
                0x08001880                HAL_PCD_IRQHandler
 .text.HAL_PCD_SetAddress
                0x08001ae0       0x48 ./Drivers/STM32F1xx_HAL_Driver/Src/stm32f1xx_hal_pcd.o
                0x08001ae0                HAL_PCD_SetAddress
 .text.HAL_PCD_EP_Open
                0x08001b28       0xba ./Drivers/STM32F1xx_HAL_Driver/Src/stm32f1xx_hal_pcd.o
                0x08001b28                HAL_PCD_EP_Open
 .text.HAL_PCD_EP_Close
                0x08001be2       0x90 ./Drivers/STM32F1xx_HAL_Driver/Src/stm32f1xx_hal_pcd.o
                0x08001be2                HAL_PCD_EP_Close
 .text.HAL_PCD_EP_Receive
                0x08001c72       0x62 ./Drivers/STM32F1xx_HAL_Driver/Src/stm32f1xx_hal_pcd.o
                0x08001c72                HAL_PCD_EP_Receive
 .text.HAL_PCD_EP_GetRxCount
                0x08001cd4       0x2e ./Drivers/STM32F1xx_HAL_Driver/Src/stm32f1xx_hal_pcd.o
                0x08001cd4                HAL_PCD_EP_GetRxCount
 .text.HAL_PCD_EP_Transmit
                0x08001d02       0x6e ./Drivers/STM32F1xx_HAL_Driver/Src/stm32f1xx_hal_pcd.o
                0x08001d02                HAL_PCD_EP_Transmit
 .text.HAL_PCD_EP_SetStall
                0x08001d70       0xc0 ./Drivers/STM32F1xx_HAL_Driver/Src/stm32f1xx_hal_pcd.o
                0x08001d70                HAL_PCD_EP_SetStall
 .text.HAL_PCD_EP_ClrStall
                0x08001e30       0xa8 ./Drivers/STM32F1xx_HAL_Driver/Src/stm32f1xx_hal_pcd.o
                0x08001e30                HAL_PCD_EP_ClrStall
 .text.PCD_EP_ISR_Handler
                0x08001ed8      0x79e ./Drivers/STM32F1xx_HAL_Driver/Src/stm32f1xx_hal_pcd.o
 .text.HAL_PCD_EP_DB_Receive
                0x08002676      0x21a ./Drivers/STM32F1xx_HAL_Driver/Src/stm32f1xx_hal_pcd.o
 .text.HAL_PCD_EP_DB_Transmit
                0x08002890      0x7f4 ./Drivers/STM32F1xx_HAL_Driver/Src/stm32f1xx_hal_pcd.o
 .text.HAL_PCDEx_PMAConfig
                0x08003084       0x84 ./Drivers/STM32F1xx_HAL_Driver/Src/stm32f1xx_hal_pcd_ex.o
                0x08003084                HAL_PCDEx_PMAConfig
 .text.HAL_RCC_OscConfig
                0x08003108      0x504 ./Drivers/STM32F1xx_HAL_Driver/Src/stm32f1xx_hal_rcc.o
                0x08003108                HAL_RCC_OscConfig
 .text.HAL_RCC_ClockConfig
                0x0800360c      0x1d4 ./Drivers/STM32F1xx_HAL_Driver/Src/stm32f1xx_hal_rcc.o
                0x0800360c                HAL_RCC_ClockConfig
 .text.HAL_RCC_GetSysClockFreq
                0x080037e0       0xa8 ./Drivers/STM32F1xx_HAL_Driver/Src/stm32f1xx_hal_rcc.o
                0x080037e0                HAL_RCC_GetSysClockFreq
 .text.HAL_RCC_GetHCLKFreq
                0x08003888       0x14 ./Drivers/STM32F1xx_HAL_Driver/Src/stm32f1xx_hal_rcc.o
                0x08003888                HAL_RCC_GetHCLKFreq
 .text.HAL_RCC_GetPCLK1Freq
                0x0800389c       0x28 ./Drivers/STM32F1xx_HAL_Driver/Src/stm32f1xx_hal_rcc.o
                0x0800389c                HAL_RCC_GetPCLK1Freq
 .text.HAL_RCC_GetPCLK2Freq
                0x080038c4       0x28 ./Drivers/STM32F1xx_HAL_Driver/Src/stm32f1xx_hal_rcc.o
                0x080038c4                HAL_RCC_GetPCLK2Freq
 .text.RCC_Delay
                0x080038ec       0x3c ./Drivers/STM32F1xx_HAL_Driver/Src/stm32f1xx_hal_rcc.o
 .text.HAL_RCCEx_PeriphCLKConfig
                0x08003928      0x16c ./Drivers/STM32F1xx_HAL_Driver/Src/stm32f1xx_hal_rcc_ex.o
                0x08003928                HAL_RCCEx_PeriphCLKConfig
 .text.HAL_UART_Init
                0x08003a94       0xa0 ./Drivers/STM32F1xx_HAL_Driver/Src/stm32f1xx_hal_uart.o
                0x08003a94                HAL_UART_Init
 .text.HAL_UART_Transmit
                0x08003b34      0x116 ./Drivers/STM32F1xx_HAL_Driver/Src/stm32f1xx_hal_uart.o
                0x08003b34                HAL_UART_Transmit
 .text.HAL_UART_Receive_IT
                0x08003c4a       0x4a ./Drivers/STM32F1xx_HAL_Driver/Src/stm32f1xx_hal_uart.o
                0x08003c4a                HAL_UART_Receive_IT
 .text.HAL_UART_IRQHandler
                0x08003c94      0x524 ./Drivers/STM32F1xx_HAL_Driver/Src/stm32f1xx_hal_uart.o
                0x08003c94                HAL_UART_IRQHandler
 .text.HAL_UART_TxCpltCallback
                0x080041b8       0x12 ./Drivers/STM32F1xx_HAL_Driver/Src/stm32f1xx_hal_uart.o
                0x080041b8                HAL_UART_TxCpltCallback
 .text.HAL_UART_ErrorCallback
                0x080041ca       0x12 ./Drivers/STM32F1xx_HAL_Driver/Src/stm32f1xx_hal_uart.o
                0x080041ca                HAL_UART_ErrorCallback
 .text.HAL_UARTEx_RxEventCallback
                0x080041dc       0x16 ./Drivers/STM32F1xx_HAL_Driver/Src/stm32f1xx_hal_uart.o
                0x080041dc                HAL_UARTEx_RxEventCallback
 .text.UART_WaitOnFlagUntilTimeout
                0x080041f2       0xb2 ./Drivers/STM32F1xx_HAL_Driver/Src/stm32f1xx_hal_uart.o
 .text.UART_Start_Receive_IT
                0x080042a4       0x72 ./Drivers/STM32F1xx_HAL_Driver/Src/stm32f1xx_hal_uart.o
                0x080042a4                UART_Start_Receive_IT
 .text.UART_EndRxTransfer
                0x08004316       0xc4 ./Drivers/STM32F1xx_HAL_Driver/Src/stm32f1xx_hal_uart.o
 .text.UART_DMAAbortOnError
                0x080043da       0x28 ./Drivers/STM32F1xx_HAL_Driver/Src/stm32f1xx_hal_uart.o
 .text.UART_Transmit_IT
                0x08004402       0x9e ./Drivers/STM32F1xx_HAL_Driver/Src/stm32f1xx_hal_uart.o
 .text.UART_EndTransmit_IT
                0x080044a0       0x30 ./Drivers/STM32F1xx_HAL_Driver/Src/stm32f1xx_hal_uart.o
 .text.UART_Receive_IT
                0x080044d0      0x17c ./Drivers/STM32F1xx_HAL_Driver/Src/stm32f1xx_hal_uart.o
 .text.UART_SetConfig
                0x0800464c      0x11c ./Drivers/STM32F1xx_HAL_Driver/Src/stm32f1xx_hal_uart.o
 .text.USB_CoreInit
                0x08004768       0x1a ./Drivers/STM32F1xx_HAL_Driver/Src/stm32f1xx_ll_usb.o
                0x08004768                USB_CoreInit
 .text.USB_EnableGlobalInt
                0x08004782       0x2c ./Drivers/STM32F1xx_HAL_Driver/Src/stm32f1xx_ll_usb.o
                0x08004782                USB_EnableGlobalInt
 .text.USB_DisableGlobalInt
                0x080047ae       0x34 ./Drivers/STM32F1xx_HAL_Driver/Src/stm32f1xx_ll_usb.o
                0x080047ae                USB_DisableGlobalInt
 .text.USB_SetCurrentMode
                0x080047e2       0x18 ./Drivers/STM32F1xx_HAL_Driver/Src/stm32f1xx_ll_usb.o
                0x080047e2                USB_SetCurrentMode
 .text.USB_DevInit
                0x080047fa       0x3a ./Drivers/STM32F1xx_HAL_Driver/Src/stm32f1xx_ll_usb.o
                0x080047fa                USB_DevInit
 .text.USB_ActivateEndpoint
                0x08004834      0x780 ./Drivers/STM32F1xx_HAL_Driver/Src/stm32f1xx_ll_usb.o
                0x08004834                USB_ActivateEndpoint
 .text.USB_DeactivateEndpoint
                0x08004fb4      0x3d8 ./Drivers/STM32F1xx_HAL_Driver/Src/stm32f1xx_ll_usb.o
                0x08004fb4                USB_DeactivateEndpoint
 .text.USB_EPStartXfer
                0x0800538c     0x1762 ./Drivers/STM32F1xx_HAL_Driver/Src/stm32f1xx_ll_usb.o
                0x0800538c                USB_EPStartXfer
 .text.USB_EPSetStall
                0x08006aee       0xa0 ./Drivers/STM32F1xx_HAL_Driver/Src/stm32f1xx_ll_usb.o
                0x08006aee                USB_EPSetStall
 .text.USB_EPClearStall
                0x08006b8e      0x15a ./Drivers/STM32F1xx_HAL_Driver/Src/stm32f1xx_ll_usb.o
                0x08006b8e                USB_EPClearStall
 .text.USB_SetDevAddress
                0x08006ce8       0x26 ./Drivers/STM32F1xx_HAL_Driver/Src/stm32f1xx_ll_usb.o
                0x08006ce8                USB_SetDevAddress
 .text.USB_DevConnect
                0x08006d0e       0x14 ./Drivers/STM32F1xx_HAL_Driver/Src/stm32f1xx_ll_usb.o
                0x08006d0e                USB_DevConnect
 .text.USB_DevDisconnect
                0x08006d22       0x14 ./Drivers/STM32F1xx_HAL_Driver/Src/stm32f1xx_ll_usb.o
                0x08006d22                USB_DevDisconnect
 .text.USB_ReadInterrupts
                0x08006d36       0x1e ./Drivers/STM32F1xx_HAL_Driver/Src/stm32f1xx_ll_usb.o
                0x08006d36                USB_ReadInterrupts
 .text.USB_EP0_OutStart
                0x08006d54       0x16 ./Drivers/STM32F1xx_HAL_Driver/Src/stm32f1xx_ll_usb.o
                0x08006d54                USB_EP0_OutStart
 .text.USB_WritePMA
                0x08006d6a       0x8c ./Drivers/STM32F1xx_HAL_Driver/Src/stm32f1xx_ll_usb.o
                0x08006d6a                USB_WritePMA
 .text.USB_ReadPMA
                0x08006df6       0x9e ./Drivers/STM32F1xx_HAL_Driver/Src/stm32f1xx_ll_usb.o
                0x08006df6                USB_ReadPMA
 .text.PICCom_Init
                0x08006e94       0x50 ./Drivers/TEP- Session 3 kit 1e/Src/PICCom.o
                0x08006e94                PICCom_Init
 .text.PICCom_RxCallback
                0x08006ee4      0x110 ./Drivers/TEP- Session 3 kit 1e/Src/PICCom.o
                0x08006ee4                PICCom_RxCallback
 .text.PICCom_NewStatus
                0x08006ff4       0x14 ./Drivers/TEP- Session 3 kit 1e/Src/PICCom.o
                0x08006ff4                PICCom_NewStatus
 .text.PICCom_GetStatus
                0x08007008       0x40 ./Drivers/TEP- Session 3 kit 1e/Src/PICCom.o
                0x08007008                PICCom_GetStatus
 .text.PICCom_SendPositions
                0x08007048       0x88 ./Drivers/TEP- Session 3 kit 1e/Src/PICCom.o
                0x08007048                PICCom_SendPositions
 .text.LCD_Init
                0x080070d0       0x8c ./Drivers/TEP- Session 3 kit 1e/Src/ecran.o
                0x080070d0                LCD_Init
 .text.LCD_Mode
                0x0800715c       0x38 ./Drivers/TEP- Session 3 kit 1e/Src/ecran.o
                0x0800715c                LCD_Mode
 .text.LCD_write4bits
                0x08007194       0x8c ./Drivers/TEP- Session 3 kit 1e/Src/ecran.o
                0x08007194                LCD_write4bits
 .text.LCD_command
                0x08007220       0x2e ./Drivers/TEP- Session 3 kit 1e/Src/ecran.o
                0x08007220                LCD_command
 .text.LCD_Char
                0x0800724e       0x34 ./Drivers/TEP- Session 3 kit 1e/Src/ecran.o
                0x0800724e                LCD_Char
 .text.LCD_String
                0x08007282       0x3e ./Drivers/TEP- Session 3 kit 1e/Src/ecran.o
                0x08007282                LCD_String
 .text.LCD_CustomChar
                0x080072c0       0x48 ./Drivers/TEP- Session 3 kit 1e/Src/ecran.o
                0x080072c0                LCD_CustomChar
 .text.USBD_CDC_Init
                0x08007308       0xf4 ./Middlewares/ST/STM32_USB_Device_Library/Class/CDC/Src/usbd_cdc.o
 .text.USBD_CDC_DeInit
                0x080073fc       0x6e ./Middlewares/ST/STM32_USB_Device_Library/Class/CDC/Src/usbd_cdc.o
 .text.USBD_CDC_Setup
                0x0800746a      0x146 ./Middlewares/ST/STM32_USB_Device_Library/Class/CDC/Src/usbd_cdc.o
 .text.USBD_CDC_DataIn
                0x080075b0       0xa6 ./Middlewares/ST/STM32_USB_Device_Library/Class/CDC/Src/usbd_cdc.o
 .text.USBD_CDC_DataOut
                0x08007656       0x56 ./Middlewares/ST/STM32_USB_Device_Library/Class/CDC/Src/usbd_cdc.o
 .text.USBD_CDC_EP0_RxReady
                0x080076ac       0x4e ./Middlewares/ST/STM32_USB_Device_Library/Class/CDC/Src/usbd_cdc.o
 *fill*         0x080076fa        0x2 
 .text.USBD_CDC_GetFSCfgDesc
                0x080076fc       0x20 ./Middlewares/ST/STM32_USB_Device_Library/Class/CDC/Src/usbd_cdc.o
 .text.USBD_CDC_GetHSCfgDesc
                0x0800771c       0x20 ./Middlewares/ST/STM32_USB_Device_Library/Class/CDC/Src/usbd_cdc.o
 .text.USBD_CDC_GetOtherSpeedCfgDesc
                0x0800773c       0x20 ./Middlewares/ST/STM32_USB_Device_Library/Class/CDC/Src/usbd_cdc.o
 .text.USBD_CDC_GetDeviceQualifierDescriptor
                0x0800775c       0x20 ./Middlewares/ST/STM32_USB_Device_Library/Class/CDC/Src/usbd_cdc.o
                0x0800775c                USBD_CDC_GetDeviceQualifierDescriptor
 .text.USBD_CDC_RegisterInterface
                0x0800777c       0x2c ./Middlewares/ST/STM32_USB_Device_Library/Class/CDC/Src/usbd_cdc.o
                0x0800777c                USBD_CDC_RegisterInterface
 .text.USBD_CDC_SetTxBuffer
                0x080077a8       0x32 ./Middlewares/ST/STM32_USB_Device_Library/Class/CDC/Src/usbd_cdc.o
                0x080077a8                USBD_CDC_SetTxBuffer
 .text.USBD_CDC_SetRxBuffer
                0x080077da       0x26 ./Middlewares/ST/STM32_USB_Device_Library/Class/CDC/Src/usbd_cdc.o
                0x080077da                USBD_CDC_SetRxBuffer
 .text.USBD_CDC_ReceivePacket
                0x08007800       0x54 ./Middlewares/ST/STM32_USB_Device_Library/Class/CDC/Src/usbd_cdc.o
                0x08007800                USBD_CDC_ReceivePacket
 .text.USBD_Init
                0x08007854       0x56 ./Middlewares/ST/STM32_USB_Device_Library/Core/Src/usbd_core.o
                0x08007854                USBD_Init
 .text.USBD_RegisterClass
                0x080078aa       0x32 ./Middlewares/ST/STM32_USB_Device_Library/Core/Src/usbd_core.o
                0x080078aa                USBD_RegisterClass
 .text.USBD_Start
                0x080078dc       0x18 ./Middlewares/ST/STM32_USB_Device_Library/Core/Src/usbd_core.o
                0x080078dc                USBD_Start
 .text.USBD_RunTestMode
                0x080078f4       0x14 ./Middlewares/ST/STM32_USB_Device_Library/Core/Src/usbd_core.o
                0x080078f4                USBD_RunTestMode
 .text.USBD_SetClassConfig
                0x08007908       0x3e ./Middlewares/ST/STM32_USB_Device_Library/Core/Src/usbd_core.o
                0x08007908                USBD_SetClassConfig
 .text.USBD_ClrClassConfig
                0x08007946       0x26 ./Middlewares/ST/STM32_USB_Device_Library/Core/Src/usbd_core.o
                0x08007946                USBD_ClrClassConfig
 .text.USBD_LL_SetupStage
                0x0800796c       0x9a ./Middlewares/ST/STM32_USB_Device_Library/Core/Src/usbd_core.o
                0x0800796c                USBD_LL_SetupStage
 .text.USBD_LL_DataOutStage
                0x08007a06       0xe2 ./Middlewares/ST/STM32_USB_Device_Library/Core/Src/usbd_core.o
                0x08007a06                USBD_LL_DataOutStage
 .text.USBD_LL_DataInStage
                0x08007ae8      0x14a ./Middlewares/ST/STM32_USB_Device_Library/Core/Src/usbd_core.o
                0x08007ae8                USBD_LL_DataInStage
 .text.USBD_LL_Reset
                0x08007c32       0x82 ./Middlewares/ST/STM32_USB_Device_Library/Core/Src/usbd_core.o
                0x08007c32                USBD_LL_Reset
 .text.USBD_LL_SetSpeed
                0x08007cb4       0x1e ./Middlewares/ST/STM32_USB_Device_Library/Core/Src/usbd_core.o
                0x08007cb4                USBD_LL_SetSpeed
 .text.USBD_LL_Suspend
                0x08007cd2       0x28 ./Middlewares/ST/STM32_USB_Device_Library/Core/Src/usbd_core.o
                0x08007cd2                USBD_LL_Suspend
 .text.USBD_LL_Resume
                0x08007cfa       0x2a ./Middlewares/ST/STM32_USB_Device_Library/Core/Src/usbd_core.o
                0x08007cfa                USBD_LL_Resume
 .text.USBD_LL_SOF
                0x08007d24       0x34 ./Middlewares/ST/STM32_USB_Device_Library/Core/Src/usbd_core.o
                0x08007d24                USBD_LL_SOF
 .text.USBD_StdDevReq
                0x08007d58       0xd4 ./Middlewares/ST/STM32_USB_Device_Library/Core/Src/usbd_ctlreq.o
                0x08007d58                USBD_StdDevReq
 .text.USBD_StdItfReq
                0x08007e2c       0x90 ./Middlewares/ST/STM32_USB_Device_Library/Core/Src/usbd_ctlreq.o
                0x08007e2c                USBD_StdItfReq
 .text.USBD_StdEPReq
                0x08007ebc      0x2c6 ./Middlewares/ST/STM32_USB_Device_Library/Core/Src/usbd_ctlreq.o
                0x08007ebc                USBD_StdEPReq
 *fill*         0x08008182        0x2 
 .text.USBD_GetDescriptor
                0x08008184      0x2d0 ./Middlewares/ST/STM32_USB_Device_Library/Core/Src/usbd_ctlreq.o
 .text.USBD_SetAddress
                0x08008454       0x86 ./Middlewares/ST/STM32_USB_Device_Library/Core/Src/usbd_ctlreq.o
 *fill*         0x080084da        0x2 
 .text.USBD_SetConfig
                0x080084dc      0x11c ./Middlewares/ST/STM32_USB_Device_Library/Core/Src/usbd_ctlreq.o
 .text.USBD_GetConfig
                0x080085f8       0x6a ./Middlewares/ST/STM32_USB_Device_Library/Core/Src/usbd_ctlreq.o
 .text.USBD_GetStatus
                0x08008662       0x66 ./Middlewares/ST/STM32_USB_Device_Library/Core/Src/usbd_ctlreq.o
 .text.USBD_SetFeature
                0x080086c8       0x28 ./Middlewares/ST/STM32_USB_Device_Library/Core/Src/usbd_ctlreq.o
 .text.USBD_ClrFeature
                0x080086f0       0x42 ./Middlewares/ST/STM32_USB_Device_Library/Core/Src/usbd_ctlreq.o
 .text.USBD_ParseSetupRequest
                0x08008732       0x72 ./Middlewares/ST/STM32_USB_Device_Library/Core/Src/usbd_ctlreq.o
                0x08008732                USBD_ParseSetupRequest
 .text.USBD_CtlError
                0x080087a4       0x22 ./Middlewares/ST/STM32_USB_Device_Library/Core/Src/usbd_ctlreq.o
                0x080087a4                USBD_CtlError
 .text.USBD_GetString
                0x080087c6       0x84 ./Middlewares/ST/STM32_USB_Device_Library/Core/Src/usbd_ctlreq.o
                0x080087c6                USBD_GetString
 .text.USBD_GetLen
                0x0800884a       0x2e ./Middlewares/ST/STM32_USB_Device_Library/Core/Src/usbd_ctlreq.o
 .text.USBD_CtlSendData
                0x08008878       0x38 ./Middlewares/ST/STM32_USB_Device_Library/Core/Src/usbd_ioreq.o
                0x08008878                USBD_CtlSendData
 .text.USBD_CtlContinueSendData
                0x080088b0       0x24 ./Middlewares/ST/STM32_USB_Device_Library/Core/Src/usbd_ioreq.o
                0x080088b0                USBD_CtlContinueSendData
 .text.USBD_CtlPrepareRx
                0x080088d4       0x3c ./Middlewares/ST/STM32_USB_Device_Library/Core/Src/usbd_ioreq.o
                0x080088d4                USBD_CtlPrepareRx
 .text.USBD_CtlContinueRx
                0x08008910       0x24 ./Middlewares/ST/STM32_USB_Device_Library/Core/Src/usbd_ioreq.o
                0x08008910                USBD_CtlContinueRx
 .text.USBD_CtlSendStatus
                0x08008934       0x26 ./Middlewares/ST/STM32_USB_Device_Library/Core/Src/usbd_ioreq.o
                0x08008934                USBD_CtlSendStatus
 .text.USBD_CtlReceiveStatus
                0x0800895a       0x26 ./Middlewares/ST/STM32_USB_Device_Library/Core/Src/usbd_ioreq.o
                0x0800895a                USBD_CtlReceiveStatus
 .text.MX_USB_DEVICE_Init
                0x08008980       0x60 ./USB_DEVICE/App/usb_device.o
                0x08008980                MX_USB_DEVICE_Init
 .text.CDC_Init_FS
                0x080089e0       0x28 ./USB_DEVICE/App/usbd_cdc_if.o
 .text.CDC_DeInit_FS
                0x08008a08        0xe ./USB_DEVICE/App/usbd_cdc_if.o
 *fill*         0x08008a16        0x2 
 .text.CDC_Control_FS
                0x08008a18       0xbc ./USB_DEVICE/App/usbd_cdc_if.o
 .text.CDC_Receive_FS
                0x08008ad4       0x28 ./USB_DEVICE/App/usbd_cdc_if.o
 .text.USBD_FS_DeviceDescriptor
                0x08008afc       0x24 ./USB_DEVICE/App/usbd_desc.o
                0x08008afc                USBD_FS_DeviceDescriptor
 .text.USBD_FS_LangIDStrDescriptor
                0x08008b20       0x24 ./USB_DEVICE/App/usbd_desc.o
                0x08008b20                USBD_FS_LangIDStrDescriptor
 .text.USBD_FS_ProductStrDescriptor
                0x08008b44       0x3c ./USB_DEVICE/App/usbd_desc.o
                0x08008b44                USBD_FS_ProductStrDescriptor
 .text.USBD_FS_ManufacturerStrDescriptor
                0x08008b80       0x28 ./USB_DEVICE/App/usbd_desc.o
                0x08008b80                USBD_FS_ManufacturerStrDescriptor
 .text.USBD_FS_SerialStrDescriptor
                0x08008ba8       0x24 ./USB_DEVICE/App/usbd_desc.o
                0x08008ba8                USBD_FS_SerialStrDescriptor
 .text.USBD_FS_ConfigStrDescriptor
                0x08008bcc       0x3c ./USB_DEVICE/App/usbd_desc.o
                0x08008bcc                USBD_FS_ConfigStrDescriptor
 .text.USBD_FS_InterfaceStrDescriptor
                0x08008c08       0x3c ./USB_DEVICE/App/usbd_desc.o
                0x08008c08                USBD_FS_InterfaceStrDescriptor
 .text.Get_SerialNum
                0x08008c44       0x58 ./USB_DEVICE/App/usbd_desc.o
 .text.IntToUnicode
                0x08008c9c       0x7c ./USB_DEVICE/App/usbd_desc.o
 .text.HAL_PCD_MspInit
                0x08008d18       0x4c ./USB_DEVICE/Target/usbd_conf.o
                0x08008d18                HAL_PCD_MspInit
 .text.HAL_PCD_SetupStageCallback
                0x08008d64       0x24 ./USB_DEVICE/Target/usbd_conf.o
                0x08008d64                HAL_PCD_SetupStageCallback
 .text.HAL_PCD_DataOutStageCallback
                0x08008d88       0x36 ./USB_DEVICE/Target/usbd_conf.o
                0x08008d88                HAL_PCD_DataOutStageCallback
 .text.HAL_PCD_DataInStageCallback
                0x08008dbe       0x34 ./USB_DEVICE/Target/usbd_conf.o
                0x08008dbe                HAL_PCD_DataInStageCallback
 .text.HAL_PCD_SOFCallback
                0x08008df2       0x1c ./USB_DEVICE/Target/usbd_conf.o
                0x08008df2                HAL_PCD_SOFCallback
 .text.HAL_PCD_ResetCallback
                0x08008e0e       0x3c ./USB_DEVICE/Target/usbd_conf.o
                0x08008e0e                HAL_PCD_ResetCallback
 *fill*         0x08008e4a        0x2 
 .text.HAL_PCD_SuspendCallback
                0x08008e4c       0x34 ./USB_DEVICE/Target/usbd_conf.o
                0x08008e4c                HAL_PCD_SuspendCallback
 .text.HAL_PCD_ResumeCallback
                0x08008e80       0x1c ./USB_DEVICE/Target/usbd_conf.o
                0x08008e80                HAL_PCD_ResumeCallback
 .text.USBD_LL_Init
                0x08008e9c       0xb4 ./USB_DEVICE/Target/usbd_conf.o
                0x08008e9c                USBD_LL_Init
 .text.USBD_LL_Start
                0x08008f50       0x36 ./USB_DEVICE/Target/usbd_conf.o
                0x08008f50                USBD_LL_Start
 .text.USBD_LL_OpenEP
                0x08008f86       0x4c ./USB_DEVICE/Target/usbd_conf.o
                0x08008f86                USBD_LL_OpenEP
 .text.USBD_LL_CloseEP
                0x08008fd2       0x3e ./USB_DEVICE/Target/usbd_conf.o
                0x08008fd2                USBD_LL_CloseEP
 .text.USBD_LL_StallEP
                0x08009010       0x3e ./USB_DEVICE/Target/usbd_conf.o
                0x08009010                USBD_LL_StallEP
 .text.USBD_LL_ClearStallEP
                0x0800904e       0x3e ./USB_DEVICE/Target/usbd_conf.o
                0x0800904e                USBD_LL_ClearStallEP
 .text.USBD_LL_IsStallEP
                0x0800908c       0x56 ./USB_DEVICE/Target/usbd_conf.o
                0x0800908c                USBD_LL_IsStallEP
 .text.USBD_LL_SetUSBAddress
                0x080090e2       0x3e ./USB_DEVICE/Target/usbd_conf.o
                0x080090e2                USBD_LL_SetUSBAddress
 .text.USBD_LL_Transmit
                0x08009120       0x46 ./USB_DEVICE/Target/usbd_conf.o
                0x08009120                USBD_LL_Transmit
 .text.USBD_LL_PrepareReceive
                0x08009166       0x46 ./USB_DEVICE/Target/usbd_conf.o
                0x08009166                USBD_LL_PrepareReceive
 .text.USBD_LL_GetRxDataSize
                0x080091ac       0x26 ./USB_DEVICE/Target/usbd_conf.o
                0x080091ac                USBD_LL_GetRxDataSize
 *fill*         0x080091d2        0x2 
 .text.USBD_static_malloc
                0x080091d4       0x18 ./USB_DEVICE/Target/usbd_conf.o
                0x080091d4                USBD_static_malloc
 .text.USBD_static_free
                0x080091ec       0x12 ./USB_DEVICE/Target/usbd_conf.o
                0x080091ec                USBD_static_free
 .text.HAL_PCDEx_SetConnectionState
                0x080091fe       0x16 ./USB_DEVICE/Target/usbd_conf.o
                0x080091fe                HAL_PCDEx_SetConnectionState
 .text.USBD_Get_USB_Status
                0x08009214       0x58 ./USB_DEVICE/Target/usbd_conf.o
 .text.memset   0x0800926c       0x10 /opt/st/stm32cubeide_1.19.0/plugins/com.st.stm32cube.ide.mcu.externaltools.gnu-tools-for-stm32.13.3.rel1.linux64_1.0.100.202509120712/tools/bin/../lib/gcc/arm-none-eabi/13.3.1/../../../../arm-none-eabi/lib/thumb/v7-m/nofp/libc_nano.a(libc_a-memset.o)
                0x0800926c                memset
 .text.__libc_init_array
                0x0800927c       0x48 /opt/st/stm32cubeide_1.19.0/plugins/com.st.stm32cube.ide.mcu.externaltools.gnu-tools-for-stm32.13.3.rel1.linux64_1.0.100.202509120712/tools/bin/../lib/gcc/arm-none-eabi/13.3.1/../../../../arm-none-eabi/lib/thumb/v7-m/nofp/libc_nano.a(libc_a-init.o)
                0x0800927c                __libc_init_array
 *(.glue_7)
 .glue_7        0x080092c4        0x0 linker stubs
 *(.glue_7t)
 .glue_7t       0x080092c4        0x0 linker stubs
 *(.eh_frame)
 .eh_frame      0x080092c4        0x0 /opt/st/stm32cubeide_1.19.0/plugins/com.st.stm32cube.ide.mcu.externaltools.gnu-tools-for-stm32.13.3.rel1.linux64_1.0.100.202509120712/tools/bin/../lib/gcc/arm-none-eabi/13.3.1/thumb/v7-m/nofp/crtbegin.o
 *(.init)
 .init          0x080092c4        0x4 /opt/st/stm32cubeide_1.19.0/plugins/com.st.stm32cube.ide.mcu.externaltools.gnu-tools-for-stm32.13.3.rel1.linux64_1.0.100.202509120712/tools/bin/../lib/gcc/arm-none-eabi/13.3.1/thumb/v7-m/nofp/crti.o
                0x080092c4                _init
 .init          0x080092c8        0x8 /opt/st/stm32cubeide_1.19.0/plugins/com.st.stm32cube.ide.mcu.externaltools.gnu-tools-for-stm32.13.3.rel1.linux64_1.0.100.202509120712/tools/bin/../lib/gcc/arm-none-eabi/13.3.1/thumb/v7-m/nofp/crtn.o
 *(.fini)
 .fini          0x080092d0        0x4 /opt/st/stm32cubeide_1.19.0/plugins/com.st.stm32cube.ide.mcu.externaltools.gnu-tools-for-stm32.13.3.rel1.linux64_1.0.100.202509120712/tools/bin/../lib/gcc/arm-none-eabi/13.3.1/thumb/v7-m/nofp/crti.o
                0x080092d0                _fini
 .fini          0x080092d4        0x8 /opt/st/stm32cubeide_1.19.0/plugins/com.st.stm32cube.ide.mcu.externaltools.gnu-tools-for-stm32.13.3.rel1.linux64_1.0.100.202509120712/tools/bin/../lib/gcc/arm-none-eabi/13.3.1/thumb/v7-m/nofp/crtn.o
                0x080092dc                        . = ALIGN (0x4)
                0x080092dc                        _etext = .

.vfp11_veneer   0x080092dc        0x0
 .vfp11_veneer  0x080092dc        0x0 linker stubs

.v4_bx          0x080092dc        0x0
 .v4_bx         0x080092dc        0x0 linker stubs

.iplt           0x080092dc        0x0
 .iplt          0x080092dc        0x0 /opt/st/stm32cubeide_1.19.0/plugins/com.st.stm32cube.ide.mcu.externaltools.gnu-tools-for-stm32.13.3.rel1.linux64_1.0.100.202509120712/tools/bin/../lib/gcc/arm-none-eabi/13.3.1/thumb/v7-m/nofp/crtbegin.o

.rodata         0x080092dc       0x88
                0x080092dc                        . = ALIGN (0x4)
 *(.rodata)
 .rodata        0x080092dc        0xb ./Core/Src/main.o
 *fill*         0x080092e7        0x1 
 .rodata        0x080092e8        0x8 ./Drivers/TEP- Session 3 kit 1e/Src/ecran.o
 .rodata        0x080092f0       0x46 ./USB_DEVICE/App/usbd_desc.o
 *(.rodata*)
 *fill*         0x08009336        0x2 
 .rodata.AHBPrescTable
                0x08009338       0x10 ./Core/Src/system_stm32f1xx.o
                0x08009338                AHBPrescTable
 .rodata.APBPrescTable
                0x08009348        0x8 ./Core/Src/system_stm32f1xx.o
                0x08009348                APBPrescTable
 .rodata.aPLLMULFactorTable.1
                0x08009350       0x10 ./Drivers/STM32F1xx_HAL_Driver/Src/stm32f1xx_hal_rcc.o
 .rodata.aPredivFactorTable.0
                0x08009360        0x2 ./Drivers/STM32F1xx_HAL_Driver/Src/stm32f1xx_hal_rcc.o
                0x08009364                        . = ALIGN (0x4)
 *fill*         0x08009362        0x2 

.ARM.extab      0x08009364        0x0
                0x08009364                        . = ALIGN (0x4)
 *(.ARM.extab* .gnu.linkonce.armextab.*)
                0x08009364                        . = ALIGN (0x4)

.ARM            0x08009364        0x0
                0x08009364                        . = ALIGN (0x4)
                0x08009364                        __exidx_start = .
 *(.ARM.exidx*)
                0x08009364                        __exidx_end = .
                0x08009364                        . = ALIGN (0x4)

.preinit_array  0x08009364        0x0
                0x08009364                        . = ALIGN (0x4)
                0x08009364                        PROVIDE (__preinit_array_start = .)
 *(.preinit_array*)
                0x08009364                        PROVIDE (__preinit_array_end = .)
                0x08009364                        . = ALIGN (0x4)

.init_array     0x08009364        0x4
                0x08009364                        . = ALIGN (0x4)
                0x08009364                        PROVIDE (__init_array_start = .)
 *(SORT_BY_NAME(.init_array.*))
 *(.init_array*)
 .init_array    0x08009364        0x4 /opt/st/stm32cubeide_1.19.0/plugins/com.st.stm32cube.ide.mcu.externaltools.gnu-tools-for-stm32.13.3.rel1.linux64_1.0.100.202509120712/tools/bin/../lib/gcc/arm-none-eabi/13.3.1/thumb/v7-m/nofp/crtbegin.o
                0x08009368                        PROVIDE (__init_array_end = .)
                0x08009368                        . = ALIGN (0x4)

.fini_array     0x08009368        0x4
                0x08009368                        . = ALIGN (0x4)
                [!provide]                        PROVIDE (__fini_array_start = .)
 *(SORT_BY_NAME(.fini_array.*))
 *(.fini_array*)
 .fini_array    0x08009368        0x4 /opt/st/stm32cubeide_1.19.0/plugins/com.st.stm32cube.ide.mcu.externaltools.gnu-tools-for-stm32.13.3.rel1.linux64_1.0.100.202509120712/tools/bin/../lib/gcc/arm-none-eabi/13.3.1/thumb/v7-m/nofp/crtbegin.o
                [!provide]                        PROVIDE (__fini_array_end = .)
                0x0800936c                        . = ALIGN (0x4)
                0x0800936c                        _sidata = LOADADDR (.data)

.rel.dyn        0x0800936c        0x0
 .rel.iplt      0x0800936c        0x0 /opt/st/stm32cubeide_1.19.0/plugins/com.st.stm32cube.ide.mcu.externaltools.gnu-tools-for-stm32.13.3.rel1.linux64_1.0.100.202509120712/tools/bin/../lib/gcc/arm-none-eabi/13.3.1/thumb/v7-m/nofp/crtbegin.o

.data           0x20000000      0x17c load address 0x0800936c
                0x20000000                        . = ALIGN (0x4)
                0x20000000                        _sdata = .
 *(.data)
 *(.data*)
 .data.SystemCoreClock
                0x20000000        0x4 ./Core/Src/system_stm32f1xx.o
                0x20000000                SystemCoreClock
 .data.uwTickPrio
                0x20000004        0x4 ./Drivers/STM32F1xx_HAL_Driver/Src/stm32f1xx_hal.o
                0x20000004                uwTickPrio
 .data.uwTickFreq
                0x20000008        0x1 ./Drivers/STM32F1xx_HAL_Driver/Src/stm32f1xx_hal.o
                0x20000008                uwTickFreq
 *fill*         0x20000009        0x3 
 .data.USBD_CDC_DeviceQualifierDesc
                0x2000000c        0xa ./Middlewares/ST/STM32_USB_Device_Library/Class/CDC/Src/usbd_cdc.o
 *fill*         0x20000016        0x2 
 .data.USBD_CDC
                0x20000018       0x38 ./Middlewares/ST/STM32_USB_Device_Library/Class/CDC/Src/usbd_cdc.o
                0x20000018                USBD_CDC
 .data.USBD_CDC_CfgHSDesc
                0x20000050       0x43 ./Middlewares/ST/STM32_USB_Device_Library/Class/CDC/Src/usbd_cdc.o
                0x20000050                USBD_CDC_CfgHSDesc
 *fill*         0x20000093        0x1 
 .data.USBD_CDC_CfgFSDesc
                0x20000094       0x43 ./Middlewares/ST/STM32_USB_Device_Library/Class/CDC/Src/usbd_cdc.o
                0x20000094                USBD_CDC_CfgFSDesc
 *fill*         0x200000d7        0x1 
 .data.USBD_CDC_OtherSpeedCfgDesc
                0x200000d8       0x43 ./Middlewares/ST/STM32_USB_Device_Library/Class/CDC/Src/usbd_cdc.o
                0x200000d8                USBD_CDC_OtherSpeedCfgDesc
 *fill*         0x2000011b        0x1 
 .data.USBD_Interface_fops_FS
                0x2000011c       0x10 ./USB_DEVICE/App/usbd_cdc_if.o
                0x2000011c                USBD_Interface_fops_FS
 .data.FS_Desc  0x2000012c       0x1c ./USB_DEVICE/App/usbd_desc.o
                0x2000012c                FS_Desc
 .data.USBD_FS_DeviceDesc
                0x20000148       0x12 ./USB_DEVICE/App/usbd_desc.o
                0x20000148                USBD_FS_DeviceDesc
 *fill*         0x2000015a        0x2 
 .data.USBD_LangIDDesc
                0x2000015c        0x4 ./USB_DEVICE/App/usbd_desc.o
                0x2000015c                USBD_LangIDDesc
 .data.USBD_StringSerial
                0x20000160       0x1a ./USB_DEVICE/App/usbd_desc.o
                0x20000160                USBD_StringSerial
 *(.RamFunc)
 *(.RamFunc*)
                0x2000017c                        . = ALIGN (0x4)
 *fill*         0x2000017a        0x2 
                0x2000017c                        _edata = .

.igot.plt       0x2000017c        0x0 load address 0x080094e8
 .igot.plt      0x2000017c        0x0 /opt/st/stm32cubeide_1.19.0/plugins/com.st.stm32cube.ide.mcu.externaltools.gnu-tools-for-stm32.13.3.rel1.linux64_1.0.100.202509120712/tools/bin/../lib/gcc/arm-none-eabi/13.3.1/thumb/v7-m/nofp/crtbegin.o
                0x2000017c                        . = ALIGN (0x4)

.bss            0x2000017c     0x12c4 load address 0x080094e8
                0x2000017c                        _sbss = .
                0x2000017c                        __bss_start__ = _sbss
 *(.bss)
 .bss           0x2000017c       0x1c /opt/st/stm32cubeide_1.19.0/plugins/com.st.stm32cube.ide.mcu.externaltools.gnu-tools-for-stm32.13.3.rel1.linux64_1.0.100.202509120712/tools/bin/../lib/gcc/arm-none-eabi/13.3.1/thumb/v7-m/nofp/crtbegin.o
 *(.bss*)
 .bss.hadc1     0x20000198       0x30 ./Core/Src/adc.o
                0x20000198                hadc1
 .bss.hi2c1     0x200001c8       0x54 ./Core/Src/i2c.o
                0x200001c8                hi2c1
 .bss.huart1    0x2000021c       0x48 ./Core/Src/usart.o
                0x2000021c                huart1
 .bss.uwTick    0x20000264        0x4 ./Drivers/STM32F1xx_HAL_Driver/Src/stm32f1xx_hal.o
                0x20000264                uwTick
 .bss.PIC_UART  0x20000268        0x4 ./Drivers/TEP- Session 3 kit 1e/Src/PICCom.o
 .bss.rx_byte   0x2000026c        0x1 ./Drivers/TEP- Session 3 kit 1e/Src/PICCom.o
 *fill*         0x2000026d        0x3 
 .bss.rx_frame  0x20000270        0x8 ./Drivers/TEP- Session 3 kit 1e/Src/PICCom.o
 .bss.rx_buffer_position
                0x20000278        0x1 ./Drivers/TEP- Session 3 kit 1e/Src/PICCom.o
 *fill*         0x20000279        0x3 
 .bss.last_status
                0x2000027c        0x4 ./Drivers/TEP- Session 3 kit 1e/Src/PICCom.o
 .bss.new_status
                0x20000280        0x1 ./Drivers/TEP- Session 3 kit 1e/Src/PICCom.o
 .bss.cfgidx.0  0x20000281        0x1 ./Middlewares/ST/STM32_USB_Device_Library/Core/Src/usbd_ctlreq.o
 *fill*         0x20000282        0x2 
 .bss.hUsbDeviceFS
                0x20000284      0x2c4 ./USB_DEVICE/App/usb_device.o
                0x20000284                hUsbDeviceFS
 .bss.UserRxBufferFS
                0x20000548      0x400 ./USB_DEVICE/App/usbd_cdc_if.o
                0x20000548                UserRxBufferFS
 .bss.UserTxBufferFS
                0x20000948      0x400 ./USB_DEVICE/App/usbd_cdc_if.o
                0x20000948                UserTxBufferFS
 .bss.USBD_StrDesc
                0x20000d48      0x200 ./USB_DEVICE/App/usbd_desc.o
                0x20000d48                USBD_StrDesc
 .bss.hpcd_USB_FS
                0x20000f48      0x2d8 ./USB_DEVICE/Target/usbd_conf.o
                0x20000f48                hpcd_USB_FS
 .bss.mem.0     0x20001220      0x220 ./USB_DEVICE/Target/usbd_conf.o
 *(COMMON)
                0x20001440                        . = ALIGN (0x4)
                0x20001440                        _ebss = .
                0x20001440                        __bss_end__ = _ebss

._user_heap_stack
                0x20001440      0x600 load address 0x080094e8
                0x20001440                        . = ALIGN (0x8)
                [!provide]                        PROVIDE (end = .)
                0x20001440                        PROVIDE (_end = .)
                0x20001640                        . = (. + _Min_Heap_Size)
 *fill*         0x20001440      0x200 
                0x20001a40                        . = (. + _Min_Stack_Size)
 *fill*         0x20001640      0x400 
                0x20001a40                        . = ALIGN (0x8)

/DISCARD/
 libc.a(*)
 libm.a(*)
 libgcc.a(*)

.ARM.attributes
                0x00000000       0x29
 *(.ARM.attributes)
 .ARM.attributes
                0x00000000       0x1d /opt/st/stm32cubeide_1.19.0/plugins/com.st.stm32cube.ide.mcu.externaltools.gnu-tools-for-stm32.13.3.rel1.linux64_1.0.100.202509120712/tools/bin/../lib/gcc/arm-none-eabi/13.3.1/thumb/v7-m/nofp/crti.o
 .ARM.attributes
                0x0000001d       0x2d /opt/st/stm32cubeide_1.19.0/plugins/com.st.stm32cube.ide.mcu.externaltools.gnu-tools-for-stm32.13.3.rel1.linux64_1.0.100.202509120712/tools/bin/../lib/gcc/arm-none-eabi/13.3.1/thumb/v7-m/nofp/crtbegin.o
 .ARM.attributes
                0x0000004a       0x2d ./Core/Src/adc.o
 .ARM.attributes
                0x00000077       0x2d ./Core/Src/gpio.o
 .ARM.attributes
                0x000000a4       0x2d ./Core/Src/i2c.o
 .ARM.attributes
                0x000000d1       0x2d ./Core/Src/main.o
 .ARM.attributes
                0x000000fe       0x2d ./Core/Src/stm32f1xx_hal_msp.o
 .ARM.attributes
                0x0000012b       0x2d ./Core/Src/stm32f1xx_it.o
 .ARM.attributes
                0x00000158       0x2d ./Core/Src/system_stm32f1xx.o
 .ARM.attributes
                0x00000185       0x2d ./Core/Src/usart.o
 .ARM.attributes
                0x000001b2       0x21 ./Core/Startup/startup_stm32f103cbtx.o
 .ARM.attributes
                0x000001d3       0x2d ./Drivers/STM32F1xx_HAL_Driver/Src/stm32f1xx_hal.o
 .ARM.attributes
                0x00000200       0x2d ./Drivers/STM32F1xx_HAL_Driver/Src/stm32f1xx_hal_adc.o
 .ARM.attributes
                0x0000022d       0x2d ./Drivers/STM32F1xx_HAL_Driver/Src/stm32f1xx_hal_cortex.o
 .ARM.attributes
                0x0000025a       0x2d ./Drivers/STM32F1xx_HAL_Driver/Src/stm32f1xx_hal_dma.o
 .ARM.attributes
                0x00000287       0x2d ./Drivers/STM32F1xx_HAL_Driver/Src/stm32f1xx_hal_gpio.o
 .ARM.attributes
                0x000002b4       0x2d ./Drivers/STM32F1xx_HAL_Driver/Src/stm32f1xx_hal_i2c.o
 .ARM.attributes
                0x000002e1       0x2d ./Drivers/STM32F1xx_HAL_Driver/Src/stm32f1xx_hal_pcd.o
 .ARM.attributes
                0x0000030e       0x2d ./Drivers/STM32F1xx_HAL_Driver/Src/stm32f1xx_hal_pcd_ex.o
 .ARM.attributes
                0x0000033b       0x2d ./Drivers/STM32F1xx_HAL_Driver/Src/stm32f1xx_hal_rcc.o
 .ARM.attributes
                0x00000368       0x2d ./Drivers/STM32F1xx_HAL_Driver/Src/stm32f1xx_hal_rcc_ex.o
 .ARM.attributes
                0x00000395       0x2d ./Drivers/STM32F1xx_HAL_Driver/Src/stm32f1xx_hal_uart.o
 .ARM.attributes
                0x000003c2       0x2d ./Drivers/STM32F1xx_HAL_Driver/Src/stm32f1xx_ll_usb.o
 .ARM.attributes
                0x000003ef       0x2d ./Drivers/TEP- Session 3 kit 1e/Src/PICCom.o
 .ARM.attributes
                0x0000041c       0x2d ./Drivers/TEP- Session 3 kit 1e/Src/ecran.o
 .ARM.attributes
                0x00000449       0x2d ./Middlewares/ST/STM32_USB_Device_Library/Class/CDC/Src/usbd_cdc.o
 .ARM.attributes
                0x00000476       0x2d ./Middlewares/ST/STM32_USB_Device_Library/Core/Src/usbd_core.o
 .ARM.attributes
                0x000004a3       0x2d ./Middlewares/ST/STM32_USB_Device_Library/Core/Src/usbd_ctlreq.o
 .ARM.attributes
                0x000004d0       0x2d ./Middlewares/ST/STM32_USB_Device_Library/Core/Src/usbd_ioreq.o
 .ARM.attributes
                0x000004fd       0x2d ./USB_DEVICE/App/usb_device.o
 .ARM.attributes
                0x0000052a       0x2d ./USB_DEVICE/App/usbd_cdc_if.o
 .ARM.attributes
                0x00000557       0x2d ./USB_DEVICE/App/usbd_desc.o
 .ARM.attributes
                0x00000584       0x2d ./USB_DEVICE/Target/usbd_conf.o
 .ARM.attributes
                0x000005b1       0x2d /opt/st/stm32cubeide_1.19.0/plugins/com.st.stm32cube.ide.mcu.externaltools.gnu-tools-for-stm32.13.3.rel1.linux64_1.0.100.202509120712/tools/bin/../lib/gcc/arm-none-eabi/13.3.1/../../../../arm-none-eabi/lib/thumb/v7-m/nofp/libc_nano.a(libc_a-memset.o)
 .ARM.attributes
                0x000005de       0x2d /opt/st/stm32cubeide_1.19.0/plugins/com.st.stm32cube.ide.mcu.externaltools.gnu-tools-for-stm32.13.3.rel1.linux64_1.0.100.202509120712/tools/bin/../lib/gcc/arm-none-eabi/13.3.1/../../../../arm-none-eabi/lib/thumb/v7-m/nofp/libc_nano.a(libc_a-init.o)
 .ARM.attributes
                0x0000060b       0x1d /opt/st/stm32cubeide_1.19.0/plugins/com.st.stm32cube.ide.mcu.externaltools.gnu-tools-for-stm32.13.3.rel1.linux64_1.0.100.202509120712/tools/bin/../lib/gcc/arm-none-eabi/13.3.1/thumb/v7-m/nofp/crtn.o
OUTPUT(Projet_session_3_bras_robot.elf elf32-littlearm)
LOAD linker stubs
LOAD /opt/st/stm32cubeide_1.19.0/plugins/com.st.stm32cube.ide.mcu.externaltools.gnu-tools-for-stm32.13.3.rel1.linux64_1.0.100.202509120712/tools/bin/../lib/gcc/arm-none-eabi/13.3.1/../../../../arm-none-eabi/lib/thumb/v7-m/nofp/libc.a
LOAD /opt/st/stm32cubeide_1.19.0/plugins/com.st.stm32cube.ide.mcu.externaltools.gnu-tools-for-stm32.13.3.rel1.linux64_1.0.100.202509120712/tools/bin/../lib/gcc/arm-none-eabi/13.3.1/../../../../arm-none-eabi/lib/thumb/v7-m/nofp/libm.a
LOAD /opt/st/stm32cubeide_1.19.0/plugins/com.st.stm32cube.ide.mcu.externaltools.gnu-tools-for-stm32.13.3.rel1.linux64_1.0.100.202509120712/tools/bin/../lib/gcc/arm-none-eabi/13.3.1/thumb/v7-m/nofp/libgcc.a

.debug_info     0x00000000    0x1529f
 .debug_info    0x00000000      0x7b8 ./Core/Src/adc.o
 .debug_info    0x000007b8      0x2d3 ./Core/Src/gpio.o
 .debug_info    0x00000a8b      0x7e3 ./Core/Src/i2c.o
 .debug_info    0x0000126e      0x93f ./Core/Src/main.o
 .debug_info    0x00001bad      0x1f1 ./Core/Src/stm32f1xx_hal_msp.o
 .debug_info    0x00001d9e      0xa5b ./Core/Src/stm32f1xx_it.o
 .debug_info    0x000027f9      0x222 ./Core/Src/system_stm32f1xx.o
 .debug_info    0x00002a1b      0x919 ./Core/Src/usart.o
 .debug_info    0x00003334       0x30 ./Core/Startup/startup_stm32f103cbtx.o
 .debug_info    0x00003364      0x704 ./Drivers/STM32F1xx_HAL_Driver/Src/stm32f1xx_hal.o
 .debug_info    0x00003a68      0xc50 ./Drivers/STM32F1xx_HAL_Driver/Src/stm32f1xx_hal_adc.o
 .debug_info    0x000046b8      0xa87 ./Drivers/STM32F1xx_HAL_Driver/Src/stm32f1xx_hal_cortex.o
 .debug_info    0x0000513f      0x6d2 ./Drivers/STM32F1xx_HAL_Driver/Src/stm32f1xx_hal_dma.o
 .debug_info    0x00005811      0x5ab ./Drivers/STM32F1xx_HAL_Driver/Src/stm32f1xx_hal_gpio.o
 .debug_info    0x00005dbc     0x2524 ./Drivers/STM32F1xx_HAL_Driver/Src/stm32f1xx_hal_i2c.o
 .debug_info    0x000082e0     0x16dc ./Drivers/STM32F1xx_HAL_Driver/Src/stm32f1xx_hal_pcd.o
 .debug_info    0x000099bc      0x6c3 ./Drivers/STM32F1xx_HAL_Driver/Src/stm32f1xx_hal_pcd_ex.o
 .debug_info    0x0000a07f      0x7d5 ./Drivers/STM32F1xx_HAL_Driver/Src/stm32f1xx_hal_rcc.o
 .debug_info    0x0000a854      0x3c0 ./Drivers/STM32F1xx_HAL_Driver/Src/stm32f1xx_hal_rcc_ex.o
 .debug_info    0x0000ac14     0x2eed ./Drivers/STM32F1xx_HAL_Driver/Src/stm32f1xx_hal_uart.o
 .debug_info    0x0000db01     0x17ae ./Drivers/STM32F1xx_HAL_Driver/Src/stm32f1xx_ll_usb.o
 .debug_info    0x0000f2af      0x7f1 ./Drivers/TEP- Session 3 kit 1e/Src/PICCom.o
 .debug_info    0x0000faa0      0x2d7 ./Drivers/TEP- Session 3 kit 1e/Src/ecran.o
 .debug_info    0x0000fd77     0x1043 ./Middlewares/ST/STM32_USB_Device_Library/Class/CDC/Src/usbd_cdc.o
 .debug_info    0x00010dba      0xa52 ./Middlewares/ST/STM32_USB_Device_Library/Core/Src/usbd_core.o
 .debug_info    0x0001180c      0x91c ./Middlewares/ST/STM32_USB_Device_Library/Core/Src/usbd_ctlreq.o
 .debug_info    0x00012128      0x6a0 ./Middlewares/ST/STM32_USB_Device_Library/Core/Src/usbd_ioreq.o
 .debug_info    0x000127c8      0x63d ./USB_DEVICE/App/usb_device.o
 .debug_info    0x00012e05      0x7ec ./USB_DEVICE/App/usbd_cdc_if.o
 .debug_info    0x000135f1      0x44a ./USB_DEVICE/App/usbd_desc.o
 .debug_info    0x00013a3b     0x1864 ./USB_DEVICE/Target/usbd_conf.o

.debug_abbrev   0x00000000     0x3de8
 .debug_abbrev  0x00000000      0x1e1 ./Core/Src/adc.o
 .debug_abbrev  0x000001e1      0x13f ./Core/Src/gpio.o
 .debug_abbrev  0x00000320      0x1de ./Core/Src/i2c.o
 .debug_abbrev  0x000004fe      0x25d ./Core/Src/main.o
 .debug_abbrev  0x0000075b       0xdb ./Core/Src/stm32f1xx_hal_msp.o
 .debug_abbrev  0x00000836      0x1ba ./Core/Src/stm32f1xx_it.o
 .debug_abbrev  0x000009f0      0x13f ./Core/Src/system_stm32f1xx.o
 .debug_abbrev  0x00000b2f      0x205 ./Core/Src/usart.o
 .debug_abbrev  0x00000d34       0x24 ./Core/Startup/startup_stm32f103cbtx.o
 .debug_abbrev  0x00000d58      0x201 ./Drivers/STM32F1xx_HAL_Driver/Src/stm32f1xx_hal.o
 .debug_abbrev  0x00000f59      0x225 ./Drivers/STM32F1xx_HAL_Driver/Src/stm32f1xx_hal_adc.o
 .debug_abbrev  0x0000117e      0x2f8 ./Drivers/STM32F1xx_HAL_Driver/Src/stm32f1xx_hal_cortex.o
 .debug_abbrev  0x00001476      0x20b ./Drivers/STM32F1xx_HAL_Driver/Src/stm32f1xx_hal_dma.o
 .debug_abbrev  0x00001681      0x1ca ./Drivers/STM32F1xx_HAL_Driver/Src/stm32f1xx_hal_gpio.o
 .debug_abbrev  0x0000184b      0x2a3 ./Drivers/STM32F1xx_HAL_Driver/Src/stm32f1xx_hal_i2c.o
 .debug_abbrev  0x00001aee      0x2d6 ./Drivers/STM32F1xx_HAL_Driver/Src/stm32f1xx_hal_pcd.o
 .debug_abbrev  0x00001dc4      0x189 ./Drivers/STM32F1xx_HAL_Driver/Src/stm32f1xx_hal_pcd_ex.o
 .debug_abbrev  0x00001f4d      0x2b3 ./Drivers/STM32F1xx_HAL_Driver/Src/stm32f1xx_hal_rcc.o
 .debug_abbrev  0x00002200      0x188 ./Drivers/STM32F1xx_HAL_Driver/Src/stm32f1xx_hal_rcc_ex.o
 .debug_abbrev  0x00002388      0x2f8 ./Drivers/STM32F1xx_HAL_Driver/Src/stm32f1xx_hal_uart.o
 .debug_abbrev  0x00002680      0x1de ./Drivers/STM32F1xx_HAL_Driver/Src/stm32f1xx_ll_usb.o
 .debug_abbrev  0x0000285e      0x216 ./Drivers/TEP- Session 3 kit 1e/Src/PICCom.o
 .debug_abbrev  0x00002a74      0x15b ./Drivers/TEP- Session 3 kit 1e/Src/ecran.o
 .debug_abbrev  0x00002bcf      0x2d3 ./Middlewares/ST/STM32_USB_Device_Library/Class/CDC/Src/usbd_cdc.o
 .debug_abbrev  0x00002ea2      0x24a ./Middlewares/ST/STM32_USB_Device_Library/Core/Src/usbd_core.o
 .debug_abbrev  0x000030ec      0x26b ./Middlewares/ST/STM32_USB_Device_Library/Core/Src/usbd_ctlreq.o
 .debug_abbrev  0x00003357      0x192 ./Middlewares/ST/STM32_USB_Device_Library/Core/Src/usbd_ioreq.o
 .debug_abbrev  0x000034e9      0x18d ./USB_DEVICE/App/usb_device.o
 .debug_abbrev  0x00003676      0x25d ./USB_DEVICE/App/usbd_cdc_if.o
 .debug_abbrev  0x000038d3      0x1ff ./USB_DEVICE/App/usbd_desc.o
 .debug_abbrev  0x00003ad2      0x316 ./USB_DEVICE/Target/usbd_conf.o

.debug_aranges  0x00000000     0x11d8
 .debug_aranges
                0x00000000       0x30 ./Core/Src/adc.o
 .debug_aranges
                0x00000030       0x20 ./Core/Src/gpio.o
 .debug_aranges
                0x00000050       0x30 ./Core/Src/i2c.o
 .debug_aranges
                0x00000080       0x38 ./Core/Src/main.o
 .debug_aranges
                0x000000b8       0x20 ./Core/Src/stm32f1xx_hal_msp.o
 .debug_aranges
                0x000000d8       0x70 ./Core/Src/stm32f1xx_it.o
 .debug_aranges
                0x00000148       0x28 ./Core/Src/system_stm32f1xx.o
 .debug_aranges
                0x00000170       0x30 ./Core/Src/usart.o
 .debug_aranges
                0x000001a0       0x28 ./Core/Startup/startup_stm32f103cbtx.o
 .debug_aranges
                0x000001c8       0xe0 ./Drivers/STM32F1xx_HAL_Driver/Src/stm32f1xx_hal.o
 .debug_aranges
                0x000002a8       0xf0 ./Drivers/STM32F1xx_HAL_Driver/Src/stm32f1xx_hal_adc.o
 .debug_aranges
                0x00000398      0x100 ./Drivers/STM32F1xx_HAL_Driver/Src/stm32f1xx_hal_cortex.o
 .debug_aranges
                0x00000498       0x80 ./Drivers/STM32F1xx_HAL_Driver/Src/stm32f1xx_hal_dma.o
 .debug_aranges
                0x00000518       0x58 ./Drivers/STM32F1xx_HAL_Driver/Src/stm32f1xx_hal_gpio.o
 .debug_aranges
                0x00000570      0x2a8 ./Drivers/STM32F1xx_HAL_Driver/Src/stm32f1xx_hal_i2c.o
 .debug_aranges
                0x00000818      0x140 ./Drivers/STM32F1xx_HAL_Driver/Src/stm32f1xx_hal_pcd.o
 .debug_aranges
                0x00000958       0x38 ./Drivers/STM32F1xx_HAL_Driver/Src/stm32f1xx_hal_pcd_ex.o
 .debug_aranges
                0x00000990       0x90 ./Drivers/STM32F1xx_HAL_Driver/Src/stm32f1xx_hal_rcc.o
 .debug_aranges
                0x00000a20       0x30 ./Drivers/STM32F1xx_HAL_Driver/Src/stm32f1xx_hal_rcc_ex.o
 .debug_aranges
                0x00000a50      0x208 ./Drivers/STM32F1xx_HAL_Driver/Src/stm32f1xx_hal_uart.o
 .debug_aranges
                0x00000c58       0xf8 ./Drivers/STM32F1xx_HAL_Driver/Src/stm32f1xx_ll_usb.o
 .debug_aranges
                0x00000d50       0x40 ./Drivers/TEP- Session 3 kit 1e/Src/PICCom.o
 .debug_aranges
                0x00000d90       0x50 ./Drivers/TEP- Session 3 kit 1e/Src/ecran.o
 .debug_aranges
                0x00000de0       0x90 ./Middlewares/ST/STM32_USB_Device_Library/Class/CDC/Src/usbd_cdc.o
 .debug_aranges
                0x00000e70       0xb8 ./Middlewares/ST/STM32_USB_Device_Library/Core/Src/usbd_core.o
 .debug_aranges
                0x00000f28       0x88 ./Middlewares/ST/STM32_USB_Device_Library/Core/Src/usbd_ctlreq.o
 .debug_aranges
                0x00000fb0       0x50 ./Middlewares/ST/STM32_USB_Device_Library/Core/Src/usbd_ioreq.o
 .debug_aranges
                0x00001000       0x20 ./USB_DEVICE/App/usb_device.o
 .debug_aranges
                0x00001020       0x40 ./USB_DEVICE/App/usbd_cdc_if.o
 .debug_aranges
                0x00001060       0x60 ./USB_DEVICE/App/usbd_desc.o
 .debug_aranges
                0x000010c0      0x118 ./USB_DEVICE/Target/usbd_conf.o

.debug_rnglists
                0x00000000      0xd8e
 .debug_rnglists
                0x00000000       0x1f ./Core/Src/adc.o
 .debug_rnglists
                0x0000001f       0x14 ./Core/Src/gpio.o
 .debug_rnglists
                0x00000033       0x1f ./Core/Src/i2c.o
 .debug_rnglists
                0x00000052       0x26 ./Core/Src/main.o
 .debug_rnglists
                0x00000078       0x13 ./Core/Src/stm32f1xx_hal_msp.o
 .debug_rnglists
                0x0000008b       0x4f ./Core/Src/stm32f1xx_it.o
 .debug_rnglists
                0x000000da       0x1a ./Core/Src/system_stm32f1xx.o
 .debug_rnglists
                0x000000f4       0x20 ./Core/Src/usart.o
 .debug_rnglists
                0x00000114       0x19 ./Core/Startup/startup_stm32f103cbtx.o
 .debug_rnglists
                0x0000012d       0xa3 ./Drivers/STM32F1xx_HAL_Driver/Src/stm32f1xx_hal.o
 .debug_rnglists
                0x000001d0       0xbc ./Drivers/STM32F1xx_HAL_Driver/Src/stm32f1xx_hal_adc.o
 .debug_rnglists
                0x0000028c       0xbb ./Drivers/STM32F1xx_HAL_Driver/Src/stm32f1xx_hal_cortex.o
 .debug_rnglists
                0x00000347       0x64 ./Drivers/STM32F1xx_HAL_Driver/Src/stm32f1xx_hal_dma.o
 .debug_rnglists
                0x000003ab       0x3f ./Drivers/STM32F1xx_HAL_Driver/Src/stm32f1xx_hal_gpio.o
 .debug_rnglists
                0x000003ea      0x23c ./Drivers/STM32F1xx_HAL_Driver/Src/stm32f1xx_hal_i2c.o
 .debug_rnglists
                0x00000626       0xf4 ./Drivers/STM32F1xx_HAL_Driver/Src/stm32f1xx_hal_pcd.o
 .debug_rnglists
                0x0000071a       0x26 ./Drivers/STM32F1xx_HAL_Driver/Src/stm32f1xx_hal_pcd_ex.o
 .debug_rnglists
                0x00000740       0x6c ./Drivers/STM32F1xx_HAL_Driver/Src/stm32f1xx_hal_rcc.o
 .debug_rnglists
                0x000007ac       0x21 ./Drivers/STM32F1xx_HAL_Driver/Src/stm32f1xx_hal_rcc_ex.o
 .debug_rnglists
                0x000007cd      0x1bc ./Drivers/STM32F1xx_HAL_Driver/Src/stm32f1xx_hal_uart.o
 .debug_rnglists
                0x00000989       0xbd ./Drivers/STM32F1xx_HAL_Driver/Src/stm32f1xx_ll_usb.o
 .debug_rnglists
                0x00000a46       0x2d ./Drivers/TEP- Session 3 kit 1e/Src/PICCom.o
 .debug_rnglists
                0x00000a73       0x39 ./Drivers/TEP- Session 3 kit 1e/Src/ecran.o
 .debug_rnglists
                0x00000aac       0x6a ./Middlewares/ST/STM32_USB_Device_Library/Class/CDC/Src/usbd_cdc.o
 .debug_rnglists
                0x00000b16       0x89 ./Middlewares/ST/STM32_USB_Device_Library/Core/Src/usbd_core.o
 .debug_rnglists
                0x00000b9f       0x68 ./Middlewares/ST/STM32_USB_Device_Library/Core/Src/usbd_ctlreq.o
 .debug_rnglists
                0x00000c07       0x37 ./Middlewares/ST/STM32_USB_Device_Library/Core/Src/usbd_ioreq.o
 .debug_rnglists
                0x00000c3e       0x13 ./USB_DEVICE/App/usb_device.o
 .debug_rnglists
                0x00000c51       0x2c ./USB_DEVICE/App/usbd_cdc_if.o
 .debug_rnglists
                0x00000c7d       0x43 ./USB_DEVICE/App/usbd_desc.o
 .debug_rnglists
                0x00000cc0       0xce ./USB_DEVICE/Target/usbd_conf.o

.debug_macro    0x00000000    0x1b600
 .debug_macro   0x00000000      0x1e9 ./Core/Src/adc.o
 .debug_macro   0x000001e9      0xacc ./Core/Src/adc.o
 .debug_macro   0x00000cb5      0x227 ./Core/Src/adc.o
 .debug_macro   0x00000edc       0x2e ./Core/Src/adc.o
 .debug_macro   0x00000f0a       0x22 ./Core/Src/adc.o
 .debug_macro   0x00000f2c       0x22 ./Core/Src/adc.o
 .debug_macro   0x00000f4e       0x8e ./Core/Src/adc.o
 .debug_macro   0x00000fdc       0x51 ./Core/Src/adc.o
 .debug_macro   0x0000102d      0x103 ./Core/Src/adc.o
 .debug_macro   0x00001130       0x6a ./Core/Src/adc.o
 .debug_macro   0x0000119a      0x1df ./Core/Src/adc.o
 .debug_macro   0x00001379       0x1c ./Core/Src/adc.o
 .debug_macro   0x00001395       0x22 ./Core/Src/adc.o
 .debug_macro   0x000013b7       0xbd ./Core/Src/adc.o
 .debug_macro   0x00001474      0xd23 ./Core/Src/adc.o
 .debug_macro   0x00002197     0xe09e ./Core/Src/adc.o
 .debug_macro   0x00010235       0x6d ./Core/Src/adc.o
 .debug_macro   0x000102a2     0x34a2 ./Core/Src/adc.o
 .debug_macro   0x00013744      0x190 ./Core/Src/adc.o
 .debug_macro   0x000138d4       0x5c ./Core/Src/adc.o
 .debug_macro   0x00013930      0x5bc ./Core/Src/adc.o
 .debug_macro   0x00013eec      0x289 ./Core/Src/adc.o
 .debug_macro   0x00014175      0x1cb ./Core/Src/adc.o
 .debug_macro   0x00014340      0x114 ./Core/Src/adc.o
 .debug_macro   0x00014454      0x1b2 ./Core/Src/adc.o
 .debug_macro   0x00014606       0x27 ./Core/Src/adc.o
 .debug_macro   0x0001462d      0x136 ./Core/Src/adc.o
 .debug_macro   0x00014763      0x1bc ./Core/Src/adc.o
 .debug_macro   0x0001491f       0x34 ./Core/Src/adc.o
 .debug_macro   0x00014953       0x3c ./Core/Src/adc.o
 .debug_macro   0x0001498f       0x57 ./Core/Src/adc.o
 .debug_macro   0x000149e6      0x46a ./Core/Src/adc.o
 .debug_macro   0x00014e50      0x1b5 ./Core/Src/adc.o
 .debug_macro   0x00015005       0x87 ./Core/Src/adc.o
 .debug_macro   0x0001508c      0x240 ./Core/Src/adc.o
 .debug_macro   0x000152cc      0x287 ./Core/Src/adc.o
 .debug_macro   0x00015553      0x140 ./Core/Src/adc.o
 .debug_macro   0x00015693      0x28e ./Core/Src/adc.o
 .debug_macro   0x00015921       0xb7 ./Core/Src/adc.o
 .debug_macro   0x000159d8      0x242 ./Core/Src/adc.o
 .debug_macro   0x00015c1a       0x83 ./Core/Src/adc.o
 .debug_macro   0x00015c9d      0x10c ./Core/Src/adc.o
 .debug_macro   0x00015da9      0x1e9 ./Core/Src/gpio.o
 .debug_macro   0x00015f92      0x1e9 ./Core/Src/i2c.o
 .debug_macro   0x0001617b      0x390 ./Core/Src/main.o
 .debug_macro   0x0001650b       0x61 ./Core/Src/main.o
 .debug_macro   0x0001656c       0x24 ./Core/Src/main.o
 .debug_macro   0x00016590       0x43 ./Core/Src/main.o
 .debug_macro   0x000165d3       0x34 ./Core/Src/main.o
 .debug_macro   0x00016607       0x16 ./Core/Src/main.o
 .debug_macro   0x0001661d       0x3c ./Core/Src/main.o
 .debug_macro   0x00016659      0x370 ./Core/Src/main.o
 .debug_macro   0x000169c9       0x10 ./Core/Src/main.o
 .debug_macro   0x000169d9       0x16 ./Core/Src/main.o
 .debug_macro   0x000169ef       0x4a ./Core/Src/main.o
 .debug_macro   0x00016a39       0x34 ./Core/Src/main.o
 .debug_macro   0x00016a6d       0x10 ./Core/Src/main.o
 .debug_macro   0x00016a7d       0x58 ./Core/Src/main.o
 .debug_macro   0x00016ad5       0x8e ./Core/Src/main.o
 .debug_macro   0x00016b63       0x1c ./Core/Src/main.o
 .debug_macro   0x00016b7f      0x185 ./Core/Src/main.o
 .debug_macro   0x00016d04       0x16 ./Core/Src/main.o
 .debug_macro   0x00016d1a       0x16 ./Core/Src/main.o
 .debug_macro   0x00016d30      0x146 ./Core/Src/main.o
 .debug_macro   0x00016e76       0x16 ./Core/Src/main.o
 .debug_macro   0x00016e8c       0x16 ./Core/Src/main.o
 .debug_macro   0x00016ea2       0x29 ./Core/Src/main.o
 .debug_macro   0x00016ecb       0x16 ./Core/Src/main.o
 .debug_macro   0x00016ee1       0x20 ./Core/Src/main.o
 .debug_macro   0x00016f01       0x5f ./Core/Src/main.o
 .debug_macro   0x00016f60      0x1c8 ./Core/Src/main.o
 .debug_macro   0x00017128       0x22 ./Core/Src/main.o
 .debug_macro   0x0001714a       0x16 ./Core/Src/main.o
 .debug_macro   0x00017160       0x10 ./Core/Src/main.o
 .debug_macro   0x00017170      0x1df ./Core/Src/stm32f1xx_hal_msp.o
 .debug_macro   0x0001734f      0x1f7 ./Core/Src/stm32f1xx_it.o
 .debug_macro   0x00017546      0x1d0 ./Core/Src/system_stm32f1xx.o
 .debug_macro   0x00017716      0x1e9 ./Core/Src/usart.o
 .debug_macro   0x000178ff      0x1f4 ./Drivers/STM32F1xx_HAL_Driver/Src/stm32f1xx_hal.o
 .debug_macro   0x00017af3      0x1ed ./Drivers/STM32F1xx_HAL_Driver/Src/stm32f1xx_hal_adc.o
 .debug_macro   0x00017ce0      0x1d0 ./Drivers/STM32F1xx_HAL_Driver/Src/stm32f1xx_hal_cortex.o
 .debug_macro   0x00017eb0      0x1d0 ./Drivers/STM32F1xx_HAL_Driver/Src/stm32f1xx_hal_dma.o
 .debug_macro   0x00018080      0x23b ./Drivers/STM32F1xx_HAL_Driver/Src/stm32f1xx_hal_gpio.o
 .debug_macro   0x000182bb      0x21e ./Drivers/STM32F1xx_HAL_Driver/Src/stm32f1xx_hal_i2c.o
 .debug_macro   0x000184d9      0x1dc ./Drivers/STM32F1xx_HAL_Driver/Src/stm32f1xx_hal_pcd.o
 .debug_macro   0x000186b5      0x1d0 ./Drivers/STM32F1xx_HAL_Driver/Src/stm32f1xx_hal_pcd_ex.o
 .debug_macro   0x00018885      0x1e2 ./Drivers/STM32F1xx_HAL_Driver/Src/stm32f1xx_hal_rcc.o
 .debug_macro   0x00018a67      0x1d0 ./Drivers/STM32F1xx_HAL_Driver/Src/stm32f1xx_hal_rcc_ex.o
 .debug_macro   0x00018c37      0x1d1 ./Drivers/STM32F1xx_HAL_Driver/Src/stm32f1xx_hal_uart.o
 .debug_macro   0x00018e08      0x1d0 ./Drivers/STM32F1xx_HAL_Driver/Src/stm32f1xx_ll_usb.o
 .debug_macro   0x00018fd8      0x2cf ./Drivers/TEP- Session 3 kit 1e/Src/PICCom.o
 .debug_macro   0x000192a7       0x10 ./Drivers/TEP- Session 3 kit 1e/Src/PICCom.o
 .debug_macro   0x000192b7      0x112 ./Drivers/TEP- Session 3 kit 1e/Src/PICCom.o
 .debug_macro   0x000193c9      0x1e8 ./Drivers/TEP- Session 3 kit 1e/Src/ecran.o
 .debug_macro   0x000195b1      0x36e ./Middlewares/ST/STM32_USB_Device_Library/Class/CDC/Src/usbd_cdc.o
 .debug_macro   0x0001991f       0x9e ./Middlewares/ST/STM32_USB_Device_Library/Class/CDC/Src/usbd_cdc.o
 .debug_macro   0x000199bd      0x112 ./Middlewares/ST/STM32_USB_Device_Library/Class/CDC/Src/usbd_cdc.o
 .debug_macro   0x00019acf       0x56 ./Middlewares/ST/STM32_USB_Device_Library/Class/CDC/Src/usbd_cdc.o
 .debug_macro   0x00019b25       0x8f ./Middlewares/ST/STM32_USB_Device_Library/Class/CDC/Src/usbd_cdc.o
 .debug_macro   0x00019bb4      0x355 ./Middlewares/ST/STM32_USB_Device_Library/Core/Src/usbd_core.o
 .debug_macro   0x00019f09      0x1ce ./Middlewares/ST/STM32_USB_Device_Library/Core/Src/usbd_core.o
 .debug_macro   0x0001a0d7      0x35f ./Middlewares/ST/STM32_USB_Device_Library/Core/Src/usbd_ctlreq.o
 .debug_macro   0x0001a436      0x35b ./Middlewares/ST/STM32_USB_Device_Library/Core/Src/usbd_ioreq.o
 .debug_macro   0x0001a791      0x38e ./USB_DEVICE/App/usb_device.o
 .debug_macro   0x0001ab1f       0x22 ./USB_DEVICE/App/usb_device.o
 .debug_macro   0x0001ab41       0x16 ./USB_DEVICE/App/usb_device.o
 .debug_macro   0x0001ab57      0x379 ./USB_DEVICE/App/usbd_cdc_if.o
 .debug_macro   0x0001aed0       0x10 ./USB_DEVICE/App/usbd_cdc_if.o
 .debug_macro   0x0001aee0      0x392 ./USB_DEVICE/App/usbd_desc.o
 .debug_macro   0x0001b272       0x1c ./USB_DEVICE/App/usbd_desc.o
 .debug_macro   0x0001b28e      0x372 ./USB_DEVICE/Target/usbd_conf.o

.debug_line     0x00000000    0x1888b
 .debug_line    0x00000000      0x71f ./Core/Src/adc.o
 .debug_line    0x0000071f      0x6e7 ./Core/Src/gpio.o
 .debug_line    0x00000e06      0x711 ./Core/Src/i2c.o
 .debug_line    0x00001517      0xa6d ./Core/Src/main.o
 .debug_line    0x00001f84      0x6a8 ./Core/Src/stm32f1xx_hal_msp.o
 .debug_line    0x0000262c      0x791 ./Core/Src/stm32f1xx_it.o
 .debug_line    0x00002dbd      0x726 ./Core/Src/system_stm32f1xx.o
 .debug_line    0x000034e3      0x71d ./Core/Src/usart.o
 .debug_line    0x00003c00       0x78 ./Core/Startup/startup_stm32f103cbtx.o
 .debug_line    0x00003c78      0x957 ./Drivers/STM32F1xx_HAL_Driver/Src/stm32f1xx_hal.o
 .debug_line    0x000045cf      0xf7c ./Drivers/STM32F1xx_HAL_Driver/Src/stm32f1xx_hal_adc.o
 .debug_line    0x0000554b      0xb21 ./Drivers/STM32F1xx_HAL_Driver/Src/stm32f1xx_hal_cortex.o
 .debug_line    0x0000606c      0xd61 ./Drivers/STM32F1xx_HAL_Driver/Src/stm32f1xx_hal_dma.o
 .debug_line    0x00006dcd      0x9b4 ./Drivers/STM32F1xx_HAL_Driver/Src/stm32f1xx_hal_gpio.o
 .debug_line    0x00007781     0x3b54 ./Drivers/STM32F1xx_HAL_Driver/Src/stm32f1xx_hal_i2c.o
 .debug_line    0x0000b2d5     0x12dc ./Drivers/STM32F1xx_HAL_Driver/Src/stm32f1xx_hal_pcd.o
 .debug_line    0x0000c5b1      0x721 ./Drivers/STM32F1xx_HAL_Driver/Src/stm32f1xx_hal_pcd_ex.o
 .debug_line    0x0000ccd2      0xe10 ./Drivers/STM32F1xx_HAL_Driver/Src/stm32f1xx_hal_rcc.o
 .debug_line    0x0000dae2      0x8c1 ./Drivers/STM32F1xx_HAL_Driver/Src/stm32f1xx_hal_rcc_ex.o
 .debug_line    0x0000e3a3     0x2473 ./Drivers/STM32F1xx_HAL_Driver/Src/stm32f1xx_hal_uart.o
 .debug_line    0x00010816     0x10c7 ./Drivers/STM32F1xx_HAL_Driver/Src/stm32f1xx_ll_usb.o
 .debug_line    0x000118dd      0xa2a ./Drivers/TEP- Session 3 kit 1e/Src/PICCom.o
 .debug_line    0x00012307      0x84c ./Drivers/TEP- Session 3 kit 1e/Src/ecran.o
 .debug_line    0x00012b53      0xca2 ./Middlewares/ST/STM32_USB_Device_Library/Class/CDC/Src/usbd_cdc.o
 .debug_line    0x000137f5      0xcf7 ./Middlewares/ST/STM32_USB_Device_Library/Core/Src/usbd_core.o
 .debug_line    0x000144ec      0xf41 ./Middlewares/ST/STM32_USB_Device_Library/Core/Src/usbd_ctlreq.o
 .debug_line    0x0001542d      0x9ad ./Middlewares/ST/STM32_USB_Device_Library/Core/Src/usbd_ioreq.o
 .debug_line    0x00015dda      0x97d ./USB_DEVICE/App/usb_device.o
 .debug_line    0x00016757      0x9b5 ./USB_DEVICE/App/usbd_cdc_if.o
 .debug_line    0x0001710c      0xa26 ./USB_DEVICE/App/usbd_desc.o
 .debug_line    0x00017b32      0xd59 ./USB_DEVICE/Target/usbd_conf.o

.debug_str      0x00000000    0x8ec08
 .debug_str     0x00000000    0x8ec08 ./Core/Src/adc.o
                              0x85f29 (size before relaxing)
 .debug_str     0x0008ec08        0x0 ./Core/Src/gpio.o
                              0x85b84 (size before relaxing)
 .debug_str     0x0008ec08        0x0 ./Core/Src/i2c.o
                              0x8603e (size before relaxing)
 .debug_str     0x0008ec08        0x0 ./Core/Src/main.o
                              0x8a57f (size before relaxing)
 .debug_str     0x0008ec08        0x0 ./Core/Src/stm32f1xx_hal_msp.o
                              0x85b0c (size before relaxing)
 .debug_str     0x0008ec08        0x0 ./Core/Src/stm32f1xx_it.o
                              0x862ae (size before relaxing)
 .debug_str     0x0008ec08        0x0 ./Core/Src/system_stm32f1xx.o
                              0x8575e (size before relaxing)
 .debug_str     0x0008ec08        0x0 ./Core/Src/usart.o
                              0x862d3 (size before relaxing)
 .debug_str     0x0008ec08        0x0 ./Core/Startup/startup_stm32f103cbtx.o
                                 0xb5 (size before relaxing)
 .debug_str     0x0008ec08        0x0 ./Drivers/STM32F1xx_HAL_Driver/Src/stm32f1xx_hal.o
                              0x85e91 (size before relaxing)
 .debug_str     0x0008ec08        0x0 ./Drivers/STM32F1xx_HAL_Driver/Src/stm32f1xx_hal_adc.o
                              0x85e42 (size before relaxing)
 .debug_str     0x0008ec08        0x0 ./Drivers/STM32F1xx_HAL_Driver/Src/stm32f1xx_hal_cortex.o
                              0x85ddd (size before relaxing)
 .debug_str     0x0008ec08        0x0 ./Drivers/STM32F1xx_HAL_Driver/Src/stm32f1xx_hal_dma.o
                              0x85b07 (size before relaxing)
 .debug_str     0x0008ec08        0x0 ./Drivers/STM32F1xx_HAL_Driver/Src/stm32f1xx_hal_gpio.o
                              0x85ae4 (size before relaxing)
 .debug_str     0x0008ec08        0x0 ./Drivers/STM32F1xx_HAL_Driver/Src/stm32f1xx_hal_i2c.o
                              0x86825 (size before relaxing)
 .debug_str     0x0008ec08        0x0 ./Drivers/STM32F1xx_HAL_Driver/Src/stm32f1xx_hal_pcd.o
                              0x8607b (size before relaxing)
 .debug_str     0x0008ec08        0x0 ./Drivers/STM32F1xx_HAL_Driver/Src/stm32f1xx_hal_pcd_ex.o
                              0x85bdd (size before relaxing)
 .debug_str     0x0008ec08        0x0 ./Drivers/STM32F1xx_HAL_Driver/Src/stm32f1xx_hal_rcc.o
                              0x85b8d (size before relaxing)
 .debug_str     0x0008ec08        0x0 ./Drivers/STM32F1xx_HAL_Driver/Src/stm32f1xx_hal_rcc_ex.o
                              0x858dd (size before relaxing)
 .debug_str     0x0008ec08        0x0 ./Drivers/STM32F1xx_HAL_Driver/Src/stm32f1xx_hal_uart.o
                              0x861fe (size before relaxing)
 .debug_str     0x0008ec08        0x0 ./Drivers/STM32F1xx_HAL_Driver/Src/stm32f1xx_ll_usb.o
                              0x85c2f (size before relaxing)
 .debug_str     0x0008ec08        0x0 ./Drivers/TEP- Session 3 kit 1e/Src/PICCom.o
                              0x892de (size before relaxing)
 .debug_str     0x0008ec08        0x0 ./Drivers/TEP- Session 3 kit 1e/Src/ecran.o
                              0x85bd2 (size before relaxing)
 .debug_str     0x0008ec08        0x0 ./Middlewares/ST/STM32_USB_Device_Library/Class/CDC/Src/usbd_cdc.o
                              0x8aaa3 (size before relaxing)
 .debug_str     0x0008ec08        0x0 ./Middlewares/ST/STM32_USB_Device_Library/Core/Src/usbd_core.o
                              0x8a3d3 (size before relaxing)
 .debug_str     0x0008ec08        0x0 ./Middlewares/ST/STM32_USB_Device_Library/Core/Src/usbd_ctlreq.o
                              0x8a2ed (size before relaxing)
 .debug_str     0x0008ec08        0x0 ./Middlewares/ST/STM32_USB_Device_Library/Core/Src/usbd_ioreq.o
                              0x8a21a (size before relaxing)
 .debug_str     0x0008ec08        0x0 ./USB_DEVICE/App/usb_device.o
                              0x8a5a5 (size before relaxing)
 .debug_str     0x0008ec08        0x0 ./USB_DEVICE/App/usbd_cdc_if.o
                              0x8a5cb (size before relaxing)
 .debug_str     0x0008ec08        0x0 ./USB_DEVICE/App/usbd_desc.o
                              0x8a156 (size before relaxing)
 .debug_str     0x0008ec08        0x0 ./USB_DEVICE/Target/usbd_conf.o
                              0x8b030 (size before relaxing)

.comment        0x00000000       0x43
 .comment       0x00000000       0x43 ./Core/Src/adc.o
                                 0x44 (size before relaxing)
 .comment       0x00000043        0x0 ./Core/Src/gpio.o
                                 0x44 (size before relaxing)
 .comment       0x00000043        0x0 ./Core/Src/i2c.o
                                 0x44 (size before relaxing)
 .comment       0x00000043        0x0 ./Core/Src/main.o
                                 0x44 (size before relaxing)
 .comment       0x00000043        0x0 ./Core/Src/stm32f1xx_hal_msp.o
                                 0x44 (size before relaxing)
 .comment       0x00000043        0x0 ./Core/Src/stm32f1xx_it.o
                                 0x44 (size before relaxing)
 .comment       0x00000043        0x0 ./Core/Src/system_stm32f1xx.o
                                 0x44 (size before relaxing)
 .comment       0x00000043        0x0 ./Core/Src/usart.o
                                 0x44 (size before relaxing)
 .comment       0x00000043        0x0 ./Drivers/STM32F1xx_HAL_Driver/Src/stm32f1xx_hal.o
                                 0x44 (size before relaxing)
 .comment       0x00000043        0x0 ./Drivers/STM32F1xx_HAL_Driver/Src/stm32f1xx_hal_adc.o
                                 0x44 (size before relaxing)
 .comment       0x00000043        0x0 ./Drivers/STM32F1xx_HAL_Driver/Src/stm32f1xx_hal_cortex.o
                                 0x44 (size before relaxing)
 .comment       0x00000043        0x0 ./Drivers/STM32F1xx_HAL_Driver/Src/stm32f1xx_hal_dma.o
                                 0x44 (size before relaxing)
 .comment       0x00000043        0x0 ./Drivers/STM32F1xx_HAL_Driver/Src/stm32f1xx_hal_gpio.o
                                 0x44 (size before relaxing)
 .comment       0x00000043        0x0 ./Drivers/STM32F1xx_HAL_Driver/Src/stm32f1xx_hal_i2c.o
                                 0x44 (size before relaxing)
 .comment       0x00000043        0x0 ./Drivers/STM32F1xx_HAL_Driver/Src/stm32f1xx_hal_pcd.o
                                 0x44 (size before relaxing)
 .comment       0x00000043        0x0 ./Drivers/STM32F1xx_HAL_Driver/Src/stm32f1xx_hal_pcd_ex.o
                                 0x44 (size before relaxing)
 .comment       0x00000043        0x0 ./Drivers/STM32F1xx_HAL_Driver/Src/stm32f1xx_hal_rcc.o
                                 0x44 (size before relaxing)
 .comment       0x00000043        0x0 ./Drivers/STM32F1xx_HAL_Driver/Src/stm32f1xx_hal_rcc_ex.o
                                 0x44 (size before relaxing)
 .comment       0x00000043        0x0 ./Drivers/STM32F1xx_HAL_Driver/Src/stm32f1xx_hal_uart.o
                                 0x44 (size before relaxing)
 .comment       0x00000043        0x0 ./Drivers/STM32F1xx_HAL_Driver/Src/stm32f1xx_ll_usb.o
                                 0x44 (size before relaxing)
 .comment       0x00000043        0x0 ./Drivers/TEP- Session 3 kit 1e/Src/PICCom.o
                                 0x44 (size before relaxing)
 .comment       0x00000043        0x0 ./Drivers/TEP- Session 3 kit 1e/Src/ecran.o
                                 0x44 (size before relaxing)
 .comment       0x00000043        0x0 ./Middlewares/ST/STM32_USB_Device_Library/Class/CDC/Src/usbd_cdc.o
                                 0x44 (size before relaxing)
 .comment       0x00000043        0x0 ./Middlewares/ST/STM32_USB_Device_Library/Core/Src/usbd_core.o
                                 0x44 (size before relaxing)
 .comment       0x00000043        0x0 ./Middlewares/ST/STM32_USB_Device_Library/Core/Src/usbd_ctlreq.o
                                 0x44 (size before relaxing)
 .comment       0x00000043        0x0 ./Middlewares/ST/STM32_USB_Device_Library/Core/Src/usbd_ioreq.o
                                 0x44 (size before relaxing)
 .comment       0x00000043        0x0 ./USB_DEVICE/App/usb_device.o
                                 0x44 (size before relaxing)
 .comment       0x00000043        0x0 ./USB_DEVICE/App/usbd_cdc_if.o
                                 0x44 (size before relaxing)
 .comment       0x00000043        0x0 ./USB_DEVICE/App/usbd_desc.o
                                 0x44 (size before relaxing)
 .comment       0x00000043        0x0 ./USB_DEVICE/Target/usbd_conf.o
                                 0x44 (size before relaxing)

.debug_frame    0x00000000     0x4738
 .debug_frame   0x00000000       0x7c ./Core/Src/adc.o
 .debug_frame   0x0000007c       0x34 ./Core/Src/gpio.o
 .debug_frame   0x000000b0       0x74 ./Core/Src/i2c.o
 .debug_frame   0x00000124       0x90 ./Core/Src/main.o
 .debug_frame   0x000001b4       0x38 ./Core/Src/stm32f1xx_hal_msp.o
 .debug_frame   0x000001ec      0x13c ./Core/Src/stm32f1xx_it.o
 .debug_frame   0x00000328       0x58 ./Core/Src/system_stm32f1xx.o
 .debug_frame   0x00000380       0x74 ./Core/Src/usart.o
 .debug_frame   0x000003f4      0x334 ./Drivers/STM32F1xx_HAL_Driver/Src/stm32f1xx_hal.o
 .debug_frame   0x00000728      0x40c ./Drivers/STM32F1xx_HAL_Driver/Src/stm32f1xx_hal_adc.o
 .debug_frame   0x00000b34      0x428 ./Drivers/STM32F1xx_HAL_Driver/Src/stm32f1xx_hal_cortex.o
 .debug_frame   0x00000f5c      0x208 ./Drivers/STM32F1xx_HAL_Driver/Src/stm32f1xx_hal_dma.o
 .debug_frame   0x00001164      0x14c ./Drivers/STM32F1xx_HAL_Driver/Src/stm32f1xx_hal_gpio.o
 .debug_frame   0x000012b0      0xc84 ./Drivers/STM32F1xx_HAL_Driver/Src/stm32f1xx_hal_i2c.o
 .debug_frame   0x00001f34      0x594 ./Drivers/STM32F1xx_HAL_Driver/Src/stm32f1xx_hal_pcd.o
 .debug_frame   0x000024c8       0xb0 ./Drivers/STM32F1xx_HAL_Driver/Src/stm32f1xx_hal_pcd_ex.o
 .debug_frame   0x00002578      0x218 ./Drivers/STM32F1xx_HAL_Driver/Src/stm32f1xx_hal_rcc.o
 .debug_frame   0x00002790       0x80 ./Drivers/STM32F1xx_HAL_Driver/Src/stm32f1xx_hal_rcc_ex.o
 .debug_frame   0x00002810      0x944 ./Drivers/STM32F1xx_HAL_Driver/Src/stm32f1xx_hal_uart.o
 .debug_frame   0x00003154      0x470 ./Drivers/STM32F1xx_HAL_Driver/Src/stm32f1xx_ll_usb.o
 .debug_frame   0x000035c4       0xc4 ./Drivers/TEP- Session 3 kit 1e/Src/PICCom.o
 .debug_frame   0x00003688      0x10c ./Drivers/TEP- Session 3 kit 1e/Src/ecran.o
 .debug_frame   0x00003794      0x248 ./Middlewares/ST/STM32_USB_Device_Library/Class/CDC/Src/usbd_cdc.o
 .debug_frame   0x000039dc      0x300 ./Middlewares/ST/STM32_USB_Device_Library/Core/Src/usbd_core.o
 .debug_frame   0x00003cdc      0x218 ./Middlewares/ST/STM32_USB_Device_Library/Core/Src/usbd_ctlreq.o
 .debug_frame   0x00003ef4      0x10c ./Middlewares/ST/STM32_USB_Device_Library/Core/Src/usbd_ioreq.o
 .debug_frame   0x00004000       0x2c ./USB_DEVICE/App/usb_device.o
 .debug_frame   0x0000402c       0xbc ./USB_DEVICE/App/usbd_cdc_if.o
 .debug_frame   0x000040e8      0x160 ./USB_DEVICE/App/usbd_desc.o
 .debug_frame   0x00004248      0x4a4 ./USB_DEVICE/Target/usbd_conf.o
 .debug_frame   0x000046ec       0x20 /opt/st/stm32cubeide_1.19.0/plugins/com.st.stm32cube.ide.mcu.externaltools.gnu-tools-for-stm32.13.3.rel1.linux64_1.0.100.202509120712/tools/bin/../lib/gcc/arm-none-eabi/13.3.1/../../../../arm-none-eabi/lib/thumb/v7-m/nofp/libc_nano.a(libc_a-memset.o)
 .debug_frame   0x0000470c       0x2c /opt/st/stm32cubeide_1.19.0/plugins/com.st.stm32cube.ide.mcu.externaltools.gnu-tools-for-stm32.13.3.rel1.linux64_1.0.100.202509120712/tools/bin/../lib/gcc/arm-none-eabi/13.3.1/../../../../arm-none-eabi/lib/thumb/v7-m/nofp/libc_nano.a(libc_a-init.o)

.debug_line_str
                0x00000000       0x99
 .debug_line_str
                0x00000000       0x99 ./Core/Startup/startup_stm32f103cbtx.o
