15:16:23 **** Incremental Build of configuration Debug for project Noiseux_S ****
make -j8 all 
arm-none-eabi-gcc "../Drivers/TEP- Session 3 kit 1e/Src/Clavier_4X4.c" -mcpu=cortex-m3 -std=gnu11 -g3 -DDEBUG -DUSE_HAL_DRIVER -DSTM32F103xB -c -I../Core/Inc -I../Drivers/STM32F1xx_HAL_Driver/Inc/Legacy -I../Drivers/STM32F1xx_HAL_Driver/Inc -I../Drivers/CMSIS/Device/ST/STM32F1xx/Include -I../Drivers/CMSIS/Include -I../USB_DEVICE/App -I../USB_DEVICE/Target -I../Middlewares/ST/STM32_USB_Device_Library/Core/Inc -I../Middlewares/ST/STM32_USB_Device_Library/Class/CDC/Inc -I"/home/lesdebian/Documents/STM32-Session3/Noiseux_S/Drivers/TEP- Session 3 kit 1e" -I"/home/lesdebian/Documents/STM32-Session3/Noiseux_S/Drivers/TEP- Session 3 kit 1e/Inc" -O0 -ffunction-sections -fdata-sections -Wall -fstack-usage -fcyclomatic-complexity -MMD -MP -MF"Drivers/TEP- Session 3 kit 1e/Src/Clavier_4X4.d" -MT"Drivers/TEP- Session 3 kit 1e/Src/Clavier_4X4.o" --specs=nano.specs -mfloat-abi=soft -mthumb -o "Drivers/TEP- Session 3 kit 1e/Src/Clavier_4X4.o"
arm-none-eabi-gcc -o "Noiseux_S.elf" @"objects.list"   -mcpu=cortex-m3 -T"/home/lesdebian/Documents/STM32-Session3/Noiseux_S/STM32F103CBTX_FLASH.ld" --specs=nosys.specs -Wl,-Map="Noiseux_S.map" -Wl,--gc-sections -static --specs=nano.specs -mfloat-abi=soft -mthumb -Wl,--start-group -lc -lm -Wl,--end-group
Finished building target: Noiseux_S.elf
 
arm-none-eabi-size  Noiseux_S.elf 
arm-none-eabi-objdump -h -S Noiseux_S.elf  > "Noiseux_S.list"
arm-none-eabi-objcopy  -O binary Noiseux_S.elf  "Noiseux_S.bin"
   text	   data	    bss	    dec	    hex	filename
  32436	    380	   6252	  39068	   989c	Noiseux_S.elf
Finished building: default.size.stdout
 
Finished building: Noiseux_S.bin
 
Finished building: Noiseux_S.list
 
